%%TEMP/cashu_pwa/capacitor.config.ts(1,38): error TS2307: Cannot find module '@capacitor/cli' or its corresponding type declarations.
%%TEMP/cashu_pwa/src-electron/electron-main.ts(1,36): error TS2307: Cannot find module 'electron' or its corresponding type declarations.
%%TEMP/cashu_pwa/src-electron/electron-main.ts(6,26): error TS2339: Property 'platform' does not exist on type '{ env: Record<string, string | undefined>; }'.
%%TEMP/cashu_pwa/src-electron/electron-main.ts(22,40): error TS2345: Argument of type 'string | undefined' is not assignable to parameter of type 'string'.
  Type 'undefined' is not assignable to type 'string'.
%%TEMP/cashu_pwa/src/js/notify.ts(1,46): error TS2307: Cannot find module 'quasar' or its corresponding type declarations.
%%TEMP/cashu_pwa/src/js/token.ts(2,44): error TS2307: Cannot find module 'src/stores/mints' or its corresponding type declarations.
%%TEMP/cashu_pwa/src/js/token.ts(3,32): error TS2307: Cannot find module 'src/stores/proofs' or its corresponding type declarations.
%%TEMP/cashu_pwa/src/stores/camera.ts(1,29): error TS2307: Cannot find module 'pinia' or its corresponding type declarations.
%%TEMP/cashu_pwa/src/stores/camera.ts(18,12): error TS2339: Property 'camera' does not exist on type '{ closeCamera: () => void; showCamera: () => void; }'.
%%TEMP/cashu_pwa/src/stores/camera.ts(21,12): error TS2339: Property 'camera' does not exist on type '{ closeCamera: () => void; showCamera: () => void; }'.
%%TEMP/cashu_pwa/src/stores/dexie.ts(1,29): error TS2307: Cannot find module 'pinia' or its corresponding type declarations.
%%TEMP/cashu_pwa/src/stores/dexie.ts(2,30): error TS2307: Cannot find module 'dexie' or its corresponding type declarations.
%%TEMP/cashu_pwa/src/stores/dexie.ts(3,33): error TS2307: Cannot find module '@vueuse/core' or its corresponding type declarations.
%%TEMP/cashu_pwa/src/stores/dexie.ts(23,10): error TS2339: Property 'version' does not exist on type 'CashuDexie'.
%%TEMP/cashu_pwa/src/stores/dexie.ts(39,16): error TS2551: Property 'migratedToDexie' does not exist on type '{ migrateToDexie: () => Promise<void>; deleteAllTables: () => void; }'. Did you mean 'migrateToDexie'?
%%TEMP/cashu_pwa/src/stores/dexie.ts(47,14): error TS2551: Property 'migratedToDexie' does not exist on type '{ migrateToDexie: () => Promise<void>; deleteAllTables: () => void; }'. Did you mean 'migrateToDexie'?
%%TEMP/cashu_pwa/src/stores/dexie.ts(53,14): error TS2551: Property 'migratedToDexie' does not exist on type '{ migrateToDexie: () => Promise<void>; deleteAllTables: () => void; }'. Did you mean 'migrateToDexie'?
%%TEMP/cashu_pwa/src/stores/dexie.ts(71,12): error TS2551: Property 'migratedToDexie' does not exist on type '{ migrateToDexie: () => Promise<void>; deleteAllTables: () => void; }'. Did you mean 'migrateToDexie'?
%%TEMP/cashu_pwa/src/stores/invoicesWorker.ts(1,29): error TS2307: Cannot find module 'pinia' or its corresponding type declarations.
%%TEMP/cashu_pwa/src/stores/invoicesWorker.ts(3,33): error TS2307: Cannot find module '@vueuse/core' or its corresponding type declarations.
%%TEMP/cashu_pwa/src/stores/invoicesWorker.ts(42,16): error TS2339: Property 'invoiceCheckListener' does not exist on type '{ startInvoiceCheckerWorker(): void; stopInvoiceCheckerWorker(): void; addInvoiceToChecker(quote: string): void; removeInvoiceFromChecker(quote: string): void; dueTime(q: InvoiceQuote): any; processQuotes(): Promise<...>; checkPendingInvoices(): Promise<...>; }'.
%%TEMP/cashu_pwa/src/stores/invoicesWorker.ts(43,12): error TS2339: Property 'invoiceWorkerRunning' does not exist on type '{ startInvoiceCheckerWorker(): void; stopInvoiceCheckerWorker(): void; addInvoiceToChecker(quote: string): void; removeInvoiceFromChecker(quote: string): void; dueTime(q: InvoiceQuote): any; processQuotes(): Promise<...>; checkPendingInvoices(): Promise<...>; }'.
%%TEMP/cashu_pwa/src/stores/invoicesWorker.ts(44,12): error TS2339: Property 'invoiceCheckListener' does not exist on type '{ startInvoiceCheckerWorker(): void; stopInvoiceCheckerWorker(): void; addInvoiceToChecker(quote: string): void; removeInvoiceFromChecker(quote: string): void; dueTime(q: InvoiceQuote): any; processQuotes(): Promise<...>; checkPendingInvoices(): Promise<...>; }'.
%%TEMP/cashu_pwa/src/stores/invoicesWorker.ts(46,15): error TS2339: Property 'checkInterval' does not exist on type '{ startInvoiceCheckerWorker(): void; stopInvoiceCheckerWorker(): void; addInvoiceToChecker(quote: string): void; removeInvoiceFromChecker(quote: string): void; dueTime(q: InvoiceQuote): any; processQuotes(): Promise<...>; checkPendingInvoices(): Promise<...>; }'.
%%TEMP/cashu_pwa/src/stores/invoicesWorker.ts(49,16): error TS2339: Property 'invoiceCheckListener' does not exist on type '{ startInvoiceCheckerWorker(): void; stopInvoiceCheckerWorker(): void; addInvoiceToChecker(quote: string): void; removeInvoiceFromChecker(quote: string): void; dueTime(q: InvoiceQuote): any; processQuotes(): Promise<...>; checkPendingInvoices(): Promise<...>; }'.
%%TEMP/cashu_pwa/src/stores/invoicesWorker.ts(50,28): error TS2339: Property 'invoiceCheckListener' does not exist on type '{ startInvoiceCheckerWorker(): void; stopInvoiceCheckerWorker(): void; addInvoiceToChecker(quote: string): void; removeInvoiceFromChecker(quote: string): void; dueTime(q: InvoiceQuote): any; processQuotes(): Promise<...>; checkPendingInvoices(): Promise<...>; }'.
%%TEMP/cashu_pwa/src/stores/invoicesWorker.ts(51,14): error TS2339: Property 'invoiceCheckListener' does not exist on type '{ startInvoiceCheckerWorker(): void; stopInvoiceCheckerWorker(): void; addInvoiceToChecker(quote: string): void; removeInvoiceFromChecker(quote: string): void; dueTime(q: InvoiceQuote): any; processQuotes(): Promise<...>; checkPendingInvoices(): Promise<...>; }'.
%%TEMP/cashu_pwa/src/stores/invoicesWorker.ts(52,14): error TS2339: Property 'invoiceWorkerRunning' does not exist on type '{ startInvoiceCheckerWorker(): void; stopInvoiceCheckerWorker(): void; addInvoiceToChecker(quote: string): void; removeInvoiceFromChecker(quote: string): void; dueTime(q: InvoiceQuote): any; processQuotes(): Promise<...>; checkPendingInvoices(): Promise<...>; }'.
%%TEMP/cashu_pwa/src/stores/invoicesWorker.ts(56,34): error TS2339: Property 'quotes' does not exist on type '{ startInvoiceCheckerWorker(): void; stopInvoiceCheckerWorker(): void; addInvoiceToChecker(quote: string): void; removeInvoiceFromChecker(quote: string): void; dueTime(q: InvoiceQuote): any; processQuotes(): Promise<...>; checkPendingInvoices(): Promise<...>; }'.
%%TEMP/cashu_pwa/src/stores/invoicesWorker.ts(58,14): error TS2339: Property 'quotes' does not exist on type '{ startInvoiceCheckerWorker(): void; stopInvoiceCheckerWorker(): void; addInvoiceToChecker(quote: string): void; removeInvoiceFromChecker(quote: string): void; dueTime(q: InvoiceQuote): any; processQuotes(): Promise<...>; checkPendingInvoices(): Promise<...>; }'.
%%TEMP/cashu_pwa/src/stores/invoicesWorker.ts(61,16): error TS2339: Property 'quotes' does not exist on type '{ startInvoiceCheckerWorker(): void; stopInvoiceCheckerWorker(): void; addInvoiceToChecker(quote: string): void; removeInvoiceFromChecker(quote: string): void; dueTime(q: InvoiceQuote): any; processQuotes(): Promise<...>; checkPendingInvoices(): Promise<...>; }'.
%%TEMP/cashu_pwa/src/stores/invoicesWorker.ts(61,38): error TS2339: Property 'maxLength' does not exist on type '{ startInvoiceCheckerWorker(): void; stopInvoiceCheckerWorker(): void; addInvoiceToChecker(quote: string): void; removeInvoiceFromChecker(quote: string): void; dueTime(q: InvoiceQuote): any; processQuotes(): Promise<...>; checkPendingInvoices(): Promise<...>; }'.
%%TEMP/cashu_pwa/src/stores/invoicesWorker.ts(62,14): error TS2339: Property 'quotes' does not exist on type '{ startInvoiceCheckerWorker(): void; stopInvoiceCheckerWorker(): void; addInvoiceToChecker(quote: string): void; removeInvoiceFromChecker(quote: string): void; dueTime(q: InvoiceQuote): any; processQuotes(): Promise<...>; checkPendingInvoices(): Promise<...>; }'.
%%TEMP/cashu_pwa/src/stores/invoicesWorker.ts(65,12): error TS2339: Property 'quotes' does not exist on type '{ startInvoiceCheckerWorker(): void; stopInvoiceCheckerWorker(): void; addInvoiceToChecker(quote: string): void; removeInvoiceFromChecker(quote: string): void; dueTime(q: InvoiceQuote): any; processQuotes(): Promise<...>; checkPendingInvoices(): Promise<...>; }'.
%%TEMP/cashu_pwa/src/stores/invoicesWorker.ts(74,26): error TS2339: Property 'quotes' does not exist on type '{ startInvoiceCheckerWorker(): void; stopInvoiceCheckerWorker(): void; addInvoiceToChecker(quote: string): void; removeInvoiceFromChecker(quote: string): void; dueTime(q: InvoiceQuote): any; processQuotes(): Promise<...>; checkPendingInvoices(): Promise<...>; }'.
%%TEMP/cashu_pwa/src/stores/invoicesWorker.ts(76,14): error TS2339: Property 'quotes' does not exist on type '{ startInvoiceCheckerWorker(): void; stopInvoiceCheckerWorker(): void; addInvoiceToChecker(quote: string): void; removeInvoiceFromChecker(quote: string): void; dueTime(q: InvoiceQuote): any; processQuotes(): Promise<...>; checkPendingInvoices(): Promise<...>; }'.
%%TEMP/cashu_pwa/src/stores/invoicesWorker.ts(80,31): error TS2339: Property 'keepIntervalConstantForNChecks' does not exist on type '{ startInvoiceCheckerWorker(): void; stopInvoiceCheckerWorker(): void; addInvoiceToChecker(quote: string): void; removeInvoiceFromChecker(quote: string): void; dueTime(q: InvoiceQuote): any; processQuotes(): Promise<...>; checkPendingInvoices(): Promise<...>; }'.
%%TEMP/cashu_pwa/src/stores/invoicesWorker.ts(84,18): error TS2339: Property 'checkInterval' does not exist on type '{ startInvoiceCheckerWorker(): void; stopInvoiceCheckerWorker(): void; addInvoiceToChecker(quote: string): void; removeInvoiceFromChecker(quote: string): void; dueTime(q: InvoiceQuote): any; processQuotes(): Promise<...>; checkPendingInvoices(): Promise<...>; }'.
%%TEMP/cashu_pwa/src/stores/invoicesWorker.ts(85,47): error TS2339: Property 'keepIntervalConstantForNChecks' does not exist on type '{ startInvoiceCheckerWorker(): void; stopInvoiceCheckerWorker(): void; addInvoiceToChecker(quote: string): void; removeInvoiceFromChecker(quote: string): void; dueTime(q: InvoiceQuote): any; processQuotes(): Promise<...>; checkPendingInvoices(): Promise<...>; }'.
%%TEMP/cashu_pwa/src/stores/invoicesWorker.ts(86,18): error TS2339: Property 'maxInterval' does not exist on type '{ startInvoiceCheckerWorker(): void; stopInvoiceCheckerWorker(): void; addInvoiceToChecker(quote: string): void; removeInvoiceFromChecker(quote: string): void; dueTime(q: InvoiceQuote): any; processQuotes(): Promise<...>; checkPendingInvoices(): Promise<...>; }'.
%%TEMP/cashu_pwa/src/stores/invoicesWorker.ts(90,37): error TS2339: Property 'checkInterval' does not exist on type '{ startInvoiceCheckerWorker(): void; stopInvoiceCheckerWorker(): void; addInvoiceToChecker(quote: string): void; removeInvoiceFromChecker(quote: string): void; dueTime(q: InvoiceQuote): any; processQuotes(): Promise<...>; checkPendingInvoices(): Promise<...>; }'.
%%TEMP/cashu_pwa/src/stores/invoicesWorker.ts(95,12): error TS2339: Property 'quotes' does not exist on type '{ startInvoiceCheckerWorker(): void; stopInvoiceCheckerWorker(): void; addInvoiceToChecker(quote: string): void; removeInvoiceFromChecker(quote: string): void; dueTime(q: InvoiceQuote): any; processQuotes(): Promise<...>; checkPendingInvoices(): Promise<...>; }'.
%%TEMP/cashu_pwa/src/stores/invoicesWorker.ts(95,26): error TS2339: Property 'quotes' does not exist on type '{ startInvoiceCheckerWorker(): void; stopInvoiceCheckerWorker(): void; addInvoiceToChecker(quote: string): void; removeInvoiceFromChecker(quote: string): void; dueTime(q: InvoiceQuote): any; processQuotes(): Promise<...>; checkPendingInvoices(): Promise<...>; }'.
%%TEMP/cashu_pwa/src/stores/invoicesWorker.ts(95,70): error TS2339: Property 'maxAge' does not exist on type '{ startInvoiceCheckerWorker(): void; stopInvoiceCheckerWorker(): void; addInvoiceToChecker(quote: string): void; removeInvoiceFromChecker(quote: string): void; dueTime(q: InvoiceQuote): any; processQuotes(): Promise<...>; checkPendingInvoices(): Promise<...>; }'.
%%TEMP/cashu_pwa/src/stores/invoicesWorker.ts(97,16): error TS2339: Property 'quotes' does not exist on type '{ startInvoiceCheckerWorker(): void; stopInvoiceCheckerWorker(): void; addInvoiceToChecker(quote: string): void; removeInvoiceFromChecker(quote: string): void; dueTime(q: InvoiceQuote): any; processQuotes(): Promise<...>; checkPendingInvoices(): Promise<...>; }'.
%%TEMP/cashu_pwa/src/stores/invoicesWorker.ts(100,22): error TS2339: Property 'lastInvoiceCheckTime' does not exist on type '{ startInvoiceCheckerWorker(): void; stopInvoiceCheckerWorker(): void; addInvoiceToChecker(quote: string): void; removeInvoiceFromChecker(quote: string): void; dueTime(q: InvoiceQuote): any; processQuotes(): Promise<...>; checkPendingInvoices(): Promise<...>; }'.
%%TEMP/cashu_pwa/src/stores/invoicesWorker.ts(100,50): error TS2339: Property 'checkInterval' does not exist on type '{ startInvoiceCheckerWorker(): void; stopInvoiceCheckerWorker(): void; addInvoiceToChecker(quote: string): void; removeInvoiceFromChecker(quote: string): void; dueTime(q: InvoiceQuote): any; processQuotes(): Promise<...>; checkPendingInvoices(): Promise<...>; }'.
%%TEMP/cashu_pwa/src/stores/invoicesWorker.ts(104,25): error TS2339: Property 'quotes' does not exist on type '{ startInvoiceCheckerWorker(): void; stopInvoiceCheckerWorker(): void; addInvoiceToChecker(quote: string): void; removeInvoiceFromChecker(quote: string): void; dueTime(q: InvoiceQuote): any; processQuotes(): Promise<...>; checkPendingInvoices(): Promise<...>; }'.
%%TEMP/cashu_pwa/src/stores/invoicesWorker.ts(105,24): error TS2339: Property 'quotes' does not exist on type '{ startInvoiceCheckerWorker(): void; stopInvoiceCheckerWorker(): void; addInvoiceToChecker(quote: string): void; removeInvoiceFromChecker(quote: string): void; dueTime(q: InvoiceQuote): any; processQuotes(): Promise<...>; checkPendingInvoices(): Promise<...>; }'.
%%TEMP/cashu_pwa/src/stores/invoicesWorker.ts(111,18): error TS2339: Property 'quotes' does not exist on type '{ startInvoiceCheckerWorker(): void; stopInvoiceCheckerWorker(): void; addInvoiceToChecker(quote: string): void; removeInvoiceFromChecker(quote: string): void; dueTime(q: InvoiceQuote): any; processQuotes(): Promise<...>; checkPendingInvoices(): Promise<...>; }'.
%%TEMP/cashu_pwa/src/stores/invoicesWorker.ts(116,16): error TS2339: Property 'lastInvoiceCheckTime' does not exist on type '{ startInvoiceCheckerWorker(): void; stopInvoiceCheckerWorker(): void; addInvoiceToChecker(quote: string): void; removeInvoiceFromChecker(quote: string): void; dueTime(q: InvoiceQuote): any; processQuotes(): Promise<...>; checkPendingInvoices(): Promise<...>; }'.
%%TEMP/cashu_pwa/src/stores/invoicesWorker.ts(125,14): error TS2339: Property 'lastPendingInvoiceCheck' does not exist on type '{ startInvoiceCheckerWorker(): void; stopInvoiceCheckerWorker(): void; addInvoiceToChecker(quote: string): void; removeInvoiceFromChecker(quote: string): void; dueTime(q: InvoiceQuote): any; processQuotes(): Promise<...>; checkPendingInvoices(): Promise<...>; }'.
%%TEMP/cashu_pwa/src/stores/invoicesWorker.ts(125,45): error TS2551: Property 'checkPendingInvoicesInterval' does not exist on type '{ startInvoiceCheckerWorker(): void; stopInvoiceCheckerWorker(): void; addInvoiceToChecker(quote: string): void; removeInvoiceFromChecker(quote: string): void; dueTime(q: InvoiceQuote): any; processQuotes(): Promise<...>; checkPendingInvoices(): Promise<...>; }'. Did you mean 'checkPendingInvoices'?
%%TEMP/cashu_pwa/src/stores/invoicesWorker.ts(133,50): error TS2339: Property 'oneDay' does not exist on type '{ startInvoiceCheckerWorker(): void; stopInvoiceCheckerWorker(): void; addInvoiceToChecker(quote: string): void; removeInvoiceFromChecker(quote: string): void; dueTime(q: InvoiceQuote): any; processQuotes(): Promise<...>; checkPendingInvoices(): Promise<...>; }'.
%%TEMP/cashu_pwa/src/stores/invoicesWorker.ts(135,39): error TS2339: Property 'maxQuotesToCheckOnStartup' does not exist on type '{ startInvoiceCheckerWorker(): void; stopInvoiceCheckerWorker(): void; addInvoiceToChecker(quote: string): void; removeInvoiceFromChecker(quote: string): void; dueTime(q: InvoiceQuote): any; processQuotes(): Promise<...>; checkPendingInvoices(): Promise<...>; }'.
%%TEMP/cashu_pwa/src/stores/invoicesWorker.ts(136,35): error TS2339: Property 'maxQuotesToCheckOnStartup' does not exist on type '{ startInvoiceCheckerWorker(): void; stopInvoiceCheckerWorker(): void; addInvoiceToChecker(quote: string): void; removeInvoiceFromChecker(quote: string): void; dueTime(q: InvoiceQuote): any; processQuotes(): Promise<...>; checkPendingInvoices(): Promise<...>; }'.
%%TEMP/cashu_pwa/src/stores/invoicesWorker.ts(138,12): error TS2339: Property 'lastPendingInvoiceCheck' does not exist on type '{ startInvoiceCheckerWorker(): void; stopInvoiceCheckerWorker(): void; addInvoiceToChecker(quote: string): void; removeInvoiceFromChecker(quote: string): void; dueTime(q: InvoiceQuote): any; processQuotes(): Promise<...>; checkPendingInvoices(): Promise<...>; }'.
%%TEMP/cashu_pwa/src/stores/migrations.ts(1,29): error TS2307: Cannot find module 'pinia' or its corresponding type declarations.
%%TEMP/cashu_pwa/src/stores/migrations.ts(2,33): error TS2307: Cannot find module '@vueuse/core' or its corresponding type declarations.
%%TEMP/cashu_pwa/src/stores/migrations.ts(25,17): error TS2551: Property 'migrations' does not exist on type '{ registerMigration(migration: Migration): void; runMigrations(): Promise<void>; migrateStablenutsToCash(): Promise<void>; migrateAddPrimalRelayAndEnableBackupAndClearMintRecs(): Promise<...>; initMigrations(): void; }'. Did you mean 'runMigrations'?
%%TEMP/cashu_pwa/src/stores/migrations.ts(26,14): error TS2551: Property 'migrations' does not exist on type '{ registerMigration(migration: Migration): void; runMigrations(): Promise<void>; migrateStablenutsToCash(): Promise<void>; migrateAddPrimalRelayAndEnableBackupAndClearMintRecs(): Promise<...>; initMigrations(): void; }'. Did you mean 'runMigrations'?
%%TEMP/cashu_pwa/src/stores/migrations.ts(28,14): error TS2551: Property 'migrations' does not exist on type '{ registerMigration(migration: Migration): void; runMigrations(): Promise<void>; migrateStablenutsToCash(): Promise<void>; migrateAddPrimalRelayAndEnableBackupAndClearMintRecs(): Promise<...>; initMigrations(): void; }'. Did you mean 'runMigrations'?
%%TEMP/cashu_pwa/src/stores/migrations.ts(34,38): error TS2551: Property 'migrations' does not exist on type '{ registerMigration(migration: Migration): void; runMigrations(): Promise<void>; migrateStablenutsToCash(): Promise<void>; migrateAddPrimalRelayAndEnableBackupAndClearMintRecs(): Promise<...>; initMigrations(): void; }'. Did you mean 'runMigrations'?
%%TEMP/cashu_pwa/src/stores/migrations.ts(35,33): error TS2339: Property 'currentVersion' does not exist on type '{ registerMigration(migration: Migration): void; runMigrations(): Promise<void>; migrateStablenutsToCash(): Promise<void>; migrateAddPrimalRelayAndEnableBackupAndClearMintRecs(): Promise<...>; initMigrations(): void; }'.
%%TEMP/cashu_pwa/src/stores/migrations.ts(56,18): error TS2339: Property 'currentVersion' does not exist on type '{ registerMigration(migration: Migration): void; runMigrations(): Promise<void>; migrateStablenutsToCash(): Promise<void>; migrateAddPrimalRelayAndEnableBackupAndClearMintRecs(): Promise<...>; initMigrations(): void; }'.
%%TEMP/cashu_pwa/src/stores/mintRecommendations.ts(1,29): error TS2307: Cannot find module 'pinia' or its corresponding type declarations.
%%TEMP/cashu_pwa/src/stores/mintRecommendations.ts(2,51): error TS2307: Cannot find module '@nostr-dev-kit/ndk' or its corresponding type declarations.
%%TEMP/cashu_pwa/src/stores/mintRecommendations.ts(5,33): error TS2307: Cannot find module '@vueuse/core' or its corresponding type declarations.
%%TEMP/cashu_pwa/src/stores/mintRecommendations.ts(6,19): error TS2307: Cannot find module 'dexie' or its corresponding type declarations.
%%TEMP/cashu_pwa/src/stores/mintRecommendations.ts(63,16): error TS2339: Property 'dbInitialized' does not exist on type '{ initDb: () => Promise<void>; ensureDbInitialized: () => Promise<void>; init: () => void; hydrateFromDb: () => Promise<void>; fetchMintInfos: () => Promise<void>; ... 21 more ...; clearAllDatabases: () => Promise<...>; }'.
%%TEMP/cashu_pwa/src/stores/mintRecommendations.ts(63,38): error TS2339: Property 'db' does not exist on type '{ initDb: () => Promise<void>; ensureDbInitialized: () => Promise<void>; init: () => void; hydrateFromDb: () => Promise<void>; fetchMintInfos: () => Promise<void>; ... 21 more ...; clearAllDatabases: () => Promise<...>; }'.
%%TEMP/cashu_pwa/src/stores/mintRecommendations.ts(64,12): error TS2339: Property 'db' does not exist on type '{ initDb: () => Promise<void>; ensureDbInitialized: () => Promise<void>; init: () => void; hydrateFromDb: () => Promise<void>; fetchMintInfos: () => Promise<void>; ... 21 more ...; clearAllDatabases: () => Promise<...>; }'.
%%TEMP/cashu_pwa/src/stores/mintRecommendations.ts(65,18): error TS2339: Property 'db' does not exist on type '{ initDb: () => Promise<void>; ensureDbInitialized: () => Promise<void>; init: () => void; hydrateFromDb: () => Promise<void>; fetchMintInfos: () => Promise<void>; ... 21 more ...; clearAllDatabases: () => Promise<...>; }'.
%%TEMP/cashu_pwa/src/stores/mintRecommendations.ts(66,12): error TS2339: Property 'dbInitialized' does not exist on type '{ initDb: () => Promise<void>; ensureDbInitialized: () => Promise<void>; init: () => void; hydrateFromDb: () => Promise<void>; fetchMintInfos: () => Promise<void>; ... 21 more ...; clearAllDatabases: () => Promise<...>; }'.
%%TEMP/cashu_pwa/src/stores/mintRecommendations.ts(69,17): error TS2339: Property 'dbInitialized' does not exist on type '{ initDb: () => Promise<void>; ensureDbInitialized: () => Promise<void>; init: () => void; hydrateFromDb: () => Promise<void>; fetchMintInfos: () => Promise<void>; ... 21 more ...; clearAllDatabases: () => Promise<...>; }'.
%%TEMP/cashu_pwa/src/stores/mintRecommendations.ts(69,40): error TS2339: Property 'db' does not exist on type '{ initDb: () => Promise<void>; ensureDbInitialized: () => Promise<void>; init: () => void; hydrateFromDb: () => Promise<void>; fetchMintInfos: () => Promise<void>; ... 21 more ...; clearAllDatabases: () => Promise<...>; }'.
%%TEMP/cashu_pwa/src/stores/mintRecommendations.ts(72,16): error TS2339: Property 'connected' does not exist on type '{ initDb: () => Promise<void>; ensureDbInitialized: () => Promise<void>; init: () => void; hydrateFromDb: () => Promise<void>; fetchMintInfos: () => Promise<void>; ... 21 more ...; clearAllDatabases: () => Promise<...>; }'.
%%TEMP/cashu_pwa/src/stores/mintRecommendations.ts(76,12): error TS2339: Property 'ndk' does not exist on type '{ initDb: () => Promise<void>; ensureDbInitialized: () => Promise<void>; init: () => void; hydrateFromDb: () => Promise<void>; fetchMintInfos: () => Promise<void>; ... 21 more ...; clearAllDatabases: () => Promise<...>; }'.
%%TEMP/cashu_pwa/src/stores/mintRecommendations.ts(79,12): error TS2339: Property 'ndk' does not exist on type '{ initDb: () => Promise<void>; ensureDbInitialized: () => Promise<void>; init: () => void; hydrateFromDb: () => Promise<void>; fetchMintInfos: () => Promise<void>; ... 21 more ...; clearAllDatabases: () => Promise<...>; }'.
%%TEMP/cashu_pwa/src/stores/mintRecommendations.ts(80,12): error TS2339: Property 'connected' does not exist on type '{ initDb: () => Promise<void>; ensureDbInitialized: () => Promise<void>; init: () => void; hydrateFromDb: () => Promise<void>; fetchMintInfos: () => Promise<void>; ... 21 more ...; clearAllDatabases: () => Promise<...>; }'.
%%TEMP/cashu_pwa/src/stores/mintRecommendations.ts(87,18): error TS2339: Property 'dbHydrated' does not exist on type '{ initDb: () => Promise<void>; ensureDbInitialized: () => Promise<void>; init: () => void; hydrateFromDb: () => Promise<void>; fetchMintInfos: () => Promise<void>; ... 21 more ...; clearAllDatabases: () => Promise<...>; }'.
%%TEMP/cashu_pwa/src/stores/mintRecommendations.ts(89,34): error TS2339: Property 'db' does not exist on type '{ initDb: () => Promise<void>; ensureDbInitialized: () => Promise<void>; init: () => void; hydrateFromDb: () => Promise<void>; fetchMintInfos: () => Promise<void>; ... 21 more ...; clearAllDatabases: () => Promise<...>; }'.
%%TEMP/cashu_pwa/src/stores/mintRecommendations.ts(106,16): error TS2339: Property 'urlReviews' does not exist on type '{ initDb: () => Promise<void>; ensureDbInitialized: () => Promise<void>; init: () => void; hydrateFromDb: () => Promise<void>; fetchMintInfos: () => Promise<void>; ... 21 more ...; clearAllDatabases: () => Promise<...>; }'.
%%TEMP/cashu_pwa/src/stores/mintRecommendations.ts(108,14): error TS2339: Property 'dbHydrated' does not exist on type '{ initDb: () => Promise<void>; ensureDbInitialized: () => Promise<void>; init: () => void; hydrateFromDb: () => Promise<void>; fetchMintInfos: () => Promise<void>; ... 21 more ...; clearAllDatabases: () => Promise<...>; }'.
%%TEMP/cashu_pwa/src/stores/mintRecommendations.ts(118,33): error TS2339: Property 'ndk' does not exist on type '{ initDb: () => Promise<void>; ensureDbInitialized: () => Promise<void>; init: () => void; hydrateFromDb: () => Promise<void>; fetchMintInfos: () => Promise<void>; ... 21 more ...; clearAllDatabases: () => Promise<...>; }'.
%%TEMP/cashu_pwa/src/stores/mintRecommendations.ts(130,33): error TS2339: Property 'ndk' does not exist on type '{ initDb: () => Promise<void>; ensureDbInitialized: () => Promise<void>; init: () => void; hydrateFromDb: () => Promise<void>; fetchMintInfos: () => Promise<void>; ... 21 more ...; clearAllDatabases: () => Promise<...>; }'.
%%TEMP/cashu_pwa/src/stores/mintRecommendations.ts(144,35): error TS2339: Property 'ndk' does not exist on type '{ initDb: () => Promise<void>; ensureDbInitialized: () => Promise<void>; init: () => void; hydrateFromDb: () => Promise<void>; fetchMintInfos: () => Promise<void>; ... 21 more ...; clearAllDatabases: () => Promise<...>; }'.
%%TEMP/cashu_pwa/src/stores/mintRecommendations.ts(158,35): error TS2339: Property 'ndk' does not exist on type '{ initDb: () => Promise<void>; ensureDbInitialized: () => Promise<void>; init: () => void; hydrateFromDb: () => Promise<void>; fetchMintInfos: () => Promise<void>; ... 21 more ...; clearAllDatabases: () => Promise<...>; }'.
%%TEMP/cashu_pwa/src/stores/mintRecommendations.ts(164,12): error TS2551: Property 'recommendations' does not exist on type '{ initDb: () => Promise<void>; ensureDbInitialized: () => Promise<void>; init: () => void; hydrateFromDb: () => Promise<void>; fetchMintInfos: () => Promise<void>; ... 21 more ...; clearAllDatabases: () => Promise<...>; }'. Did you mean 'clearRecommendations'?
%%TEMP/cashu_pwa/src/stores/mintRecommendations.ts(164,43): error TS2551: Property 'recommendations' does not exist on type '{ initDb: () => Promise<void>; ensureDbInitialized: () => Promise<void>; init: () => void; hydrateFromDb: () => Promise<void>; fetchMintInfos: () => Promise<void>; ... 21 more ...; clearAllDatabases: () => Promise<...>; }'. Did you mean 'clearRecommendations'?
%%TEMP/cashu_pwa/src/stores/mintRecommendations.ts(171,12): error TS2339: Property 'inflightInfo' does not exist on type '{ initDb: () => Promise<void>; ensureDbInitialized: () => Promise<void>; init: () => void; hydrateFromDb: () => Promise<void>; fetchMintInfos: () => Promise<void>; ... 21 more ...; clearAllDatabases: () => Promise<...>; }'.
%%TEMP/cashu_pwa/src/stores/mintRecommendations.ts(172,12): error TS2339: Property 'infoTimers' does not exist on type '{ initDb: () => Promise<void>; ensureDbInitialized: () => Promise<void>; init: () => void; hydrateFromDb: () => Promise<void>; fetchMintInfos: () => Promise<void>; ... 21 more ...; clearAllDatabases: () => Promise<...>; }'.
%%TEMP/cashu_pwa/src/stores/mintRecommendations.ts(173,12): error TS2339: Property 'infoTimers' does not exist on type '{ initDb: () => Promise<void>; ensureDbInitialized: () => Promise<void>; init: () => void; hydrateFromDb: () => Promise<void>; fetchMintInfos: () => Promise<void>; ... 21 more ...; clearAllDatabases: () => Promise<...>; }'.
%%TEMP/cashu_pwa/src/stores/mintRecommendations.ts(177,12): error TS2551: Property 'infoTimeoutMs' does not exist on type '{ initDb: () => Promise<void>; ensureDbInitialized: () => Promise<void>; init: () => void; hydrateFromDb: () => Promise<void>; fetchMintInfos: () => Promise<void>; ... 21 more ...; clearAllDatabases: () => Promise<...>; }'. Did you mean 'setInfoTimeoutMs'?
%%TEMP/cashu_pwa/src/stores/mintRecommendations.ts(182,19): error TS2551: Property 'recommendations' does not exist on type '{ initDb: () => Promise<void>; ensureDbInitialized: () => Promise<void>; init: () => void; hydrateFromDb: () => Promise<void>; fetchMintInfos: () => Promise<void>; ... 21 more ...; clearAllDatabases: () => Promise<...>; }'. Did you mean 'clearRecommendations'?
%%TEMP/cashu_pwa/src/stores/mintRecommendations.ts(185,16): error TS2339: Property 'subsActive' does not exist on type '{ initDb: () => Promise<void>; ensureDbInitialized: () => Promise<void>; init: () => void; hydrateFromDb: () => Promise<void>; fetchMintInfos: () => Promise<void>; ... 21 more ...; clearAllDatabases: () => Promise<...>; }'.
%%TEMP/cashu_pwa/src/stores/mintRecommendations.ts(188,29): error TS2339: Property 'ndk' does not exist on type '{ initDb: () => Promise<void>; ensureDbInitialized: () => Promise<void>; init: () => void; hydrateFromDb: () => Promise<void>; fetchMintInfos: () => Promise<void>; ... 21 more ...; clearAllDatabases: () => Promise<...>; }'.
%%TEMP/cashu_pwa/src/stores/mintRecommendations.ts(200,66): error TS2551: Property 'infoTimeoutMs' does not exist on type '{ initDb: () => Promise<void>; ensureDbInitialized: () => Promise<void>; init: () => void; hydrateFromDb: () => Promise<void>; fetchMintInfos: () => Promise<void>; ... 21 more ...; clearAllDatabases: () => Promise<...>; }'. Did you mean 'setInfoTimeoutMs'?
%%TEMP/cashu_pwa/src/stores/mintRecommendations.ts(205,31): error TS2339: Property 'ndk' does not exist on type '{ initDb: () => Promise<void>; ensureDbInitialized: () => Promise<void>; init: () => void; hydrateFromDb: () => Promise<void>; fetchMintInfos: () => Promise<void>; ... 21 more ...; clearAllDatabases: () => Promise<...>; }'.
%%TEMP/cashu_pwa/src/stores/mintRecommendations.ts(213,12): error TS2339: Property 'subsActive' does not exist on type '{ initDb: () => Promise<void>; ensureDbInitialized: () => Promise<void>; init: () => void; hydrateFromDb: () => Promise<void>; fetchMintInfos: () => Promise<void>; ... 21 more ...; clearAllDatabases: () => Promise<...>; }'.
%%TEMP/cashu_pwa/src/stores/mintRecommendations.ts(218,38): error TS2339: Property 'db' does not exist on type '{ initDb: () => Promise<void>; ensureDbInitialized: () => Promise<void>; init: () => void; hydrateFromDb: () => Promise<void>; fetchMintInfos: () => Promise<void>; ... 21 more ...; clearAllDatabases: () => Promise<...>; }'.
%%TEMP/cashu_pwa/src/stores/mintRecommendations.ts(220,31): error TS2339: Property 'httpInfoFetchIntervalSeconds' does not exist on type '{ initDb: () => Promise<void>; ensureDbInitialized: () => Promise<void>; init: () => void; hydrateFromDb: () => Promise<void>; fetchMintInfos: () => Promise<void>; ... 21 more ...; clearAllDatabases: () => Promise<...>; }'.
%%TEMP/cashu_pwa/src/stores/mintRecommendations.ts(230,18): error TS2339: Property 'inflightInfo' does not exist on type '{ initDb: () => Promise<void>; ensureDbInitialized: () => Promise<void>; init: () => void; hydrateFromDb: () => Promise<void>; fetchMintInfos: () => Promise<void>; ... 21 more ...; clearAllDatabases: () => Promise<...>; }'.
%%TEMP/cashu_pwa/src/stores/mintRecommendations.ts(231,14): error TS2339: Property 'inflightInfo' does not exist on type '{ initDb: () => Promise<void>; ensureDbInitialized: () => Promise<void>; init: () => void; hydrateFromDb: () => Promise<void>; fetchMintInfos: () => Promise<void>; ... 21 more ...; clearAllDatabases: () => Promise<...>; }'.
%%TEMP/cashu_pwa/src/stores/mintRecommendations.ts(232,38): error TS2551: Property 'infoTimeoutMs' does not exist on type '{ initDb: () => Promise<void>; ensureDbInitialized: () => Promise<void>; init: () => void; hydrateFromDb: () => Promise<void>; fetchMintInfos: () => Promise<void>; ... 21 more ...; clearAllDatabases: () => Promise<...>; }'. Did you mean 'setInfoTimeoutMs'?
%%TEMP/cashu_pwa/src/stores/mintRecommendations.ts(234,34): error TS2307: Cannot find module 'src/stores/mints' or its corresponding type declarations.
%%TEMP/cashu_pwa/src/stores/mintRecommendations.ts(237,19): error TS2339: Property 'infoTimers' does not exist on type '{ initDb: () => Promise<void>; ensureDbInitialized: () => Promise<void>; init: () => void; hydrateFromDb: () => Promise<void>; fetchMintInfos: () => Promise<void>; ... 21 more ...; clearAllDatabases: () => Promise<...>; }'.
%%TEMP/cashu_pwa/src/stores/mintRecommendations.ts(240,44): error TS2339: Property 'db' does not exist on type '{ initDb: () => Promise<void>; ensureDbInitialized: () => Promise<void>; init: () => void; hydrateFromDb: () => Promise<void>; fetchMintInfos: () => Promise<void>; ... 21 more ...; clearAllDatabases: () => Promise<...>; }'.
%%TEMP/cashu_pwa/src/stores/mintRecommendations.ts(249,27): error TS2339: Property 'db' does not exist on type '{ initDb: () => Promise<void>; ensureDbInitialized: () => Promise<void>; init: () => void; hydrateFromDb: () => Promise<void>; fetchMintInfos: () => Promise<void>; ... 21 more ...; clearAllDatabases: () => Promise<...>; }'.
%%TEMP/cashu_pwa/src/stores/mintRecommendations.ts(252,18): error TS2339: Property 'infoTimers' does not exist on type '{ initDb: () => Promise<void>; ensureDbInitialized: () => Promise<void>; init: () => void; hydrateFromDb: () => Promise<void>; fetchMintInfos: () => Promise<void>; ... 21 more ...; clearAllDatabases: () => Promise<...>; }'.
%%TEMP/cashu_pwa/src/stores/mintRecommendations.ts(254,16): error TS2339: Property 'infoTimers' does not exist on type '{ initDb: () => Promise<void>; ensureDbInitialized: () => Promise<void>; init: () => void; hydrateFromDb: () => Promise<void>; fetchMintInfos: () => Promise<void>; ... 21 more ...; clearAllDatabases: () => Promise<...>; }'.
%%TEMP/cashu_pwa/src/stores/mintRecommendations.ts(265,21): error TS2339: Property 'db' does not exist on type '{ initDb: () => Promise<void>; ensureDbInitialized: () => Promise<void>; init: () => void; hydrateFromDb: () => Promise<void>; fetchMintInfos: () => Promise<void>; ... 21 more ...; clearAllDatabases: () => Promise<...>; }'.
%%TEMP/cashu_pwa/src/stores/mintRecommendations.ts(267,14): error TS2339: Property 'httpInfoByUrl' does not exist on type '{ initDb: () => Promise<void>; ensureDbInitialized: () => Promise<void>; init: () => void; hydrateFromDb: () => Promise<void>; fetchMintInfos: () => Promise<void>; ... 21 more ...; clearAllDatabases: () => Promise<...>; }'.
%%TEMP/cashu_pwa/src/stores/mintRecommendations.ts(270,24): error TS2339: Property 'infoTimers' does not exist on type '{ initDb: () => Promise<void>; ensureDbInitialized: () => Promise<void>; init: () => void; hydrateFromDb: () => Promise<void>; fetchMintInfos: () => Promise<void>; ... 21 more ...; clearAllDatabases: () => Promise<...>; }'.
%%TEMP/cashu_pwa/src/stores/mintRecommendations.ts(272,14): error TS2339: Property 'infoTimers' does not exist on type '{ initDb: () => Promise<void>; ensureDbInitialized: () => Promise<void>; init: () => void; hydrateFromDb: () => Promise<void>; fetchMintInfos: () => Promise<void>; ... 21 more ...; clearAllDatabases: () => Promise<...>; }'.
%%TEMP/cashu_pwa/src/stores/mintRecommendations.ts(278,40): error TS2339: Property 'db' does not exist on type '{ initDb: () => Promise<void>; ensureDbInitialized: () => Promise<void>; init: () => void; hydrateFromDb: () => Promise<void>; fetchMintInfos: () => Promise<void>; ... 21 more ...; clearAllDatabases: () => Promise<...>; }'.
%%TEMP/cashu_pwa/src/stores/mintRecommendations.ts(287,23): error TS2339: Property 'db' does not exist on type '{ initDb: () => Promise<void>; ensureDbInitialized: () => Promise<void>; init: () => void; hydrateFromDb: () => Promise<void>; fetchMintInfos: () => Promise<void>; ... 21 more ...; clearAllDatabases: () => Promise<...>; }'.
%%TEMP/cashu_pwa/src/stores/mintRecommendations.ts(289,24): error TS2339: Property 'infoTimers' does not exist on type '{ initDb: () => Promise<void>; ensureDbInitialized: () => Promise<void>; init: () => void; hydrateFromDb: () => Promise<void>; fetchMintInfos: () => Promise<void>; ... 21 more ...; clearAllDatabases: () => Promise<...>; }'.
%%TEMP/cashu_pwa/src/stores/mintRecommendations.ts(291,14): error TS2339: Property 'infoTimers' does not exist on type '{ initDb: () => Promise<void>; ensureDbInitialized: () => Promise<void>; init: () => void; hydrateFromDb: () => Promise<void>; fetchMintInfos: () => Promise<void>; ... 21 more ...; clearAllDatabases: () => Promise<...>; }'.
%%TEMP/cashu_pwa/src/stores/mintRecommendations.ts(294,14): error TS2339: Property 'inflightInfo' does not exist on type '{ initDb: () => Promise<void>; ensureDbInitialized: () => Promise<void>; init: () => void; hydrateFromDb: () => Promise<void>; fetchMintInfos: () => Promise<void>; ... 21 more ...; clearAllDatabases: () => Promise<...>; }'.
%%TEMP/cashu_pwa/src/stores/mintRecommendations.ts(306,31): error TS2339: Property 'httpInfoFetchIntervalSeconds' does not exist on type '{ initDb: () => Promise<void>; ensureDbInitialized: () => Promise<void>; init: () => void; hydrateFromDb: () => Promise<void>; fetchMintInfos: () => Promise<void>; ... 21 more ...; clearAllDatabases: () => Promise<...>; }'.
%%TEMP/cashu_pwa/src/stores/mintRecommendations.ts(314,20): error TS2339: Property 'inflightInfo' does not exist on type '{ initDb: () => Promise<void>; ensureDbInitialized: () => Promise<void>; init: () => void; hydrateFromDb: () => Promise<void>; fetchMintInfos: () => Promise<void>; ... 21 more ...; clearAllDatabases: () => Promise<...>; }'.
%%TEMP/cashu_pwa/src/stores/mintRecommendations.ts(315,40): error TS2339: Property 'db' does not exist on type '{ initDb: () => Promise<void>; ensureDbInitialized: () => Promise<void>; init: () => void; hydrateFromDb: () => Promise<void>; fetchMintInfos: () => Promise<void>; ... 21 more ...; clearAllDatabases: () => Promise<...>; }'.
%%TEMP/cashu_pwa/src/stores/mintRecommendations.ts(346,27): error TS2551: Property 'recommendations' does not exist on type '{ initDb: () => Promise<void>; ensureDbInitialized: () => Promise<void>; init: () => void; hydrateFromDb: () => Promise<void>; fetchMintInfos: () => Promise<void>; ... 21 more ...; clearAllDatabases: () => Promise<...>; }'. Did you mean 'clearRecommendations'?
%%TEMP/cashu_pwa/src/stores/mintRecommendations.ts(352,19): error TS2339: Property 'httpInfoByUrl' does not exist on type '{ initDb: () => Promise<void>; ensureDbInitialized: () => Promise<void>; init: () => void; hydrateFromDb: () => Promise<void>; fetchMintInfos: () => Promise<void>; ... 21 more ...; clearAllDatabases: () => Promise<...>; }'.
%%TEMP/cashu_pwa/src/stores/mintRecommendations.ts(355,19): error TS2339: Property 'httpInfoByUrl' does not exist on type '{ initDb: () => Promise<void>; ensureDbInitialized: () => Promise<void>; init: () => void; hydrateFromDb: () => Promise<void>; fetchMintInfos: () => Promise<void>; ... 21 more ...; clearAllDatabases: () => Promise<...>; }'.
%%TEMP/cashu_pwa/src/stores/mintRecommendations.ts(375,21): error TS2339: Property 'db' does not exist on type '{ initDb: () => Promise<void>; ensureDbInitialized: () => Promise<void>; init: () => void; hydrateFromDb: () => Promise<void>; fetchMintInfos: () => Promise<void>; ... 21 more ...; clearAllDatabases: () => Promise<...>; }'.
%%TEMP/cashu_pwa/src/stores/mintRecommendations.ts(380,25): error TS2339: Property 'urlReviews' does not exist on type '{ initDb: () => Promise<void>; ensureDbInitialized: () => Promise<void>; init: () => void; hydrateFromDb: () => Promise<void>; fetchMintInfos: () => Promise<void>; ... 21 more ...; clearAllDatabases: () => Promise<...>; }'.
%%TEMP/cashu_pwa/src/stores/mintRecommendations.ts(387,12): error TS2339: Property 'urlReviews' does not exist on type '{ initDb: () => Promise<void>; ensureDbInitialized: () => Promise<void>; init: () => void; hydrateFromDb: () => Promise<void>; fetchMintInfos: () => Promise<void>; ... 21 more ...; clearAllDatabases: () => Promise<...>; }'.
%%TEMP/cashu_pwa/src/stores/mintRecommendations.ts(420,17): error TS2339: Property 'db' does not exist on type '{ initDb: () => Promise<void>; ensureDbInitialized: () => Promise<void>; init: () => void; hydrateFromDb: () => Promise<void>; fetchMintInfos: () => Promise<void>; ... 21 more ...; clearAllDatabases: () => Promise<...>; }'.
%%TEMP/cashu_pwa/src/stores/mintRecommendations.ts(421,17): error TS2339: Property 'db' does not exist on type '{ initDb: () => Promise<void>; ensureDbInitialized: () => Promise<void>; init: () => void; hydrateFromDb: () => Promise<void>; fetchMintInfos: () => Promise<void>; ... 21 more ...; clearAllDatabases: () => Promise<...>; }'.
%%TEMP/cashu_pwa/src/stores/mintRecommendations.ts(422,17): error TS2339: Property 'db' does not exist on type '{ initDb: () => Promise<void>; ensureDbInitialized: () => Promise<void>; init: () => void; hydrateFromDb: () => Promise<void>; fetchMintInfos: () => Promise<void>; ... 21 more ...; clearAllDatabases: () => Promise<...>; }'.
%%TEMP/cashu_pwa/src/stores/mintRecommendations.ts(440,14): error TS2339: Property 'httpInfoByUrl' does not exist on type '{ initDb: () => Promise<void>; ensureDbInitialized: () => Promise<void>; init: () => void; hydrateFromDb: () => Promise<void>; fetchMintInfos: () => Promise<void>; ... 21 more ...; clearAllDatabases: () => Promise<...>; }'.
%%TEMP/cashu_pwa/src/stores/mintRecommendations.ts(443,28): error TS2339: Property 'httpInfoByUrl' does not exist on type '{ initDb: () => Promise<void>; ensureDbInitialized: () => Promise<void>; init: () => void; hydrateFromDb: () => Promise<void>; fetchMintInfos: () => Promise<void>; ... 21 more ...; clearAllDatabases: () => Promise<...>; }'.
%%TEMP/cashu_pwa/src/stores/mintRecommendations.ts(460,13): error TS2353: Object literal may only specify known properties, and 'reviews' does not exist in type 'MintRecommendation'.
%%TEMP/cashu_pwa/src/stores/mintRecommendations.ts(471,14): error TS2551: Property 'recommendations' does not exist on type '{ initDb: () => Promise<void>; ensureDbInitialized: () => Promise<void>; init: () => void; hydrateFromDb: () => Promise<void>; fetchMintInfos: () => Promise<void>; ... 21 more ...; clearAllDatabases: () => Promise<...>; }'. Did you mean 'clearRecommendations'?
%%TEMP/cashu_pwa/src/stores/mintRecommendations.ts(486,21): error TS2339: Property 'db' does not exist on type '{ initDb: () => Promise<void>; ensureDbInitialized: () => Promise<void>; init: () => void; hydrateFromDb: () => Promise<void>; fetchMintInfos: () => Promise<void>; ... 21 more ...; clearAllDatabases: () => Promise<...>; }'.
%%TEMP/cashu_pwa/src/stores/mintRecommendations.ts(493,34): error TS2339: Property 'db' does not exist on type '{ initDb: () => Promise<void>; ensureDbInitialized: () => Promise<void>; init: () => void; hydrateFromDb: () => Promise<void>; fetchMintInfos: () => Promise<void>; ... 21 more ...; clearAllDatabases: () => Promise<...>; }'.
%%TEMP/cashu_pwa/src/stores/mintRecommendations.ts(509,14): error TS2339: Property 'urlReviews' does not exist on type '{ initDb: () => Promise<void>; ensureDbInitialized: () => Promise<void>; init: () => void; hydrateFromDb: () => Promise<void>; fetchMintInfos: () => Promise<void>; ... 21 more ...; clearAllDatabases: () => Promise<...>; }'.
%%TEMP/cashu_pwa/src/stores/mintRecommendations.ts(517,24): error TS2551: Property 'recommendations' does not exist on type '{ initDb: () => Promise<void>; ensureDbInitialized: () => Promise<void>; init: () => void; hydrateFromDb: () => Promise<void>; fetchMintInfos: () => Promise<void>; ... 21 more ...; clearAllDatabases: () => Promise<...>; }'. Did you mean 'clearRecommendations'?
%%TEMP/cashu_pwa/src/stores/mintRecommendations.ts(521,24): error TS2551: Property 'recommendations' does not exist on type '{ initDb: () => Promise<void>; ensureDbInitialized: () => Promise<void>; init: () => void; hydrateFromDb: () => Promise<void>; fetchMintInfos: () => Promise<void>; ... 21 more ...; clearAllDatabases: () => Promise<...>; }'. Did you mean 'clearRecommendations'?
%%TEMP/cashu_pwa/src/stores/mintRecommendations.ts(528,17): error TS2339: Property 'db' does not exist on type '{ initDb: () => Promise<void>; ensureDbInitialized: () => Promise<void>; init: () => void; hydrateFromDb: () => Promise<void>; fetchMintInfos: () => Promise<void>; ... 21 more ...; clearAllDatabases: () => Promise<...>; }'.
%%TEMP/cashu_pwa/src/stores/mintRecommendations.ts(529,17): error TS2339: Property 'db' does not exist on type '{ initDb: () => Promise<void>; ensureDbInitialized: () => Promise<void>; init: () => void; hydrateFromDb: () => Promise<void>; fetchMintInfos: () => Promise<void>; ... 21 more ...; clearAllDatabases: () => Promise<...>; }'.
%%TEMP/cashu_pwa/src/stores/mintRecommendations.ts(530,17): error TS2339: Property 'db' does not exist on type '{ initDb: () => Promise<void>; ensureDbInitialized: () => Promise<void>; init: () => void; hydrateFromDb: () => Promise<void>; fetchMintInfos: () => Promise<void>; ... 21 more ...; clearAllDatabases: () => Promise<...>; }'.
%%TEMP/cashu_pwa/src/stores/mintRecommendations.ts(533,12): error TS2339: Property 'urlReviews' does not exist on type '{ initDb: () => Promise<void>; ensureDbInitialized: () => Promise<void>; init: () => void; hydrateFromDb: () => Promise<void>; fetchMintInfos: () => Promise<void>; ... 21 more ...; clearAllDatabases: () => Promise<...>; }'.
%%TEMP/cashu_pwa/src/stores/mintRecommendations.ts(534,12): error TS2339: Property 'dbHydrated' does not exist on type '{ initDb: () => Promise<void>; ensureDbInitialized: () => Promise<void>; init: () => void; hydrateFromDb: () => Promise<void>; fetchMintInfos: () => Promise<void>; ... 21 more ...; clearAllDatabases: () => Promise<...>; }'.
%%TEMP/cashu_pwa/src/stores/mintRecommendations.ts(547,10): error TS2339: Property 'version' does not exist on type 'MintReviewsDB'.
%%TEMP/cashu_pwa/src/stores/mintRecommendations.ts(550,10): error TS2339: Property 'version' does not exist on type 'MintReviewsDB'.
%%TEMP/cashu_pwa/src/stores/mints.ts(1,46): error TS2307: Cannot find module 'pinia' or its corresponding type declarations.
%%TEMP/cashu_pwa/src/stores/mints.ts(2,33): error TS2307: Cannot find module '@vueuse/core' or its corresponding type declarations.
%%TEMP/cashu_pwa/src/stores/mints.ts(4,60): error TS2307: Cannot find module 'src/js/notify' or its corresponding type declarations.
%%TEMP/cashu_pwa/src/stores/mints.ts(6,3): error TS2305: Module '"@cashu/cashu-ts"' has no exported member 'CashuMint'.
%%TEMP/cashu_pwa/src/stores/mints.ts(16,25): error TS2307: Cannot find module 'src/stores/dexie' or its corresponding type declarations.
%%TEMP/cashu_pwa/src/stores/mints.ts(17,27): error TS2307: Cannot find module 'dexie' or its corresponding type declarations.
%%TEMP/cashu_pwa/src/stores/mints.ts(18,38): error TS2307: Cannot find module 'vue' or its corresponding type declarations.
%%TEMP/cashu_pwa/src/stores/mints.ts(20,25): error TS2307: Cannot find module 'vue-i18n' or its corresponding type declarations.
%%TEMP/cashu_pwa/src/stores/mints.ts(21,22): error TS2307: Cannot find module 'src/boot/i18n' or its corresponding type declarations.
%%TEMP/cashu_pwa/src/stores/mints.ts(24,28): error TS2307: Cannot find module '@noble/hashes/utils' or its corresponding type declarations.
%%TEMP/cashu_pwa/src/stores/mints.ts(153,19): error TS2339: Property 'mints' does not exist on type '{ multiMints({ activeUnit }: { activeUnit: any; }): any; totalUnitBalance({ activeUnit }: { activeUnit: any; }): number; activeBalance(): number; activeKeysets({ activeMintUrl, activeUnit }: { activeMintUrl: any; activeUnit: any; }): MintKeyset[]; activeKeys({ activeMintUrl, activeUnit }: { ...; }): MintKeys[]; acti...'.
%%TEMP/cashu_pwa/src/stores/mints.ts(178,35): error TS2339: Property 'mints' does not exist on type '{ multiMints({ activeUnit }: { activeUnit: any; }): any; totalUnitBalance({ activeUnit }: { activeUnit: any; }): number; activeBalance(): number; activeKeysets({ activeMintUrl, activeUnit }: { activeMintUrl: any; activeUnit: any; }): MintKeyset[]; activeKeys({ activeMintUrl, activeUnit }: { ...; }): MintKeys[]; acti...'.
%%TEMP/cashu_pwa/src/stores/mints.ts(186,12): error TS2339: Property 'uiStoreGlobal' does not exist on type '{ multiMints({ activeUnit }: { activeUnit: any; }): any; totalUnitBalance({ activeUnit }: { activeUnit: any; }): number; activeBalance(): number; activeKeysets({ activeMintUrl, activeUnit }: { activeMintUrl: any; activeUnit: any; }): MintKeyset[]; activeKeys({ activeMintUrl, activeUnit }: { ...; }): MintKeys[]; acti...'.
%%TEMP/cashu_pwa/src/stores/mints.ts(190,19): error TS2339: Property 'activeProofs' does not exist on type '{ multiMints({ activeUnit }: { activeUnit: any; }): any; totalUnitBalance({ activeUnit }: { activeUnit: any; }): number; activeBalance(): number; activeKeysets({ activeMintUrl, activeUnit }: { activeMintUrl: any; activeUnit: any; }): MintKeyset[]; activeKeys({ activeMintUrl, activeUnit }: { ...; }): MintKeys[]; acti...'.
%%TEMP/cashu_pwa/src/stores/mints.ts(195,32): error TS2339: Property 'mints' does not exist on type '{ multiMints({ activeUnit }: { activeUnit: any; }): any; totalUnitBalance({ activeUnit }: { activeUnit: any; }): number; activeBalance(): number; activeKeysets({ activeMintUrl, activeUnit }: { activeMintUrl: any; activeUnit: any; }): MintKeyset[]; activeKeys({ activeMintUrl, activeUnit }: { ...; }): MintKeys[]; acti...'.
%%TEMP/cashu_pwa/src/stores/mints.ts(204,29): error TS2339: Property 'mints' does not exist on type '{ multiMints({ activeUnit }: { activeUnit: any; }): any; totalUnitBalance({ activeUnit }: { activeUnit: any; }): number; activeBalance(): number; activeKeysets({ activeMintUrl, activeUnit }: { activeMintUrl: any; activeUnit: any; }): MintKeyset[]; activeKeys({ activeMintUrl, activeUnit }: { ...; }): MintKeys[]; acti...'.
%%TEMP/cashu_pwa/src/stores/mints.ts(214,14): error TS2339: Property 'mints' does not exist on type '{ multiMints({ activeUnit }: { activeUnit: any; }): any; totalUnitBalance({ activeUnit }: { activeUnit: any; }): number; activeBalance(): number; activeKeysets({ activeMintUrl, activeUnit }: { activeMintUrl: any; activeUnit: any; }): MintKeyset[]; activeKeys({ activeMintUrl, activeUnit }: { ...; }): MintKeys[]; acti...'.
%%TEMP/cashu_pwa/src/stores/mints.ts(220,18): error TS2339: Property 'settingsStoreGlobal' does not exist on type '{ multiMints({ activeUnit }: { activeUnit: any; }): any; totalUnitBalance({ activeUnit }: { activeUnit: any; }): number; activeBalance(): number; activeKeysets({ activeMintUrl, activeUnit }: { activeMintUrl: any; activeUnit: any; }): MintKeyset[]; activeKeys({ activeMintUrl, activeUnit }: { ...; }): MintKeys[]; acti...'.
%%TEMP/cashu_pwa/src/stores/mints.ts(247,25): error TS2339: Property 'mints' does not exist on type '{ activeMint(): MintClass; mintUnitProofs(mint: Mint, unit: string): WalletProof[]; mintUnitKeysets(mint: Mint, unit: string): MintKeyset[]; ... 18 more ...; triggerNostrBackup: () => Promise<...>; }'.
%%TEMP/cashu_pwa/src/stores/mints.ts(247,58): error TS2551: Property 'activeMintUrl' does not exist on type '{ activeMint(): MintClass; mintUnitProofs(mint: Mint, unit: string): WalletProof[]; mintUnitKeysets(mint: Mint, unit: string): MintKeyset[]; ... 18 more ...; triggerNostrBackup: () => Promise<...>; }'. Did you mean 'activateMintUrl'?
%%TEMP/cashu_pwa/src/stores/mints.ts(251,18): error TS2339: Property 'mints' does not exist on type '{ activeMint(): MintClass; mintUnitProofs(mint: Mint, unit: string): WalletProof[]; mintUnitKeysets(mint: Mint, unit: string): MintKeyset[]; ... 18 more ...; triggerNostrBackup: () => Promise<...>; }'.
%%TEMP/cashu_pwa/src/stores/mints.ts(255,37): error TS2339: Property 'mints' does not exist on type '{ activeMint(): MintClass; mintUnitProofs(mint: Mint, unit: string): WalletProof[]; mintUnitKeysets(mint: Mint, unit: string): MintKeyset[]; ... 18 more ...; triggerNostrBackup: () => Promise<...>; }'.
%%TEMP/cashu_pwa/src/stores/mints.ts(256,37): error TS2339: Property 'mints' does not exist on type '{ activeMint(): MintClass; mintUnitProofs(mint: Mint, unit: string): WalletProof[]; mintUnitKeysets(mint: Mint, unit: string): MintKeyset[]; ... 18 more ...; triggerNostrBackup: () => Promise<...>; }'.
%%TEMP/cashu_pwa/src/stores/mints.ts(273,12): error TS2551: Property 'activeUnit' does not exist on type '{ activeMint(): MintClass; mintUnitProofs(mint: Mint, unit: string): WalletProof[]; mintUnitKeysets(mint: Mint, unit: string): MintKeyset[]; ... 18 more ...; triggerNostrBackup: () => Promise<...>; }'. Did you mean 'activateUnit'?
%%TEMP/cashu_pwa/src/stores/mints.ts(274,35): error TS2551: Property 'activeUnit' does not exist on type '{ activeMint(): MintClass; mintUnitProofs(mint: Mint, unit: string): WalletProof[]; mintUnitKeysets(mint: Mint, unit: string): MintKeyset[]; ... 18 more ...; triggerNostrBackup: () => Promise<...>; }'. Did you mean 'activateUnit'?
%%TEMP/cashu_pwa/src/stores/mints.ts(275,19): error TS2551: Property 'activeUnit' does not exist on type '{ activeMint(): MintClass; mintUnitProofs(mint: Mint, unit: string): WalletProof[]; mintUnitKeysets(mint: Mint, unit: string): MintKeyset[]; ... 18 more ...; triggerNostrBackup: () => Promise<...>; }'. Did you mean 'activateUnit'?
%%TEMP/cashu_pwa/src/stores/mints.ts(281,15): error TS2551: Property 'activeUnit' does not exist on type '{ activeMint(): MintClass; mintUnitProofs(mint: Mint, unit: string): WalletProof[]; mintUnitKeysets(mint: Mint, unit: string): MintKeyset[]; ... 18 more ...; triggerNostrBackup: () => Promise<...>; }'. Did you mean 'activateUnit'?
%%TEMP/cashu_pwa/src/stores/mints.ts(282,36): error TS2551: Property 'activeUnit' does not exist on type '{ activeMint(): MintClass; mintUnitProofs(mint: Mint, unit: string): WalletProof[]; mintUnitKeysets(mint: Mint, unit: string): MintKeyset[]; ... 18 more ...; triggerNostrBackup: () => Promise<...>; }'. Did you mean 'activateUnit'?
%%TEMP/cashu_pwa/src/stores/mints.ts(284,14): error TS2551: Property 'activeUnit' does not exist on type '{ activeMint(): MintClass; mintUnitProofs(mint: Mint, unit: string): WalletProof[]; mintUnitKeysets(mint: Mint, unit: string): MintKeyset[]; ... 18 more ...; triggerNostrBackup: () => Promise<...>; }'. Did you mean 'activateUnit'?
%%TEMP/cashu_pwa/src/stores/mints.ts(288,26): error TS2339: Property 'mints' does not exist on type '{ activeMint(): MintClass; mintUnitProofs(mint: Mint, unit: string): WalletProof[]; mintUnitKeysets(mint: Mint, unit: string): MintKeyset[]; ... 18 more ...; triggerNostrBackup: () => Promise<...>; }'.
%%TEMP/cashu_pwa/src/stores/mints.ts(289,12): error TS2339: Property 'mints' does not exist on type '{ activeMint(): MintClass; mintUnitProofs(mint: Mint, unit: string): WalletProof[]; mintUnitKeysets(mint: Mint, unit: string): MintKeyset[]; ... 18 more ...; triggerNostrBackup: () => Promise<...>; }'.
%%TEMP/cashu_pwa/src/stores/mints.ts(292,25): error TS2339: Property 'mints' does not exist on type '{ activeMint(): MintClass; mintUnitProofs(mint: Mint, unit: string): WalletProof[]; mintUnitKeysets(mint: Mint, unit: string): MintKeyset[]; ... 18 more ...; triggerNostrBackup: () => Promise<...>; }'.
%%TEMP/cashu_pwa/src/stores/mints.ts(298,25): error TS2339: Property 'mints' does not exist on type '{ activeMint(): MintClass; mintUnitProofs(mint: Mint, unit: string): WalletProof[]; mintUnitKeysets(mint: Mint, unit: string): MintKeyset[]; ... 18 more ...; triggerNostrBackup: () => Promise<...>; }'.
%%TEMP/cashu_pwa/src/stores/mints.ts(298,58): error TS2551: Property 'activeMintUrl' does not exist on type '{ activeMint(): MintClass; mintUnitProofs(mint: Mint, unit: string): WalletProof[]; mintUnitKeysets(mint: Mint, unit: string): MintKeyset[]; ... 18 more ...; triggerNostrBackup: () => Promise<...>; }'. Did you mean 'activateMintUrl'?
%%TEMP/cashu_pwa/src/stores/mints.ts(315,12): error TS2339: Property 'addMintBlocking' does not exist on type '{ activeMint(): MintClass; mintUnitProofs(mint: Mint, unit: string): WalletProof[]; mintUnitKeysets(mint: Mint, unit: string): MintKeyset[]; ... 18 more ...; triggerNostrBackup: () => Promise<...>; }'.
%%TEMP/cashu_pwa/src/stores/mints.ts(336,18): error TS2339: Property 'mints' does not exist on type '{ activeMint(): MintClass; mintUnitProofs(mint: Mint, unit: string): WalletProof[]; mintUnitKeysets(mint: Mint, unit: string): MintKeyset[]; ... 18 more ...; triggerNostrBackup: () => Promise<...>; }'.
%%TEMP/cashu_pwa/src/stores/mints.ts(337,16): error TS2339: Property 'mints' does not exist on type '{ activeMint(): MintClass; mintUnitProofs(mint: Mint, unit: string): WalletProof[]; mintUnitKeysets(mint: Mint, unit: string): MintKeyset[]; ... 18 more ...; triggerNostrBackup: () => Promise<...>; }'.
%%TEMP/cashu_pwa/src/stores/mints.ts(338,25): error TS2339: Property 'mints' does not exist on type '{ activeMint(): MintClass; mintUnitProofs(mint: Mint, unit: string): WalletProof[]; mintUnitKeysets(mint: Mint, unit: string): MintKeyset[]; ... 18 more ...; triggerNostrBackup: () => Promise<...>; }'.
%%TEMP/cashu_pwa/src/stores/mints.ts(341,16): error TS2339: Property 'mints' does not exist on type '{ activeMint(): MintClass; mintUnitProofs(mint: Mint, unit: string): WalletProof[]; mintUnitKeysets(mint: Mint, unit: string): MintKeyset[]; ... 18 more ...; triggerNostrBackup: () => Promise<...>; }'.
%%TEMP/cashu_pwa/src/stores/mints.ts(345,32): error TS2339: Property 't' does not exist on type '{ activeMint(): MintClass; mintUnitProofs(mint: Mint, unit: string): WalletProof[]; mintUnitKeysets(mint: Mint, unit: string): MintKeyset[]; ... 18 more ...; triggerNostrBackup: () => Promise<...>; }'.
%%TEMP/cashu_pwa/src/stores/mints.ts(351,36): error TS2339: Property 't' does not exist on type '{ activeMint(): MintClass; mintUnitProofs(mint: Mint, unit: string): WalletProof[]; mintUnitKeysets(mint: Mint, unit: string): MintKeyset[]; ... 18 more ...; triggerNostrBackup: () => Promise<...>; }'.
%%TEMP/cashu_pwa/src/stores/mints.ts(360,14): error TS2339: Property 'mints' does not exist on type '{ activeMint(): MintClass; mintUnitProofs(mint: Mint, unit: string): WalletProof[]; mintUnitKeysets(mint: Mint, unit: string): MintKeyset[]; ... 18 more ...; triggerNostrBackup: () => Promise<...>; }'.
%%TEMP/cashu_pwa/src/stores/mints.ts(360,27): error TS2339: Property 'mints' does not exist on type '{ activeMint(): MintClass; mintUnitProofs(mint: Mint, unit: string): WalletProof[]; mintUnitKeysets(mint: Mint, unit: string): MintKeyset[]; ... 18 more ...; triggerNostrBackup: () => Promise<...>; }'.
%%TEMP/cashu_pwa/src/stores/mints.ts(363,14): error TS2339: Property 'showAddMintDialog' does not exist on type '{ activeMint(): MintClass; mintUnitProofs(mint: Mint, unit: string): WalletProof[]; mintUnitKeysets(mint: Mint, unit: string): MintKeyset[]; ... 18 more ...; triggerNostrBackup: () => Promise<...>; }'.
%%TEMP/cashu_pwa/src/stores/mints.ts(364,14): error TS2339: Property 'addMintBlocking' does not exist on type '{ activeMint(): MintClass; mintUnitProofs(mint: Mint, unit: string): WalletProof[]; mintUnitKeysets(mint: Mint, unit: string): MintKeyset[]; ... 18 more ...; triggerNostrBackup: () => Promise<...>; }'.
%%TEMP/cashu_pwa/src/stores/mints.ts(373,25): error TS2339: Property 'mints' does not exist on type '{ activeMint(): MintClass; mintUnitProofs(mint: Mint, unit: string): WalletProof[]; mintUnitKeysets(mint: Mint, unit: string): MintKeyset[]; ... 18 more ...; triggerNostrBackup: () => Promise<...>; }'.
%%TEMP/cashu_pwa/src/stores/mints.ts(381,16): error TS2339: Property 't' does not exist on type '{ activeMint(): MintClass; mintUnitProofs(mint: Mint, unit: string): WalletProof[]; mintUnitKeysets(mint: Mint, unit: string): MintKeyset[]; ... 18 more ...; triggerNostrBackup: () => Promise<...>; }'.
%%TEMP/cashu_pwa/src/stores/mints.ts(382,16): error TS2339: Property 't' does not exist on type '{ activeMint(): MintClass; mintUnitProofs(mint: Mint, unit: string): WalletProof[]; mintUnitKeysets(mint: Mint, unit: string): MintKeyset[]; ... 18 more ...; triggerNostrBackup: () => Promise<...>; }'.
%%TEMP/cashu_pwa/src/stores/mints.ts(387,25): error TS2551: Property 'activeUnit' does not exist on type '{ activeMint(): MintClass; mintUnitProofs(mint: Mint, unit: string): WalletProof[]; mintUnitKeysets(mint: Mint, unit: string): MintKeyset[]; ... 18 more ...; triggerNostrBackup: () => Promise<...>; }'. Did you mean 'activateUnit'?
%%TEMP/cashu_pwa/src/stores/mints.ts(392,25): error TS2339: Property 'mints' does not exist on type '{ activeMint(): MintClass; mintUnitProofs(mint: Mint, unit: string): WalletProof[]; mintUnitKeysets(mint: Mint, unit: string): MintKeyset[]; ... 18 more ...; triggerNostrBackup: () => Promise<...>; }'.
%%TEMP/cashu_pwa/src/stores/mints.ts(392,58): error TS2551: Property 'activeMintUrl' does not exist on type '{ activeMint(): MintClass; mintUnitProofs(mint: Mint, unit: string): WalletProof[]; mintUnitKeysets(mint: Mint, unit: string): MintKeyset[]; ... 18 more ...; triggerNostrBackup: () => Promise<...>; }'. Did you mean 'activateMintUrl'?
%%TEMP/cashu_pwa/src/stores/mints.ts(395,16): error TS2339: Property 't' does not exist on type '{ activeMint(): MintClass; mintUnitProofs(mint: Mint, unit: string): WalletProof[]; mintUnitKeysets(mint: Mint, unit: string): MintKeyset[]; ... 18 more ...; triggerNostrBackup: () => Promise<...>; }'.
%%TEMP/cashu_pwa/src/stores/mints.ts(396,16): error TS2339: Property 't' does not exist on type '{ activeMint(): MintClass; mintUnitProofs(mint: Mint, unit: string): WalletProof[]; mintUnitKeysets(mint: Mint, unit: string): MintKeyset[]; ... 18 more ...; triggerNostrBackup: () => Promise<...>; }'.
%%TEMP/cashu_pwa/src/stores/mints.ts(402,14): error TS2551: Property 'activeUnit' does not exist on type '{ activeMint(): MintClass; mintUnitProofs(mint: Mint, unit: string): WalletProof[]; mintUnitKeysets(mint: Mint, unit: string): MintKeyset[]; ... 18 more ...; triggerNostrBackup: () => Promise<...>; }'. Did you mean 'activateUnit'?
%%TEMP/cashu_pwa/src/stores/mints.ts(405,16): error TS2339: Property 't' does not exist on type '{ activeMint(): MintClass; mintUnitProofs(mint: Mint, unit: string): WalletProof[]; mintUnitKeysets(mint: Mint, unit: string): MintKeyset[]; ... 18 more ...; triggerNostrBackup: () => Promise<...>; }'.
%%TEMP/cashu_pwa/src/stores/mints.ts(406,16): error TS2339: Property 't' does not exist on type '{ activeMint(): MintClass; mintUnitProofs(mint: Mint, unit: string): WalletProof[]; mintUnitKeysets(mint: Mint, unit: string): MintKeyset[]; ... 18 more ...; triggerNostrBackup: () => Promise<...>; }'.
%%TEMP/cashu_pwa/src/stores/mints.ts(418,33): error TS2339: Property 'mints' does not exist on type '{ activeMint(): MintClass; mintUnitProofs(mint: Mint, unit: string): WalletProof[]; mintUnitKeysets(mint: Mint, unit: string): MintKeyset[]; ... 18 more ...; triggerNostrBackup: () => Promise<...>; }'.
%%TEMP/cashu_pwa/src/stores/mints.ts(423,29): error TS2551: Property 'activeMintUrl' does not exist on type '{ activeMint(): MintClass; mintUnitProofs(mint: Mint, unit: string): WalletProof[]; mintUnitKeysets(mint: Mint, unit: string): MintKeyset[]; ... 18 more ...; triggerNostrBackup: () => Promise<...>; }'. Did you mean 'activateMintUrl'?
%%TEMP/cashu_pwa/src/stores/mints.ts(432,32): error TS2551: Property 'activeMintUrl' does not exist on type '{ activeMint(): MintClass; mintUnitProofs(mint: Mint, unit: string): WalletProof[]; mintUnitKeysets(mint: Mint, unit: string): MintKeyset[]; ... 18 more ...; triggerNostrBackup: () => Promise<...>; }'. Did you mean 'activateMintUrl'?
%%TEMP/cashu_pwa/src/stores/mints.ts(438,36): error TS2339: Property 't' does not exist on type '{ activeMint(): MintClass; mintUnitProofs(mint: Mint, unit: string): WalletProof[]; mintUnitKeysets(mint: Mint, unit: string): MintKeyset[]; ... 18 more ...; triggerNostrBackup: () => Promise<...>; }'.
%%TEMP/cashu_pwa/src/stores/mints.ts(440,14): error TS2551: Property 'activeMintUrl' does not exist on type '{ activeMint(): MintClass; mintUnitProofs(mint: Mint, unit: string): WalletProof[]; mintUnitKeysets(mint: Mint, unit: string): MintKeyset[]; ... 18 more ...; triggerNostrBackup: () => Promise<...>; }'. Did you mean 'activateMintUrl'?
%%TEMP/cashu_pwa/src/stores/mints.ts(441,64): error TS2551: Property 'activeMintUrl' does not exist on type '{ activeMint(): MintClass; mintUnitProofs(mint: Mint, unit: string): WalletProof[]; mintUnitKeysets(mint: Mint, unit: string): MintKeyset[]; ... 18 more ...; triggerNostrBackup: () => Promise<...>; }'. Did you mean 'activateMintUrl'?
%%TEMP/cashu_pwa/src/stores/mints.ts(445,28): error TS2339: Property 't' does not exist on type '{ activeMint(): MintClass; mintUnitProofs(mint: Mint, unit: string): WalletProof[]; mintUnitKeysets(mint: Mint, unit: string): MintKeyset[]; ... 18 more ...; triggerNostrBackup: () => Promise<...>; }'.
%%TEMP/cashu_pwa/src/stores/mints.ts(451,16): error TS2339: Property 't' does not exist on type '{ activeMint(): MintClass; mintUnitProofs(mint: Mint, unit: string): WalletProof[]; mintUnitKeysets(mint: Mint, unit: string): MintKeyset[]; ... 18 more ...; triggerNostrBackup: () => Promise<...>; }'.
%%TEMP/cashu_pwa/src/stores/mints.ts(453,14): error TS2339: Property 'mints' does not exist on type '{ activeMint(): MintClass; mintUnitProofs(mint: Mint, unit: string): WalletProof[]; mintUnitKeysets(mint: Mint, unit: string): MintKeyset[]; ... 18 more ...; triggerNostrBackup: () => Promise<...>; }'.
%%TEMP/cashu_pwa/src/stores/mints.ts(461,17): error TS2339: Property 'mints' does not exist on type '{ activeMint(): MintClass; mintUnitProofs(mint: Mint, unit: string): WalletProof[]; mintUnitKeysets(mint: Mint, unit: string): MintKeyset[]; ... 18 more ...; triggerNostrBackup: () => Promise<...>; }'.
%%TEMP/cashu_pwa/src/stores/mints.ts(465,25): error TS2339: Property 'mints' does not exist on type '{ activeMint(): MintClass; mintUnitProofs(mint: Mint, unit: string): WalletProof[]; mintUnitKeysets(mint: Mint, unit: string): MintKeyset[]; ... 18 more ...; triggerNostrBackup: () => Promise<...>; }'.
%%TEMP/cashu_pwa/src/stores/mints.ts(479,12): error TS2339: Property 'mints' does not exist on type '{ activeMint(): MintClass; mintUnitProofs(mint: Mint, unit: string): WalletProof[]; mintUnitKeysets(mint: Mint, unit: string): MintKeyset[]; ... 18 more ...; triggerNostrBackup: () => Promise<...>; }'.
%%TEMP/cashu_pwa/src/stores/mints.ts(494,33): error TS2339: Property 'mints' does not exist on type '{ activeMint(): MintClass; mintUnitProofs(mint: Mint, unit: string): WalletProof[]; mintUnitKeysets(mint: Mint, unit: string): MintKeyset[]; ... 18 more ...; triggerNostrBackup: () => Promise<...>; }'.
%%TEMP/cashu_pwa/src/stores/mints.ts(513,31): error TS2339: Property 'mints' does not exist on type '{ activeMint(): MintClass; mintUnitProofs(mint: Mint, unit: string): WalletProof[]; mintUnitKeysets(mint: Mint, unit: string): MintKeyset[]; ... 18 more ...; triggerNostrBackup: () => Promise<...>; }'.
%%TEMP/cashu_pwa/src/stores/mints.ts(535,35): error TS2339: Property 't' does not exist on type '{ activeMint(): MintClass; mintUnitProofs(mint: Mint, unit: string): WalletProof[]; mintUnitKeysets(mint: Mint, unit: string): MintKeyset[]; ... 18 more ...; triggerNostrBackup: () => Promise<...>; }'.
%%TEMP/cashu_pwa/src/stores/mints.ts(550,16): error TS2339: Property 'mints' does not exist on type '{ activeMint(): MintClass; mintUnitProofs(mint: Mint, unit: string): WalletProof[]; mintUnitKeysets(mint: Mint, unit: string): MintKeyset[]; ... 18 more ...; triggerNostrBackup: () => Promise<...>; }'.
%%TEMP/cashu_pwa/src/stores/mints.ts(553,21): error TS2339: Property 'mints' does not exist on type '{ activeMint(): MintClass; mintUnitProofs(mint: Mint, unit: string): WalletProof[]; mintUnitKeysets(mint: Mint, unit: string): MintKeyset[]; ... 18 more ...; triggerNostrBackup: () => Promise<...>; }'.
%%TEMP/cashu_pwa/src/stores/mints.ts(560,18): error TS2339: Property 'mints' does not exist on type '{ activeMint(): MintClass; mintUnitProofs(mint: Mint, unit: string): WalletProof[]; mintUnitKeysets(mint: Mint, unit: string): MintKeyset[]; ... 18 more ...; triggerNostrBackup: () => Promise<...>; }'.
%%TEMP/cashu_pwa/src/stores/mints.ts(566,14): error TS2339: Property 'mints' does not exist on type '{ activeMint(): MintClass; mintUnitProofs(mint: Mint, unit: string): WalletProof[]; mintUnitKeysets(mint: Mint, unit: string): MintKeyset[]; ... 18 more ...; triggerNostrBackup: () => Promise<...>; }'.
%%TEMP/cashu_pwa/src/stores/mints.ts(569,21): error TS2339: Property 'mints' does not exist on type '{ activeMint(): MintClass; mintUnitProofs(mint: Mint, unit: string): WalletProof[]; mintUnitKeysets(mint: Mint, unit: string): MintKeyset[]; ... 18 more ...; triggerNostrBackup: () => Promise<...>; }'.
%%TEMP/cashu_pwa/src/stores/mints.ts(589,35): error TS2339: Property 'mints' does not exist on type '{ activeMint(): MintClass; mintUnitProofs(mint: Mint, unit: string): WalletProof[]; mintUnitKeysets(mint: Mint, unit: string): MintKeyset[]; ... 18 more ...; triggerNostrBackup: () => Promise<...>; }'.
%%TEMP/cashu_pwa/src/stores/mints.ts(618,12): error TS2339: Property 'mints' does not exist on type '{ activeMint(): MintClass; mintUnitProofs(mint: Mint, unit: string): WalletProof[]; mintUnitKeysets(mint: Mint, unit: string): MintKeyset[]; ... 18 more ...; triggerNostrBackup: () => Promise<...>; }'.
%%TEMP/cashu_pwa/src/stores/mints.ts(618,25): error TS2339: Property 'mints' does not exist on type '{ activeMint(): MintClass; mintUnitProofs(mint: Mint, unit: string): WalletProof[]; mintUnitKeysets(mint: Mint, unit: string): MintKeyset[]; ... 18 more ...; triggerNostrBackup: () => Promise<...>; }'.
%%TEMP/cashu_pwa/src/stores/mints.ts(619,24): error TS2551: Property 'activeMintUrl' does not exist on type '{ activeMint(): MintClass; mintUnitProofs(mint: Mint, unit: string): WalletProof[]; mintUnitKeysets(mint: Mint, unit: string): MintKeyset[]; ... 18 more ...; triggerNostrBackup: () => Promise<...>; }'. Did you mean 'activateMintUrl'?
%%TEMP/cashu_pwa/src/stores/mints.ts(620,14): error TS2551: Property 'activeMintUrl' does not exist on type '{ activeMint(): MintClass; mintUnitProofs(mint: Mint, unit: string): WalletProof[]; mintUnitKeysets(mint: Mint, unit: string): MintKeyset[]; ... 18 more ...; triggerNostrBackup: () => Promise<...>; }'. Did you mean 'activateMintUrl'?
%%TEMP/cashu_pwa/src/stores/mints.ts(623,16): error TS2339: Property 'mints' does not exist on type '{ activeMint(): MintClass; mintUnitProofs(mint: Mint, unit: string): WalletProof[]; mintUnitKeysets(mint: Mint, unit: string): MintKeyset[]; ... 18 more ...; triggerNostrBackup: () => Promise<...>; }'.
%%TEMP/cashu_pwa/src/stores/mints.ts(624,38): error TS2339: Property 'mints' does not exist on type '{ activeMint(): MintClass; mintUnitProofs(mint: Mint, unit: string): WalletProof[]; mintUnitKeysets(mint: Mint, unit: string): MintKeyset[]; ... 18 more ...; triggerNostrBackup: () => Promise<...>; }'.
%%TEMP/cashu_pwa/src/stores/mints.ts(626,26): error TS2339: Property 't' does not exist on type '{ activeMint(): MintClass; mintUnitProofs(mint: Mint, unit: string): WalletProof[]; mintUnitKeysets(mint: Mint, unit: string): MintKeyset[]; ... 18 more ...; triggerNostrBackup: () => Promise<...>; }'.
%%TEMP/cashu_pwa/src/stores/mints.ts(636,18): error TS2339: Property 't' does not exist on type '{ activeMint(): MintClass; mintUnitProofs(mint: Mint, unit: string): WalletProof[]; mintUnitKeysets(mint: Mint, unit: string): MintKeyset[]; ... 18 more ...; triggerNostrBackup: () => Promise<...>; }'.
%%TEMP/cashu_pwa/src/stores/nostr.ts(1,29): error TS2307: Cannot find module 'pinia' or its corresponding type declarations.
%%TEMP/cashu_pwa/src/stores/nostr.ts(15,8): error TS2307: Cannot find module '@nostr-dev-kit/ndk' or its corresponding type declarations.
%%TEMP/cashu_pwa/src/stores/nostr.ts(17,40): error TS2307: Cannot find module '@noble/hashes/utils' or its corresponding type declarations.
%%TEMP/cashu_pwa/src/stores/nostr.ts(20,33): error TS2307: Cannot find module '@vueuse/core' or its corresponding type declarations.
%%TEMP/cashu_pwa/src/stores/nostr.ts(117,12): error TS2339: Property 'ndk' does not exist on type '{ initNdkReadOnly: () => void; initSignerIfNotSet: () => Promise<void>; initSigner: () => Promise<void>; setSigner: (signer: NDKSigner) => void; signDummyEvent: () => Promise<NDKEvent>; ... 17 more ...; addPendingTokenToHistory: (tokenStr: string, verbose?: boolean, paymentRequestId?: string | undefined) => string |...'.
%%TEMP/cashu_pwa/src/stores/nostr.ts(117,52): error TS2339: Property 'relays' does not exist on type '{ initNdkReadOnly: () => void; initSignerIfNotSet: () => Promise<void>; initSigner: () => Promise<void>; setSigner: (signer: NDKSigner) => void; signDummyEvent: () => Promise<NDKEvent>; ... 17 more ...; addPendingTokenToHistory: (tokenStr: string, verbose?: boolean, paymentRequestId?: string | undefined) => string |...'.
%%TEMP/cashu_pwa/src/stores/nostr.ts(118,12): error TS2339: Property 'ndk' does not exist on type '{ initNdkReadOnly: () => void; initSignerIfNotSet: () => Promise<void>; initSigner: () => Promise<void>; setSigner: (signer: NDKSigner) => void; signDummyEvent: () => Promise<NDKEvent>; ... 17 more ...; addPendingTokenToHistory: (tokenStr: string, verbose?: boolean, paymentRequestId?: string | undefined) => string |...'.
%%TEMP/cashu_pwa/src/stores/nostr.ts(119,12): error TS2339: Property 'connected' does not exist on type '{ initNdkReadOnly: () => void; initSignerIfNotSet: () => Promise<void>; initSigner: () => Promise<void>; setSigner: (signer: NDKSigner) => void; signDummyEvent: () => Promise<NDKEvent>; ... 17 more ...; addPendingTokenToHistory: (tokenStr: string, verbose?: boolean, paymentRequestId?: string | undefined) => string |...'.
%%TEMP/cashu_pwa/src/stores/nostr.ts(122,17): error TS2339: Property 'initialized' does not exist on type '{ initNdkReadOnly: () => void; initSignerIfNotSet: () => Promise<void>; initSigner: () => Promise<void>; setSigner: (signer: NDKSigner) => void; signDummyEvent: () => Promise<NDKEvent>; ... 17 more ...; addPendingTokenToHistory: (tokenStr: string, verbose?: boolean, paymentRequestId?: string | undefined) => string |...'.
%%TEMP/cashu_pwa/src/stores/nostr.ts(127,16): error TS2339: Property 'signerType' does not exist on type '{ initNdkReadOnly: () => void; initSignerIfNotSet: () => Promise<void>; initSigner: () => Promise<void>; setSigner: (signer: NDKSigner) => void; signDummyEvent: () => Promise<NDKEvent>; ... 17 more ...; addPendingTokenToHistory: (tokenStr: string, verbose?: boolean, paymentRequestId?: string | undefined) => string |...'.
%%TEMP/cashu_pwa/src/stores/nostr.ts(129,23): error TS2339: Property 'signerType' does not exist on type '{ initNdkReadOnly: () => void; initSignerIfNotSet: () => Promise<void>; initSigner: () => Promise<void>; setSigner: (signer: NDKSigner) => void; signDummyEvent: () => Promise<NDKEvent>; ... 17 more ...; addPendingTokenToHistory: (tokenStr: string, verbose?: boolean, paymentRequestId?: string | undefined) => string |...'.
%%TEMP/cashu_pwa/src/stores/nostr.ts(131,23): error TS2339: Property 'signerType' does not exist on type '{ initNdkReadOnly: () => void; initSignerIfNotSet: () => Promise<void>; initSigner: () => Promise<void>; setSigner: (signer: NDKSigner) => void; signDummyEvent: () => Promise<NDKEvent>; ... 17 more ...; addPendingTokenToHistory: (tokenStr: string, verbose?: boolean, paymentRequestId?: string | undefined) => string |...'.
%%TEMP/cashu_pwa/src/stores/nostr.ts(136,12): error TS2339: Property 'initialized' does not exist on type '{ initNdkReadOnly: () => void; initSignerIfNotSet: () => Promise<void>; initSigner: () => Promise<void>; setSigner: (signer: NDKSigner) => void; signDummyEvent: () => Promise<NDKEvent>; ... 17 more ...; addPendingTokenToHistory: (tokenStr: string, verbose?: boolean, paymentRequestId?: string | undefined) => string |...'.
%%TEMP/cashu_pwa/src/stores/nostr.ts(139,12): error TS2339: Property 'signer' does not exist on type '{ initNdkReadOnly: () => void; initSignerIfNotSet: () => Promise<void>; initSigner: () => Promise<void>; setSigner: (signer: NDKSigner) => void; signDummyEvent: () => Promise<NDKEvent>; ... 17 more ...; addPendingTokenToHistory: (tokenStr: string, verbose?: boolean, paymentRequestId?: string | undefined) => string |...'.
%%TEMP/cashu_pwa/src/stores/nostr.ts(140,12): error TS2339: Property 'ndk' does not exist on type '{ initNdkReadOnly: () => void; initSignerIfNotSet: () => Promise<void>; initSigner: () => Promise<void>; setSigner: (signer: NDKSigner) => void; signDummyEvent: () => Promise<NDKEvent>; ... 17 more ...; addPendingTokenToHistory: (tokenStr: string, verbose?: boolean, paymentRequestId?: string | undefined) => string |...'.
%%TEMP/cashu_pwa/src/stores/nostr.ts(140,68): error TS2339: Property 'relays' does not exist on type '{ initNdkReadOnly: () => void; initSignerIfNotSet: () => Promise<void>; initSigner: () => Promise<void>; setSigner: (signer: NDKSigner) => void; signDummyEvent: () => Promise<NDKEvent>; ... 17 more ...; addPendingTokenToHistory: (tokenStr: string, verbose?: boolean, paymentRequestId?: string | undefined) => string |...'.
%%TEMP/cashu_pwa/src/stores/nostr.ts(146,44): error TS2339: Property 'signer' does not exist on type '{ initNdkReadOnly: () => void; initSignerIfNotSet: () => Promise<void>; initSigner: () => Promise<void>; setSigner: (signer: NDKSigner) => void; signDummyEvent: () => Promise<NDKEvent>; ... 17 more ...; addPendingTokenToHistory: (tokenStr: string, verbose?: boolean, paymentRequestId?: string | undefined) => string |...'.
%%TEMP/cashu_pwa/src/stores/nostr.ts(154,12): error TS2339: Property 'pubkey' does not exist on type '{ initNdkReadOnly: () => void; initSignerIfNotSet: () => Promise<void>; initSigner: () => Promise<void>; setSigner: (signer: NDKSigner) => void; signDummyEvent: () => Promise<NDKEvent>; ... 17 more ...; addPendingTokenToHistory: (tokenStr: string, verbose?: boolean, paymentRequestId?: string | undefined) => string |...'.
%%TEMP/cashu_pwa/src/stores/nostr.ts(168,12): error TS2339: Property 'signerType' does not exist on type '{ initNdkReadOnly: () => void; initSignerIfNotSet: () => Promise<void>; initSigner: () => Promise<void>; setSigner: (signer: NDKSigner) => void; signDummyEvent: () => Promise<NDKEvent>; ... 17 more ...; addPendingTokenToHistory: (tokenStr: string, verbose?: boolean, paymentRequestId?: string | undefined) => string |...'.
%%TEMP/cashu_pwa/src/stores/nostr.ts(173,53): error TS2339: Property 'relays' does not exist on type '{ initNdkReadOnly: () => void; initSignerIfNotSet: () => Promise<void>; initSigner: () => Promise<void>; setSigner: (signer: NDKSigner) => void; signDummyEvent: () => Promise<NDKEvent>; ... 17 more ...; addPendingTokenToHistory: (tokenStr: string, verbose?: boolean, paymentRequestId?: string | undefined) => string |...'.
%%TEMP/cashu_pwa/src/stores/nostr.ts(174,32): error TS2339: Property 'nip46Token' does not exist on type '{ initNdkReadOnly: () => void; initSignerIfNotSet: () => Promise<void>; initSigner: () => Promise<void>; setSigner: (signer: NDKSigner) => void; signDummyEvent: () => Promise<NDKEvent>; ... 17 more ...; addPendingTokenToHistory: (tokenStr: string, verbose?: boolean, paymentRequestId?: string | undefined) => string |...'.
%%TEMP/cashu_pwa/src/stores/nostr.ts(181,14): error TS2339: Property 'nip46Token' does not exist on type '{ initNdkReadOnly: () => void; initSignerIfNotSet: () => Promise<void>; initSigner: () => Promise<void>; setSigner: (signer: NDKSigner) => void; signDummyEvent: () => Promise<NDKEvent>; ... 17 more ...; addPendingTokenToHistory: (tokenStr: string, verbose?: boolean, paymentRequestId?: string | undefined) => string |...'.
%%TEMP/cashu_pwa/src/stores/nostr.ts(184,16): error TS2339: Property 'nip46Token' does not exist on type '{ initNdkReadOnly: () => void; initSignerIfNotSet: () => Promise<void>; initSigner: () => Promise<void>; setSigner: (signer: NDKSigner) => void; signDummyEvent: () => Promise<NDKEvent>; ... 17 more ...; addPendingTokenToHistory: (tokenStr: string, verbose?: boolean, paymentRequestId?: string | undefined) => string |...'.
%%TEMP/cashu_pwa/src/stores/nostr.ts(187,51): error TS2339: Property 'nip46Token' does not exist on type '{ initNdkReadOnly: () => void; initSignerIfNotSet: () => Promise<void>; initSigner: () => Promise<void>; setSigner: (signer: NDKSigner) => void; signDummyEvent: () => Promise<NDKEvent>; ... 17 more ...; addPendingTokenToHistory: (tokenStr: string, verbose?: boolean, paymentRequestId?: string | undefined) => string |...'.
%%TEMP/cashu_pwa/src/stores/nostr.ts(188,12): error TS2339: Property 'signerType' does not exist on type '{ initNdkReadOnly: () => void; initSignerIfNotSet: () => Promise<void>; initSigner: () => Promise<void>; setSigner: (signer: NDKSigner) => void; signDummyEvent: () => Promise<NDKEvent>; ... 17 more ...; addPendingTokenToHistory: (tokenStr: string, verbose?: boolean, paymentRequestId?: string | undefined) => string |...'.
%%TEMP/cashu_pwa/src/stores/nostr.ts(200,12): error TS2339: Property 'nip46Token' does not exist on type '{ initNdkReadOnly: () => void; initSignerIfNotSet: () => Promise<void>; initSigner: () => Promise<void>; setSigner: (signer: NDKSigner) => void; signDummyEvent: () => Promise<NDKEvent>; ... 17 more ...; addPendingTokenToHistory: (tokenStr: string, verbose?: boolean, paymentRequestId?: string | undefined) => string |...'.
%%TEMP/cashu_pwa/src/stores/nostr.ts(205,26): error TS2339: Property 'privateKeySignerPrivateKey' does not exist on type '{ initNdkReadOnly: () => void; initSignerIfNotSet: () => Promise<void>; initSigner: () => Promise<void>; setSigner: (signer: NDKSigner) => void; signDummyEvent: () => Promise<NDKEvent>; ... 17 more ...; addPendingTokenToHistory: (tokenStr: string, verbose?: boolean, paymentRequestId?: string | undefined) => string |...'.
%%TEMP/cashu_pwa/src/stores/nostr.ts(215,45): error TS2339: Property 'privateKeySignerPrivateKey' does not exist on type '{ initNdkReadOnly: () => void; initSignerIfNotSet: () => Promise<void>; initSigner: () => Promise<void>; setSigner: (signer: NDKSigner) => void; signDummyEvent: () => Promise<NDKEvent>; ... 17 more ...; addPendingTokenToHistory: (tokenStr: string, verbose?: boolean, paymentRequestId?: string | undefined) => string |...'.
%%TEMP/cashu_pwa/src/stores/nostr.ts(218,12): error TS2551: Property 'privateKeySigner' does not exist on type '{ initNdkReadOnly: () => void; initSignerIfNotSet: () => Promise<void>; initSigner: () => Promise<void>; setSigner: (signer: NDKSigner) => void; signDummyEvent: () => Promise<NDKEvent>; ... 17 more ...; addPendingTokenToHistory: (tokenStr: string, verbose?: boolean, paymentRequestId?: string | undefined) => string |...'. Did you mean 'initPrivateKeySigner'?
%%TEMP/cashu_pwa/src/stores/nostr.ts(219,14): error TS2339: Property 'privateKeySignerPrivateKey' does not exist on type '{ initNdkReadOnly: () => void; initSignerIfNotSet: () => Promise<void>; initSigner: () => Promise<void>; setSigner: (signer: NDKSigner) => void; signDummyEvent: () => Promise<NDKEvent>; ... 17 more ...; addPendingTokenToHistory: (tokenStr: string, verbose?: boolean, paymentRequestId?: string | undefined) => string |...'.
%%TEMP/cashu_pwa/src/stores/nostr.ts(221,12): error TS2339: Property 'privateKeySignerPrivateKey' does not exist on type '{ initNdkReadOnly: () => void; initSignerIfNotSet: () => Promise<void>; initSigner: () => Promise<void>; setSigner: (signer: NDKSigner) => void; signDummyEvent: () => Promise<NDKEvent>; ... 17 more ...; addPendingTokenToHistory: (tokenStr: string, verbose?: boolean, paymentRequestId?: string | undefined) => string |...'.
%%TEMP/cashu_pwa/src/stores/nostr.ts(222,12): error TS2339: Property 'signerType' does not exist on type '{ initNdkReadOnly: () => void; initSignerIfNotSet: () => Promise<void>; initSigner: () => Promise<void>; setSigner: (signer: NDKSigner) => void; signDummyEvent: () => Promise<NDKEvent>; ... 17 more ...; addPendingTokenToHistory: (tokenStr: string, verbose?: boolean, paymentRequestId?: string | undefined) => string |...'.
%%TEMP/cashu_pwa/src/stores/nostr.ts(223,27): error TS2551: Property 'privateKeySigner' does not exist on type '{ initNdkReadOnly: () => void; initSignerIfNotSet: () => Promise<void>; initSigner: () => Promise<void>; setSigner: (signer: NDKSigner) => void; signDummyEvent: () => Promise<NDKEvent>; ... 17 more ...; addPendingTokenToHistory: (tokenStr: string, verbose?: boolean, paymentRequestId?: string | undefined) => string |...'. Did you mean 'initPrivateKeySigner'?
%%TEMP/cashu_pwa/src/stores/nostr.ts(228,12): error TS2339: Property 'privateKeySignerPrivateKey' does not exist on type '{ initNdkReadOnly: () => void; initSignerIfNotSet: () => Promise<void>; initSigner: () => Promise<void>; setSigner: (signer: NDKSigner) => void; signDummyEvent: () => Promise<NDKEvent>; ... 17 more ...; addPendingTokenToHistory: (tokenStr: string, verbose?: boolean, paymentRequestId?: string | undefined) => string |...'.
%%TEMP/cashu_pwa/src/stores/nostr.ts(236,12): error TS2339: Property 'seedSignerPrivateKey' does not exist on type '{ initNdkReadOnly: () => void; initSignerIfNotSet: () => Promise<void>; initSigner: () => Promise<void>; setSigner: (signer: NDKSigner) => void; signDummyEvent: () => Promise<NDKEvent>; ... 17 more ...; addPendingTokenToHistory: (tokenStr: string, verbose?: boolean, paymentRequestId?: string | undefined) => string |...'.
%%TEMP/cashu_pwa/src/stores/nostr.ts(237,12): error TS2339: Property 'seedSignerPublicKey' does not exist on type '{ initNdkReadOnly: () => void; initSignerIfNotSet: () => Promise<void>; initSigner: () => Promise<void>; setSigner: (signer: NDKSigner) => void; signDummyEvent: () => Promise<NDKEvent>; ... 17 more ...; addPendingTokenToHistory: (tokenStr: string, verbose?: boolean, paymentRequestId?: string | undefined) => string |...'.
%%TEMP/cashu_pwa/src/stores/nostr.ts(238,12): error TS2551: Property 'seedSigner' does not exist on type '{ initNdkReadOnly: () => void; initSignerIfNotSet: () => Promise<void>; initSigner: () => Promise<void>; setSigner: (signer: NDKSigner) => void; signDummyEvent: () => Promise<NDKEvent>; ... 17 more ...; addPendingTokenToHistory: (tokenStr: string, verbose?: boolean, paymentRequestId?: string | undefined) => string |...'. Did you mean 'setSigner'?
%%TEMP/cashu_pwa/src/stores/nostr.ts(238,54): error TS2339: Property 'seedSignerPrivateKey' does not exist on type '{ initNdkReadOnly: () => void; initSignerIfNotSet: () => Promise<void>; initSigner: () => Promise<void>; setSigner: (signer: NDKSigner) => void; signDummyEvent: () => Promise<NDKEvent>; ... 17 more ...; addPendingTokenToHistory: (tokenStr: string, verbose?: boolean, paymentRequestId?: string | undefined) => string |...'.
%%TEMP/cashu_pwa/src/stores/nostr.ts(243,12): error TS2551: Property 'privateKeySigner' does not exist on type '{ initNdkReadOnly: () => void; initSignerIfNotSet: () => Promise<void>; initSigner: () => Promise<void>; setSigner: (signer: NDKSigner) => void; signDummyEvent: () => Promise<NDKEvent>; ... 17 more ...; addPendingTokenToHistory: (tokenStr: string, verbose?: boolean, paymentRequestId?: string | undefined) => string |...'. Did you mean 'initPrivateKeySigner'?
%%TEMP/cashu_pwa/src/stores/nostr.ts(243,36): error TS2551: Property 'seedSigner' does not exist on type '{ initNdkReadOnly: () => void; initSignerIfNotSet: () => Promise<void>; initSigner: () => Promise<void>; setSigner: (signer: NDKSigner) => void; signDummyEvent: () => Promise<NDKEvent>; ... 17 more ...; addPendingTokenToHistory: (tokenStr: string, verbose?: boolean, paymentRequestId?: string | undefined) => string |...'. Did you mean 'setSigner'?
%%TEMP/cashu_pwa/src/stores/nostr.ts(244,12): error TS2339: Property 'signerType' does not exist on type '{ initNdkReadOnly: () => void; initSignerIfNotSet: () => Promise<void>; initSigner: () => Promise<void>; setSigner: (signer: NDKSigner) => void; signDummyEvent: () => Promise<NDKEvent>; ... 17 more ...; addPendingTokenToHistory: (tokenStr: string, verbose?: boolean, paymentRequestId?: string | undefined) => string |...'.
%%TEMP/cashu_pwa/src/stores/nostr.ts(245,27): error TS2551: Property 'privateKeySigner' does not exist on type '{ initNdkReadOnly: () => void; initSignerIfNotSet: () => Promise<void>; initSigner: () => Promise<void>; setSigner: (signer: NDKSigner) => void; signDummyEvent: () => Promise<NDKEvent>; ... 17 more ...; addPendingTokenToHistory: (tokenStr: string, verbose?: boolean, paymentRequestId?: string | undefined) => string |...'. Did you mean 'initPrivateKeySigner'?
%%TEMP/cashu_pwa/src/stores/nostr.ts(246,27): error TS2339: Property 'seedSignerPublicKey' does not exist on type '{ initNdkReadOnly: () => void; initSignerIfNotSet: () => Promise<void>; initSigner: () => Promise<void>; setSigner: (signer: NDKSigner) => void; signDummyEvent: () => Promise<NDKEvent>; ... 17 more ...; addPendingTokenToHistory: (tokenStr: string, verbose?: boolean, paymentRequestId?: string | undefined) => string |...'.
%%TEMP/cashu_pwa/src/stores/nostr.ts(249,62): error TS2339: Property 'pubkey' does not exist on type '{ initNdkReadOnly: () => void; initSignerIfNotSet: () => Promise<void>; initSigner: () => Promise<void>; setSigner: (signer: NDKSigner) => void; signDummyEvent: () => Promise<NDKEvent>; ... 17 more ...; addPendingTokenToHistory: (tokenStr: string, verbose?: boolean, paymentRequestId?: string | undefined) => string |...'.
%%TEMP/cashu_pwa/src/stores/nostr.ts(250,25): error TS2339: Property 'ndk' does not exist on type '{ initNdkReadOnly: () => void; initSignerIfNotSet: () => Promise<void>; initSigner: () => Promise<void>; setSigner: (signer: NDKSigner) => void; signDummyEvent: () => Promise<NDKEvent>; ... 17 more ...; addPendingTokenToHistory: (tokenStr: string, verbose?: boolean, paymentRequestId?: string | undefined) => string |...'.
%%TEMP/cashu_pwa/src/stores/nostr.ts(262,33): error TS2339: Property 'relays' does not exist on type '{ initNdkReadOnly: () => void; initSignerIfNotSet: () => Promise<void>; initSigner: () => Promise<void>; setSigner: (signer: NDKSigner) => void; signDummyEvent: () => Promise<NDKEvent>; ... 17 more ...; addPendingTokenToHistory: (tokenStr: string, verbose?: boolean, paymentRequestId?: string | undefined) => string |...'.
%%TEMP/cashu_pwa/src/stores/nostr.ts(284,19): error TS2339: Property 'lastEventTimestamp' does not exist on type '{ initNdkReadOnly: () => void; initSignerIfNotSet: () => Promise<void>; initSigner: () => Promise<void>; setSigner: (signer: NDKSigner) => void; signDummyEvent: () => Promise<NDKEvent>; ... 17 more ...; addPendingTokenToHistory: (tokenStr: string, verbose?: boolean, paymentRequestId?: string | undefined) => string |...'.
%%TEMP/cashu_pwa/src/stores/nostr.ts(285,16): error TS2339: Property 'lastEventTimestamp' does not exist on type '{ initNdkReadOnly: () => void; initSignerIfNotSet: () => Promise<void>; initSigner: () => Promise<void>; setSigner: (signer: NDKSigner) => void; signDummyEvent: () => Promise<NDKEvent>; ... 17 more ...; addPendingTokenToHistory: (tokenStr: string, verbose?: boolean, paymentRequestId?: string | undefined) => string |...'.
%%TEMP/cashu_pwa/src/stores/nostr.ts(288,64): error TS2339: Property 'seedSignerPublicKey' does not exist on type '{ initNdkReadOnly: () => void; initSignerIfNotSet: () => Promise<void>; initSigner: () => Promise<void>; setSigner: (signer: NDKSigner) => void; signDummyEvent: () => Promise<NDKEvent>; ... 17 more ...; addPendingTokenToHistory: (tokenStr: string, verbose?: boolean, paymentRequestId?: string | undefined) => string |...'.
%%TEMP/cashu_pwa/src/stores/nostr.ts(288,98): error TS2339: Property 'lastEventTimestamp' does not exist on type '{ initNdkReadOnly: () => void; initSignerIfNotSet: () => Promise<void>; initSigner: () => Promise<void>; setSigner: (signer: NDKSigner) => void; signDummyEvent: () => Promise<NDKEvent>; ... 17 more ...; addPendingTokenToHistory: (tokenStr: string, verbose?: boolean, paymentRequestId?: string | undefined) => string |...'.
%%TEMP/cashu_pwa/src/stores/nostr.ts(290,14): error TS2339: Property 'ndk' does not exist on type '{ initNdkReadOnly: () => void; initSignerIfNotSet: () => Promise<void>; initSigner: () => Promise<void>; setSigner: (signer: NDKSigner) => void; signDummyEvent: () => Promise<NDKEvent>; ... 17 more ...; addPendingTokenToHistory: (tokenStr: string, verbose?: boolean, paymentRequestId?: string | undefined) => string |...'.
%%TEMP/cashu_pwa/src/stores/nostr.ts(291,26): error TS2339: Property 'ndk' does not exist on type '{ initNdkReadOnly: () => void; initSignerIfNotSet: () => Promise<void>; initSigner: () => Promise<void>; setSigner: (signer: NDKSigner) => void; signDummyEvent: () => Promise<NDKEvent>; ... 17 more ...; addPendingTokenToHistory: (tokenStr: string, verbose?: boolean, paymentRequestId?: string | undefined) => string |...'.
%%TEMP/cashu_pwa/src/stores/nostr.ts(294,25): error TS2339: Property 'seedSignerPublicKey' does not exist on type '{ initNdkReadOnly: () => void; initSignerIfNotSet: () => Promise<void>; initSigner: () => Promise<void>; setSigner: (signer: NDKSigner) => void; signDummyEvent: () => Promise<NDKEvent>; ... 17 more ...; addPendingTokenToHistory: (tokenStr: string, verbose?: boolean, paymentRequestId?: string | undefined) => string |...'.
%%TEMP/cashu_pwa/src/stores/nostr.ts(295,25): error TS2339: Property 'lastEventTimestamp' does not exist on type '{ initNdkReadOnly: () => void; initSignerIfNotSet: () => Promise<void>; initSigner: () => Promise<void>; setSigner: (signer: NDKSigner) => void; signDummyEvent: () => Promise<NDKEvent>; ... 17 more ...; addPendingTokenToHistory: (tokenStr: string, verbose?: boolean, paymentRequestId?: string | undefined) => string |...'.
%%TEMP/cashu_pwa/src/stores/nostr.ts(303,31): error TS2339: Property 'seedSignerPrivateKey' does not exist on type '{ initNdkReadOnly: () => void; initSignerIfNotSet: () => Promise<void>; initSigner: () => Promise<void>; setSigner: (signer: NDKSigner) => void; signDummyEvent: () => Promise<NDKEvent>; ... 17 more ...; addPendingTokenToHistory: (tokenStr: string, verbose?: boolean, paymentRequestId?: string | undefined) => string |...'.
%%TEMP/cashu_pwa/src/stores/nostr.ts(307,14): error TS2339: Property 'then' does not exist on type 'string'.
%%TEMP/cashu_pwa/src/stores/nostr.ts(311,20): error TS2339: Property 'lastEventTimestamp' does not exist on type '{ initNdkReadOnly: () => void; initSignerIfNotSet: () => Promise<void>; initSigner: () => Promise<void>; setSigner: (signer: NDKSigner) => void; signDummyEvent: () => Promise<NDKEvent>; ... 17 more ...; addPendingTokenToHistory: (tokenStr: string, verbose?: boolean, paymentRequestId?: string | undefined) => string |...'.
%%TEMP/cashu_pwa/src/stores/nostr.ts(349,29): error TS2339: Property 'seedSignerPublicKey' does not exist on type '{ initNdkReadOnly: () => void; initSignerIfNotSet: () => Promise<void>; initSigner: () => Promise<void>; setSigner: (signer: NDKSigner) => void; signDummyEvent: () => Promise<NDKEvent>; ... 17 more ...; addPendingTokenToHistory: (tokenStr: string, verbose?: boolean, paymentRequestId?: string | undefined) => string |...'.
%%TEMP/cashu_pwa/src/stores/nostr.ts(354,22): error TS2551: Property 'seedSigner' does not exist on type '{ initNdkReadOnly: () => void; initSignerIfNotSet: () => Promise<void>; initSigner: () => Promise<void>; setSigner: (signer: NDKSigner) => void; signDummyEvent: () => Promise<NDKEvent>; ... 17 more ...; addPendingTokenToHistory: (tokenStr: string, verbose?: boolean, paymentRequestId?: string | undefined) => string |...'. Did you mean 'setSigner'?
%%TEMP/cashu_pwa/src/stores/nostr.ts(355,33): error TS2339: Property 'relays' does not exist on type '{ initNdkReadOnly: () => void; initSignerIfNotSet: () => Promise<void>; initSigner: () => Promise<void>; setSigner: (signer: NDKSigner) => void; signDummyEvent: () => Promise<NDKEvent>; ... 17 more ...; addPendingTokenToHistory: (tokenStr: string, verbose?: boolean, paymentRequestId?: string | undefined) => string |...'.
%%TEMP/cashu_pwa/src/stores/nostr.ts(361,48): error TS2339: Property 'seedSignerPrivateKey' does not exist on type '{ initNdkReadOnly: () => void; initSignerIfNotSet: () => Promise<void>; initSigner: () => Promise<void>; setSigner: (signer: NDKSigner) => void; signDummyEvent: () => Promise<NDKEvent>; ... 17 more ...; addPendingTokenToHistory: (tokenStr: string, verbose?: boolean, paymentRequestId?: string | undefined) => string |...'.
%%TEMP/cashu_pwa/src/stores/nostr.ts(364,31): error TS2339: Property 'seedSignerPublicKey' does not exist on type '{ initNdkReadOnly: () => void; initSignerIfNotSet: () => Promise<void>; initSigner: () => Promise<void>; setSigner: (signer: NDKSigner) => void; signDummyEvent: () => Promise<NDKEvent>; ... 17 more ...; addPendingTokenToHistory: (tokenStr: string, verbose?: boolean, paymentRequestId?: string | undefined) => string |...'.
%%TEMP/cashu_pwa/src/stores/nostr.ts(370,43): error TS2339: Property 'relays' does not exist on type '{ initNdkReadOnly: () => void; initSignerIfNotSet: () => Promise<void>; initSigner: () => Promise<void>; setSigner: (signer: NDKSigner) => void; signDummyEvent: () => Promise<NDKEvent>; ... 17 more ...; addPendingTokenToHistory: (tokenStr: string, verbose?: boolean, paymentRequestId?: string | undefined) => string |...'.
%%TEMP/cashu_pwa/src/stores/nostr.ts(401,19): error TS2339: Property 'lastEventTimestamp' does not exist on type '{ initNdkReadOnly: () => void; initSignerIfNotSet: () => Promise<void>; initSigner: () => Promise<void>; setSigner: (signer: NDKSigner) => void; signDummyEvent: () => Promise<NDKEvent>; ... 17 more ...; addPendingTokenToHistory: (tokenStr: string, verbose?: boolean, paymentRequestId?: string | undefined) => string |...'.
%%TEMP/cashu_pwa/src/stores/nostr.ts(402,16): error TS2339: Property 'lastEventTimestamp' does not exist on type '{ initNdkReadOnly: () => void; initSignerIfNotSet: () => Promise<void>; initSigner: () => Promise<void>; setSigner: (signer: NDKSigner) => void; signDummyEvent: () => Promise<NDKEvent>; ... 17 more ...; addPendingTokenToHistory: (tokenStr: string, verbose?: boolean, paymentRequestId?: string | undefined) => string |...'.
%%TEMP/cashu_pwa/src/stores/nostr.ts(404,28): error TS2339: Property 'lastEventTimestamp' does not exist on type '{ initNdkReadOnly: () => void; initSignerIfNotSet: () => Promise<void>; initSigner: () => Promise<void>; setSigner: (signer: NDKSigner) => void; signDummyEvent: () => Promise<NDKEvent>; ... 17 more ...; addPendingTokenToHistory: (tokenStr: string, verbose?: boolean, paymentRequestId?: string | undefined) => string |...'.
%%TEMP/cashu_pwa/src/stores/nostr.ts(406,64): error TS2339: Property 'seedSignerPublicKey' does not exist on type '{ initNdkReadOnly: () => void; initSignerIfNotSet: () => Promise<void>; initSigner: () => Promise<void>; setSigner: (signer: NDKSigner) => void; signDummyEvent: () => Promise<NDKEvent>; ... 17 more ...; addPendingTokenToHistory: (tokenStr: string, verbose?: boolean, paymentRequestId?: string | undefined) => string |...'.
%%TEMP/cashu_pwa/src/stores/nostr.ts(408,14): error TS2339: Property 'ndk' does not exist on type '{ initNdkReadOnly: () => void; initSignerIfNotSet: () => Promise<void>; initSigner: () => Promise<void>; setSigner: (signer: NDKSigner) => void; signDummyEvent: () => Promise<NDKEvent>; ... 17 more ...; addPendingTokenToHistory: (tokenStr: string, verbose?: boolean, paymentRequestId?: string | undefined) => string |...'.
%%TEMP/cashu_pwa/src/stores/nostr.ts(409,26): error TS2339: Property 'ndk' does not exist on type '{ initNdkReadOnly: () => void; initSignerIfNotSet: () => Promise<void>; initSigner: () => Promise<void>; setSigner: (signer: NDKSigner) => void; signDummyEvent: () => Promise<NDKEvent>; ... 17 more ...; addPendingTokenToHistory: (tokenStr: string, verbose?: boolean, paymentRequestId?: string | undefined) => string |...'.
%%TEMP/cashu_pwa/src/stores/nostr.ts(412,25): error TS2339: Property 'seedSignerPublicKey' does not exist on type '{ initNdkReadOnly: () => void; initSignerIfNotSet: () => Promise<void>; initSigner: () => Promise<void>; setSigner: (signer: NDKSigner) => void; signDummyEvent: () => Promise<NDKEvent>; ... 17 more ...; addPendingTokenToHistory: (tokenStr: string, verbose?: boolean, paymentRequestId?: string | undefined) => string |...'.
%%TEMP/cashu_pwa/src/stores/nostr.ts(423,20): error TS2339: Property 'nip17EventIdsWeHaveSeen' does not exist on type '{ initNdkReadOnly: () => void; initSignerIfNotSet: () => Promise<void>; initSigner: () => Promise<void>; setSigner: (signer: NDKSigner) => void; signDummyEvent: () => Promise<NDKEvent>; ... 17 more ...; addPendingTokenToHistory: (tokenStr: string, verbose?: boolean, paymentRequestId?: string | undefined) => string |...'.
%%TEMP/cashu_pwa/src/stores/nostr.ts(428,18): error TS2339: Property 'nip17EventIdsWeHaveSeen' does not exist on type '{ initNdkReadOnly: () => void; initSignerIfNotSet: () => Promise<void>; initSigner: () => Promise<void>; setSigner: (signer: NDKSigner) => void; signDummyEvent: () => Promise<NDKEvent>; ... 17 more ...; addPendingTokenToHistory: (tokenStr: string, verbose?: boolean, paymentRequestId?: string | undefined) => string |...'.
%%TEMP/cashu_pwa/src/stores/nostr.ts(432,18): error TS2339: Property 'nip17EventIdsWeHaveSeen' does not exist on type '{ initNdkReadOnly: () => void; initSignerIfNotSet: () => Promise<void>; initSigner: () => Promise<void>; setSigner: (signer: NDKSigner) => void; signDummyEvent: () => Promise<NDKEvent>; ... 17 more ...; addPendingTokenToHistory: (tokenStr: string, verbose?: boolean, paymentRequestId?: string | undefined) => string |...'.
%%TEMP/cashu_pwa/src/stores/nostr.ts(432,49): error TS2339: Property 'nip17EventIdsWeHaveSeen' does not exist on type '{ initNdkReadOnly: () => void; initSignerIfNotSet: () => Promise<void>; initSigner: () => Promise<void>; setSigner: (signer: NDKSigner) => void; signDummyEvent: () => Promise<NDKEvent>; ... 17 more ...; addPendingTokenToHistory: (tokenStr: string, verbose?: boolean, paymentRequestId?: string | undefined) => string |...'.
%%TEMP/cashu_pwa/src/stores/nostr.ts(442,22): error TS2339: Property 'seedSignerPrivateKey' does not exist on type '{ initNdkReadOnly: () => void; initSignerIfNotSet: () => Promise<void>; initSigner: () => Promise<void>; setSigner: (signer: NDKSigner) => void; signDummyEvent: () => Promise<NDKEvent>; ... 17 more ...; addPendingTokenToHistory: (tokenStr: string, verbose?: boolean, paymentRequestId?: string | undefined) => string |...'.
%%TEMP/cashu_pwa/src/stores/nostr.ts(450,22): error TS2339: Property 'seedSignerPrivateKey' does not exist on type '{ initNdkReadOnly: () => void; initSignerIfNotSet: () => Promise<void>; initSigner: () => Promise<void>; setSigner: (signer: NDKSigner) => void; signDummyEvent: () => Promise<NDKEvent>; ... 17 more ...; addPendingTokenToHistory: (tokenStr: string, verbose?: boolean, paymentRequestId?: string | undefined) => string |...'.
%%TEMP/cashu_pwa/src/stores/nostr.ts(463,16): error TS2339: Property 'lastEventTimestamp' does not exist on type '{ initNdkReadOnly: () => void; initSignerIfNotSet: () => Promise<void>; initSigner: () => Promise<void>; setSigner: (signer: NDKSigner) => void; signDummyEvent: () => Promise<NDKEvent>; ... 17 more ...; addPendingTokenToHistory: (tokenStr: string, verbose?: boolean, paymentRequestId?: string | undefined) => string |...'.
%%TEMP/cashu_pwa/src/stores/nostrMintBackup.ts(1,29): error TS2307: Cannot find module 'pinia' or its corresponding type declarations.
%%TEMP/cashu_pwa/src/stores/nostrMintBackup.ts(2,33): error TS2307: Cannot find module '@vueuse/core' or its corresponding type declarations.
%%TEMP/cashu_pwa/src/stores/nostrMintBackup.ts(3,28): error TS2307: Cannot find module '@noble/hashes/utils' or its corresponding type declarations.
%%TEMP/cashu_pwa/src/stores/nostrMintBackup.ts(4,24): error TS2307: Cannot find module '@noble/hashes/sha256' or its corresponding type declarations.
%%TEMP/cashu_pwa/src/stores/nostrMintBackup.ts(11,8): error TS2307: Cannot find module '@nostr-dev-kit/ndk' or its corresponding type declarations.
%%TEMP/cashu_pwa/src/stores/nostrMintBackup.ts(102,12): error TS2339: Property 'mintBackupPrivateKey' does not exist on type '{ initializeBackupKeys(): Promise<void>; initializeBackupKeysFromMnemonic(mnemonic: string): Promise<{ privateKeyHex: string; publicKeyHex: string; }>; backupMintsToNostr(verbose?: boolean): Promise<...>; ... 8 more ...; clearDiscoveredMints(): void; }'.
%%TEMP/cashu_pwa/src/stores/nostrMintBackup.ts(103,12): error TS2339: Property 'mintBackupPublicKey' does not exist on type '{ initializeBackupKeys(): Promise<void>; initializeBackupKeysFromMnemonic(mnemonic: string): Promise<{ privateKeyHex: string; publicKeyHex: string; }>; backupMintsToNostr(verbose?: boolean): Promise<...>; ... 8 more ...; clearDiscoveredMints(): void; }'.
%%TEMP/cashu_pwa/src/stores/nostrMintBackup.ts(133,16): error TS2339: Property 'backupInProgress' does not exist on type '{ initializeBackupKeys(): Promise<void>; initializeBackupKeysFromMnemonic(mnemonic: string): Promise<{ privateKeyHex: string; publicKeyHex: string; }>; backupMintsToNostr(verbose?: boolean): Promise<...>; ... 8 more ...; clearDiscoveredMints(): void; }'.
%%TEMP/cashu_pwa/src/stores/nostrMintBackup.ts(138,12): error TS2339: Property 'backupInProgress' does not exist on type '{ initializeBackupKeys(): Promise<void>; initializeBackupKeysFromMnemonic(mnemonic: string): Promise<{ privateKeyHex: string; publicKeyHex: string; }>; backupMintsToNostr(verbose?: boolean): Promise<...>; ... 8 more ...; clearDiscoveredMints(): void; }'.
%%TEMP/cashu_pwa/src/stores/nostrMintBackup.ts(142,19): error TS2339: Property 'mintBackupPrivateKey' does not exist on type '{ initializeBackupKeys(): Promise<void>; initializeBackupKeysFromMnemonic(mnemonic: string): Promise<{ privateKeyHex: string; publicKeyHex: string; }>; backupMintsToNostr(verbose?: boolean): Promise<...>; ... 8 more ...; clearDiscoveredMints(): void; }'.
%%TEMP/cashu_pwa/src/stores/nostrMintBackup.ts(164,16): error TS2339: Property 'mintBackupPrivateKey' does not exist on type '{ initializeBackupKeys(): Promise<void>; initializeBackupKeysFromMnemonic(mnemonic: string): Promise<{ privateKeyHex: string; publicKeyHex: string; }>; backupMintsToNostr(verbose?: boolean): Promise<...>; ... 8 more ...; clearDiscoveredMints(): void; }'.
%%TEMP/cashu_pwa/src/stores/nostrMintBackup.ts(165,16): error TS2339: Property 'mintBackupPublicKey' does not exist on type '{ initializeBackupKeys(): Promise<void>; initializeBackupKeysFromMnemonic(mnemonic: string): Promise<{ privateKeyHex: string; publicKeyHex: string; }>; backupMintsToNostr(verbose?: boolean): Promise<...>; ... 8 more ...; clearDiscoveredMints(): void; }'.
%%TEMP/cashu_pwa/src/stores/nostrMintBackup.ts(175,48): error TS2339: Property 'mintBackupPrivateKey' does not exist on type '{ initializeBackupKeys(): Promise<void>; initializeBackupKeysFromMnemonic(mnemonic: string): Promise<{ privateKeyHex: string; publicKeyHex: string; }>; backupMintsToNostr(verbose?: boolean): Promise<...>; ... 8 more ...; clearDiscoveredMints(): void; }'.
%%TEMP/cashu_pwa/src/stores/nostrMintBackup.ts(189,29): error TS2339: Property 'mintBackupPublicKey' does not exist on type '{ initializeBackupKeys(): Promise<void>; initializeBackupKeysFromMnemonic(mnemonic: string): Promise<{ privateKeyHex: string; publicKeyHex: string; }>; backupMintsToNostr(verbose?: boolean): Promise<...>; ... 8 more ...; clearDiscoveredMints(): void; }'.
%%TEMP/cashu_pwa/src/stores/nostrMintBackup.ts(195,14): error TS2339: Property 'lastBackupTimestamp' does not exist on type '{ initializeBackupKeys(): Promise<void>; initializeBackupKeysFromMnemonic(mnemonic: string): Promise<{ privateKeyHex: string; publicKeyHex: string; }>; backupMintsToNostr(verbose?: boolean): Promise<...>; ... 8 more ...; clearDiscoveredMints(): void; }'.
%%TEMP/cashu_pwa/src/stores/nostrMintBackup.ts(208,14): error TS2339: Property 'backupInProgress' does not exist on type '{ initializeBackupKeys(): Promise<void>; initializeBackupKeysFromMnemonic(mnemonic: string): Promise<{ privateKeyHex: string; publicKeyHex: string; }>; backupMintsToNostr(verbose?: boolean): Promise<...>; ... 8 more ...; clearDiscoveredMints(): void; }'.
%%TEMP/cashu_pwa/src/stores/nostrMintBackup.ts(214,12): error TS2339: Property 'searchInProgress' does not exist on type '{ initializeBackupKeys(): Promise<void>; initializeBackupKeysFromMnemonic(mnemonic: string): Promise<{ privateKeyHex: string; publicKeyHex: string; }>; backupMintsToNostr(verbose?: boolean): Promise<...>; ... 8 more ...; clearDiscoveredMints(): void; }'.
%%TEMP/cashu_pwa/src/stores/nostrMintBackup.ts(215,12): error TS2551: Property 'discoveredMints' does not exist on type '{ initializeBackupKeys(): Promise<void>; initializeBackupKeysFromMnemonic(mnemonic: string): Promise<{ privateKeyHex: string; publicKeyHex: string; }>; backupMintsToNostr(verbose?: boolean): Promise<...>; ... 8 more ...; clearDiscoveredMints(): void; }'. Did you mean 'clearDiscoveredMints'?
%%TEMP/cashu_pwa/src/stores/nostrMintBackup.ts(251,15): error TS2345: Argument of type 'string' is not assignable to parameter of type 'Uint8Array<ArrayBufferLike>'.
%%TEMP/cashu_pwa/src/stores/nostrMintBackup.ts(284,14): error TS2551: Property 'discoveredMints' does not exist on type '{ initializeBackupKeys(): Promise<void>; initializeBackupKeysFromMnemonic(mnemonic: string): Promise<{ privateKeyHex: string; publicKeyHex: string; }>; backupMintsToNostr(verbose?: boolean): Promise<...>; ... 8 more ...; clearDiscoveredMints(): void; }'. Did you mean 'clearDiscoveredMints'?
%%TEMP/cashu_pwa/src/stores/nostrMintBackup.ts(300,14): error TS2339: Property 'searchInProgress' does not exist on type '{ initializeBackupKeys(): Promise<void>; initializeBackupKeysFromMnemonic(mnemonic: string): Promise<{ privateKeyHex: string; publicKeyHex: string; }>; backupMintsToNostr(verbose?: boolean): Promise<...>; ... 8 more ...; clearDiscoveredMints(): void; }'.
%%TEMP/cashu_pwa/src/stores/nostrMintBackup.ts(351,25): error TS2551: Property 'discoveredMints' does not exist on type '{ initializeBackupKeys(): Promise<void>; initializeBackupKeysFromMnemonic(mnemonic: string): Promise<{ privateKeyHex: string; publicKeyHex: string; }>; backupMintsToNostr(verbose?: boolean): Promise<...>; ... 8 more ...; clearDiscoveredMints(): void; }'. Did you mean 'clearDiscoveredMints'?
%%TEMP/cashu_pwa/src/stores/nostrMintBackup.ts(359,12): error TS2551: Property 'discoveredMints' does not exist on type '{ initializeBackupKeys(): Promise<void>; initializeBackupKeysFromMnemonic(mnemonic: string): Promise<{ privateKeyHex: string; publicKeyHex: string; }>; backupMintsToNostr(verbose?: boolean): Promise<...>; ... 8 more ...; clearDiscoveredMints(): void; }'. Did you mean 'clearDiscoveredMints'?
%%TEMP/cashu_pwa/src/stores/nostrMintBackup.ts(366,12): error TS2551: Property 'discoveredMints' does not exist on type '{ initializeBackupKeys(): Promise<void>; initializeBackupKeysFromMnemonic(mnemonic: string): Promise<{ privateKeyHex: string; publicKeyHex: string; }>; backupMintsToNostr(verbose?: boolean): Promise<...>; ... 8 more ...; clearDiscoveredMints(): void; }'. Did you mean 'clearDiscoveredMints'?
%%TEMP/cashu_pwa/src/stores/nostrMintBackup.ts(380,16): error TS2339: Property 'needsBackup' does not exist on type '{ initializeBackupKeys(): Promise<void>; initializeBackupKeysFromMnemonic(mnemonic: string): Promise<{ privateKeyHex: string; publicKeyHex: string; }>; backupMintsToNostr(verbose?: boolean): Promise<...>; ... 8 more ...; clearDiscoveredMints(): void; }'.
%%TEMP/cashu_pwa/src/stores/nostrMintBackup.ts(406,12): error TS2551: Property 'discoveredMints' does not exist on type '{ initializeBackupKeys(): Promise<void>; initializeBackupKeysFromMnemonic(mnemonic: string): Promise<{ privateKeyHex: string; publicKeyHex: string; }>; backupMintsToNostr(verbose?: boolean): Promise<...>; ... 8 more ...; clearDiscoveredMints(): void; }'. Did you mean 'clearDiscoveredMints'?
%%TEMP/cashu_pwa/src/stores/nostrUser.ts(1,29): error TS2307: Cannot find module 'pinia' or its corresponding type declarations.
%%TEMP/cashu_pwa/src/stores/nostrUser.ts(2,51): error TS2307: Cannot find module '@nostr-dev-kit/ndk' or its corresponding type declarations.
%%TEMP/cashu_pwa/src/stores/nostrUser.ts(3,33): error TS2307: Cannot find module '@vueuse/core' or its corresponding type declarations.
%%TEMP/cashu_pwa/src/stores/nostrUser.ts(5,19): error TS2307: Cannot find module 'dexie' or its corresponding type declarations.
%%TEMP/cashu_pwa/src/stores/nostrUser.ts(82,14): error TS2339: Property 'isOpen' does not exist on type 'NostrUserDB'.
%%TEMP/cashu_pwa/src/stores/nostrUser.ts(83,16): error TS2339: Property 'open' does not exist on type 'NostrUserDB'.
%%TEMP/cashu_pwa/src/stores/nostrUser.ts(86,16): error TS2339: Property 'dbInitialized' does not exist on type '{ initDb: () => Promise<void>; ensureDbInitialized: () => Promise<void>; ensureNdk: () => NDK; sleep: (ms: number) => Promise<void>; setPubkey: (pubkey: string) => void; ... 8 more ...; clearAllDatabases: () => void; }'.
%%TEMP/cashu_pwa/src/stores/nostrUser.ts(96,12): error TS2339: Property 'follows' does not exist on type '{ initDb: () => Promise<void>; ensureDbInitialized: () => Promise<void>; ensureNdk: () => NDK; sleep: (ms: number) => Promise<void>; setPubkey: (pubkey: string) => void; ... 8 more ...; clearAllDatabases: () => void; }'.
%%TEMP/cashu_pwa/src/stores/nostrUser.ts(97,12): error TS2339: Property 'wotHopsByPubkey' does not exist on type '{ initDb: () => Promise<void>; ensureDbInitialized: () => Promise<void>; ensureNdk: () => NDK; sleep: (ms: number) => Promise<void>; setPubkey: (pubkey: string) => void; ... 8 more ...; clearAllDatabases: () => void; }'.
%%TEMP/cashu_pwa/src/stores/nostrUser.ts(100,12): error TS2339: Property 'lastUpdatedAt' does not exist on type '{ initDb: () => Promise<void>; ensureDbInitialized: () => Promise<void>; ensureNdk: () => NDK; sleep: (ms: number) => Promise<void>; setPubkey: (pubkey: string) => void; ... 8 more ...; clearAllDatabases: () => void; }'.
%%TEMP/cashu_pwa/src/stores/nostrUser.ts(101,12): error TS2339: Property 'crawlCheckpointNextIndex' does not exist on type '{ initDb: () => Promise<void>; ensureDbInitialized: () => Promise<void>; ensureNdk: () => NDK; sleep: (ms: number) => Promise<void>; setPubkey: (pubkey: string) => void; ... 8 more ...; clearAllDatabases: () => void; }'.
%%TEMP/cashu_pwa/src/stores/nostrUser.ts(102,12): error TS2339: Property 'crawlCheckpointTotal' does not exist on type '{ initDb: () => Promise<void>; ensureDbInitialized: () => Promise<void>; ensureNdk: () => NDK; sleep: (ms: number) => Promise<void>; setPubkey: (pubkey: string) => void; ... 8 more ...; clearAllDatabases: () => void; }'.
%%TEMP/cashu_pwa/src/stores/nostrUser.ts(105,12): error TS2339: Property 'dbInitialized' does not exist on type '{ initDb: () => Promise<void>; ensureDbInitialized: () => Promise<void>; ensureNdk: () => NDK; sleep: (ms: number) => Promise<void>; setPubkey: (pubkey: string) => void; ... 8 more ...; clearAllDatabases: () => void; }'.
%%TEMP/cashu_pwa/src/stores/nostrUser.ts(117,12): error TS2339: Property 'pubkey' does not exist on type '{ initDb: () => Promise<void>; ensureDbInitialized: () => Promise<void>; ensureNdk: () => NDK; sleep: (ms: number) => Promise<void>; setPubkey: (pubkey: string) => void; ... 8 more ...; clearAllDatabases: () => void; }'.
%%TEMP/cashu_pwa/src/stores/nostrUser.ts(121,17): error TS2339: Property 'pubkey' does not exist on type '{ initDb: () => Promise<void>; ensureDbInitialized: () => Promise<void>; ensureNdk: () => NDK; sleep: (ms: number) => Promise<void>; setPubkey: (pubkey: string) => void; ... 8 more ...; clearAllDatabases: () => void; }'.
%%TEMP/cashu_pwa/src/stores/nostrUser.ts(125,20): error TS2339: Property 'lastUpdatedAt' does not exist on type '{ initDb: () => Promise<void>; ensureDbInitialized: () => Promise<void>; ensureNdk: () => NDK; sleep: (ms: number) => Promise<void>; setPubkey: (pubkey: string) => void; ... 8 more ...; clearAllDatabases: () => void; }'.
%%TEMP/cashu_pwa/src/stores/nostrUser.ts(125,41): error TS2339: Property 'profileRefreshIntervalSeconds' does not exist on type '{ initDb: () => Promise<void>; ensureDbInitialized: () => Promise<void>; ensureNdk: () => NDK; sleep: (ms: number) => Promise<void>; setPubkey: (pubkey: string) => void; ... 8 more ...; clearAllDatabases: () => void; }'.
%%TEMP/cashu_pwa/src/stores/nostrUser.ts(129,55): error TS2339: Property 'pubkey' does not exist on type '{ initDb: () => Promise<void>; ensureDbInitialized: () => Promise<void>; ensureNdk: () => NDK; sleep: (ms: number) => Promise<void>; setPubkey: (pubkey: string) => void; ... 8 more ...; clearAllDatabases: () => void; }'.
%%TEMP/cashu_pwa/src/stores/nostrUser.ts(133,12): error TS2339: Property 'lastUpdatedAt' does not exist on type '{ initDb: () => Promise<void>; ensureDbInitialized: () => Promise<void>; ensureNdk: () => NDK; sleep: (ms: number) => Promise<void>; setPubkey: (pubkey: string) => void; ... 8 more ...; clearAllDatabases: () => void; }'.
%%TEMP/cashu_pwa/src/stores/nostrUser.ts(137,17): error TS2339: Property 'pubkey' does not exist on type '{ initDb: () => Promise<void>; ensureDbInitialized: () => Promise<void>; ensureNdk: () => NDK; sleep: (ms: number) => Promise<void>; setPubkey: (pubkey: string) => void; ... 8 more ...; clearAllDatabases: () => void; }'.
%%TEMP/cashu_pwa/src/stores/nostrUser.ts(141,24): error TS2339: Property 'pubkey' does not exist on type '{ initDb: () => Promise<void>; ensureDbInitialized: () => Promise<void>; ensureNdk: () => NDK; sleep: (ms: number) => Promise<void>; setPubkey: (pubkey: string) => void; ... 8 more ...; clearAllDatabases: () => void; }'.
%%TEMP/cashu_pwa/src/stores/nostrUser.ts(145,69): error TS2339: Property 'pubkey' does not exist on type '{ initDb: () => Promise<void>; ensureDbInitialized: () => Promise<void>; ensureNdk: () => NDK; sleep: (ms: number) => Promise<void>; setPubkey: (pubkey: string) => void; ... 8 more ...; clearAllDatabases: () => void; }'.
%%TEMP/cashu_pwa/src/stores/nostrUser.ts(155,18): error TS2339: Property 'profile' does not exist on type '{ initDb: () => Promise<void>; ensureDbInitialized: () => Promise<void>; ensureNdk: () => NDK; sleep: (ms: number) => Promise<void>; setPubkey: (pubkey: string) => void; ... 8 more ...; clearAllDatabases: () => void; }'.
%%TEMP/cashu_pwa/src/stores/nostrUser.ts(187,17): error TS2339: Property 'pubkey' does not exist on type '{ initDb: () => Promise<void>; ensureDbInitialized: () => Promise<void>; ensureNdk: () => NDK; sleep: (ms: number) => Promise<void>; setPubkey: (pubkey: string) => void; ... 8 more ...; clearAllDatabases: () => void; }'.
%%TEMP/cashu_pwa/src/stores/nostrUser.ts(189,71): error TS2339: Property 'pubkey' does not exist on type '{ initDb: () => Promise<void>; ensureDbInitialized: () => Promise<void>; ensureNdk: () => NDK; sleep: (ms: number) => Promise<void>; setPubkey: (pubkey: string) => void; ... 8 more ...; clearAllDatabases: () => void; }'.
%%TEMP/cashu_pwa/src/stores/nostrUser.ts(190,56): error TS2339: Property 'pubkey' does not exist on type '{ initDb: () => Promise<void>; ensureDbInitialized: () => Promise<void>; ensureNdk: () => NDK; sleep: (ms: number) => Promise<void>; setPubkey: (pubkey: string) => void; ... 8 more ...; clearAllDatabases: () => void; }'.
%%TEMP/cashu_pwa/src/stores/nostrUser.ts(191,14): error TS2339: Property 'follows' does not exist on type '{ initDb: () => Promise<void>; ensureDbInitialized: () => Promise<void>; ensureNdk: () => NDK; sleep: (ms: number) => Promise<void>; setPubkey: (pubkey: string) => void; ... 8 more ...; clearAllDatabases: () => void; }'.
%%TEMP/cashu_pwa/src/stores/nostrUser.ts(193,69): error TS2339: Property 'pubkey' does not exist on type '{ initDb: () => Promise<void>; ensureDbInitialized: () => Promise<void>; ensureNdk: () => NDK; sleep: (ms: number) => Promise<void>; setPubkey: (pubkey: string) => void; ... 8 more ...; clearAllDatabases: () => void; }'.
%%TEMP/cashu_pwa/src/stores/nostrUser.ts(200,56): error TS2339: Property 'wotHopsByPubkey' does not exist on type '{ initDb: () => Promise<void>; ensureDbInitialized: () => Promise<void>; ensureNdk: () => NDK; sleep: (ms: number) => Promise<void>; setPubkey: (pubkey: string) => void; ... 8 more ...; clearAllDatabases: () => void; }'.
%%TEMP/cashu_pwa/src/stores/nostrUser.ts(202,33): error TS2339: Property 'pubkey' does not exist on type '{ initDb: () => Promise<void>; ensureDbInitialized: () => Promise<void>; ensureNdk: () => NDK; sleep: (ms: number) => Promise<void>; setPubkey: (pubkey: string) => void; ... 8 more ...; clearAllDatabases: () => void; }'.
%%TEMP/cashu_pwa/src/stores/nostrUser.ts(204,14): error TS2339: Property 'wotHopsByPubkey' does not exist on type '{ initDb: () => Promise<void>; ensureDbInitialized: () => Promise<void>; ensureNdk: () => NDK; sleep: (ms: number) => Promise<void>; setPubkey: (pubkey: string) => void; ... 8 more ...; clearAllDatabases: () => void; }'.
%%TEMP/cashu_pwa/src/stores/nostrUser.ts(217,33): error TS2339: Property 'defaultShallowWoTPubkeys' does not exist on type '{ initDb: () => Promise<void>; ensureDbInitialized: () => Promise<void>; ensureNdk: () => NDK; sleep: (ms: number) => Promise<void>; setPubkey: (pubkey: string) => void; ... 8 more ...; clearAllDatabases: () => void; }'.
%%TEMP/cashu_pwa/src/stores/nostrUser.ts(226,33): error TS2339: Property 'wotMaxHops' does not exist on type '{ initDb: () => Promise<void>; ensureDbInitialized: () => Promise<void>; ensureNdk: () => NDK; sleep: (ms: number) => Promise<void>; setPubkey: (pubkey: string) => void; ... 8 more ...; clearAllDatabases: () => void; }'.
%%TEMP/cashu_pwa/src/stores/nostrUser.ts(230,45): error TS2339: Property 'defaultWoTSeedPubkey' does not exist on type '{ initDb: () => Promise<void>; ensureDbInitialized: () => Promise<void>; ensureNdk: () => NDK; sleep: (ms: number) => Promise<void>; setPubkey: (pubkey: string) => void; ... 8 more ...; clearAllDatabases: () => void; }'.
%%TEMP/cashu_pwa/src/stores/nostrUser.ts(230,73): error TS2339: Property 'pubkey' does not exist on type '{ initDb: () => Promise<void>; ensureDbInitialized: () => Promise<void>; ensureNdk: () => NDK; sleep: (ms: number) => Promise<void>; setPubkey: (pubkey: string) => void; ... 8 more ...; clearAllDatabases: () => void; }'.
%%TEMP/cashu_pwa/src/stores/nostrUser.ts(232,16): error TS2339: Property 'wotLoading' does not exist on type '{ initDb: () => Promise<void>; ensureDbInitialized: () => Promise<void>; ensureNdk: () => NDK; sleep: (ms: number) => Promise<void>; setPubkey: (pubkey: string) => void; ... 8 more ...; clearAllDatabases: () => void; }'.
%%TEMP/cashu_pwa/src/stores/nostrUser.ts(233,12): error TS2339: Property 'wotLoading' does not exist on type '{ initDb: () => Promise<void>; ensureDbInitialized: () => Promise<void>; ensureNdk: () => NDK; sleep: (ms: number) => Promise<void>; setPubkey: (pubkey: string) => void; ... 8 more ...; clearAllDatabases: () => void; }'.
%%TEMP/cashu_pwa/src/stores/nostrUser.ts(234,12): error TS2339: Property 'wotCancelRequested' does not exist on type '{ initDb: () => Promise<void>; ensureDbInitialized: () => Promise<void>; ensureNdk: () => NDK; sleep: (ms: number) => Promise<void>; setPubkey: (pubkey: string) => void; ... 8 more ...; clearAllDatabases: () => void; }'.
%%TEMP/cashu_pwa/src/stores/nostrUser.ts(259,29): error TS2339: Property 'pubkey' does not exist on type '{ initDb: () => Promise<void>; ensureDbInitialized: () => Promise<void>; ensureNdk: () => NDK; sleep: (ms: number) => Promise<void>; setPubkey: (pubkey: string) => void; ... 8 more ...; clearAllDatabases: () => void; }'.
%%TEMP/cashu_pwa/src/stores/nostrUser.ts(260,22): error TS2339: Property 'follows' does not exist on type '{ initDb: () => Promise<void>; ensureDbInitialized: () => Promise<void>; ensureNdk: () => NDK; sleep: (ms: number) => Promise<void>; setPubkey: (pubkey: string) => void; ... 8 more ...; clearAllDatabases: () => void; }'.
%%TEMP/cashu_pwa/src/stores/nostrUser.ts(261,24): error TS2339: Property 'follows' does not exist on type '{ initDb: () => Promise<void>; ensureDbInitialized: () => Promise<void>; ensureNdk: () => NDK; sleep: (ms: number) => Promise<void>; setPubkey: (pubkey: string) => void; ... 8 more ...; clearAllDatabases: () => void; }'.
%%TEMP/cashu_pwa/src/stores/nostrUser.ts(276,14): error TS2339: Property 'crawlTotal' does not exist on type '{ initDb: () => Promise<void>; ensureDbInitialized: () => Promise<void>; ensureNdk: () => NDK; sleep: (ms: number) => Promise<void>; setPubkey: (pubkey: string) => void; ... 8 more ...; clearAllDatabases: () => void; }'.
%%TEMP/cashu_pwa/src/stores/nostrUser.ts(277,14): error TS2339: Property 'crawlProcessed' does not exist on type '{ initDb: () => Promise<void>; ensureDbInitialized: () => Promise<void>; ensureNdk: () => NDK; sleep: (ms: number) => Promise<void>; setPubkey: (pubkey: string) => void; ... 8 more ...; clearAllDatabases: () => void; }'.
%%TEMP/cashu_pwa/src/stores/nostrUser.ts(278,14): error TS2339: Property 'crawlCheckpointTotal' does not exist on type '{ initDb: () => Promise<void>; ensureDbInitialized: () => Promise<void>; ensureNdk: () => NDK; sleep: (ms: number) => Promise<void>; setPubkey: (pubkey: string) => void; ... 8 more ...; clearAllDatabases: () => void; }'.
%%TEMP/cashu_pwa/src/stores/nostrUser.ts(279,14): error TS2339: Property 'crawlCheckpointNextIndex' does not exist on type '{ initDb: () => Promise<void>; ensureDbInitialized: () => Promise<void>; ensureNdk: () => NDK; sleep: (ms: number) => Promise<void>; setPubkey: (pubkey: string) => void; ... 8 more ...; clearAllDatabases: () => void; }'.
%%TEMP/cashu_pwa/src/stores/nostrUser.ts(282,19): error TS2339: Property 'wotHopsByPubkey' does not exist on type '{ initDb: () => Promise<void>; ensureDbInitialized: () => Promise<void>; ensureNdk: () => NDK; sleep: (ms: number) => Promise<void>; setPubkey: (pubkey: string) => void; ... 8 more ...; clearAllDatabases: () => void; }'.
%%TEMP/cashu_pwa/src/stores/nostrUser.ts(287,14): error TS2339: Property 'wotHopsByPubkey' does not exist on type '{ initDb: () => Promise<void>; ensureDbInitialized: () => Promise<void>; ensureNdk: () => NDK; sleep: (ms: number) => Promise<void>; setPubkey: (pubkey: string) => void; ... 8 more ...; clearAllDatabases: () => void; }'.
%%TEMP/cashu_pwa/src/stores/nostrUser.ts(292,25): error TS2339: Property 'wotHopsByPubkey' does not exist on type '{ initDb: () => Promise<void>; ensureDbInitialized: () => Promise<void>; ensureNdk: () => NDK; sleep: (ms: number) => Promise<void>; setPubkey: (pubkey: string) => void; ... 8 more ...; clearAllDatabases: () => void; }'.
%%TEMP/cashu_pwa/src/stores/nostrUser.ts(297,13): error TS18048: 'maxHops' is possibly 'undefined'.
%%TEMP/cashu_pwa/src/stores/nostrUser.ts(301,22): error TS2339: Property 'wotCancelRequested' does not exist on type '{ initDb: () => Promise<void>; ensureDbInitialized: () => Promise<void>; ensureNdk: () => NDK; sleep: (ms: number) => Promise<void>; setPubkey: (pubkey: string) => void; ... 8 more ...; clearAllDatabases: () => void; }'.
%%TEMP/cashu_pwa/src/stores/nostrUser.ts(308,18): error TS2339: Property 'crawlProcessed' does not exist on type '{ initDb: () => Promise<void>; ensureDbInitialized: () => Promise<void>; ensureNdk: () => NDK; sleep: (ms: number) => Promise<void>; setPubkey: (pubkey: string) => void; ... 8 more ...; clearAllDatabases: () => void; }'.
%%TEMP/cashu_pwa/src/stores/nostrUser.ts(311,18): error TS2339: Property 'crawlCheckpointNextIndex' does not exist on type '{ initDb: () => Promise<void>; ensureDbInitialized: () => Promise<void>; ensureNdk: () => NDK; sleep: (ms: number) => Promise<void>; setPubkey: (pubkey: string) => void; ... 8 more ...; clearAllDatabases: () => void; }'.
%%TEMP/cashu_pwa/src/stores/nostrUser.ts(312,22): error TS2339: Property 'crawlProcessed' does not exist on type '{ initDb: () => Promise<void>; ensureDbInitialized: () => Promise<void>; ensureNdk: () => NDK; sleep: (ms: number) => Promise<void>; setPubkey: (pubkey: string) => void; ... 8 more ...; clearAllDatabases: () => void; }'.
%%TEMP/cashu_pwa/src/stores/nostrUser.ts(315,25): error TS2339: Property 'wotHopsByPubkey' does not exist on type '{ initDb: () => Promise<void>; ensureDbInitialized: () => Promise<void>; ensureNdk: () => NDK; sleep: (ms: number) => Promise<void>; setPubkey: (pubkey: string) => void; ... 8 more ...; clearAllDatabases: () => void; }'.
%%TEMP/cashu_pwa/src/stores/nostrUser.ts(320,20): error TS2339: Property 'wotHopsByPubkey' does not exist on type '{ initDb: () => Promise<void>; ensureDbInitialized: () => Promise<void>; ensureNdk: () => NDK; sleep: (ms: number) => Promise<void>; setPubkey: (pubkey: string) => void; ... 8 more ...; clearAllDatabases: () => void; }'.
%%TEMP/cashu_pwa/src/stores/nostrUser.ts(324,29): error TS2339: Property 'wotHopsByPubkey' does not exist on type '{ initDb: () => Promise<void>; ensureDbInitialized: () => Promise<void>; ensureNdk: () => NDK; sleep: (ms: number) => Promise<void>; setPubkey: (pubkey: string) => void; ... 8 more ...; clearAllDatabases: () => void; }'.
%%TEMP/cashu_pwa/src/stores/nostrUser.ts(332,58): error TS2339: Property 'wotHopsByPubkey' does not exist on type '{ initDb: () => Promise<void>; ensureDbInitialized: () => Promise<void>; ensureNdk: () => NDK; sleep: (ms: number) => Promise<void>; setPubkey: (pubkey: string) => void; ... 8 more ...; clearAllDatabases: () => void; }'.
%%TEMP/cashu_pwa/src/stores/nostrUser.ts(336,14): error TS2339: Property 'wotHopsByPubkey' does not exist on type '{ initDb: () => Promise<void>; ensureDbInitialized: () => Promise<void>; ensureNdk: () => NDK; sleep: (ms: number) => Promise<void>; setPubkey: (pubkey: string) => void; ... 8 more ...; clearAllDatabases: () => void; }'.
%%TEMP/cashu_pwa/src/stores/nostrUser.ts(341,25): error TS2339: Property 'wotHopsByPubkey' does not exist on type '{ initDb: () => Promise<void>; ensureDbInitialized: () => Promise<void>; ensureNdk: () => NDK; sleep: (ms: number) => Promise<void>; setPubkey: (pubkey: string) => void; ... 8 more ...; clearAllDatabases: () => void; }'.
%%TEMP/cashu_pwa/src/stores/nostrUser.ts(345,19): error TS2339: Property 'wotCancelRequested' does not exist on type '{ initDb: () => Promise<void>; ensureDbInitialized: () => Promise<void>; ensureNdk: () => NDK; sleep: (ms: number) => Promise<void>; setPubkey: (pubkey: string) => void; ... 8 more ...; clearAllDatabases: () => void; }'.
%%TEMP/cashu_pwa/src/stores/nostrUser.ts(348,32): error TS2339: Property 'wotHopsByPubkey' does not exist on type '{ initDb: () => Promise<void>; ensureDbInitialized: () => Promise<void>; ensureNdk: () => NDK; sleep: (ms: number) => Promise<void>; setPubkey: (pubkey: string) => void; ... 8 more ...; clearAllDatabases: () => void; }'.
%%TEMP/cashu_pwa/src/stores/nostrUser.ts(354,16): error TS2339: Property 'crawlCheckpointNextIndex' does not exist on type '{ initDb: () => Promise<void>; ensureDbInitialized: () => Promise<void>; ensureNdk: () => NDK; sleep: (ms: number) => Promise<void>; setPubkey: (pubkey: string) => void; ... 8 more ...; clearAllDatabases: () => void; }'.
%%TEMP/cashu_pwa/src/stores/nostrUser.ts(355,16): error TS2339: Property 'crawlCheckpointTotal' does not exist on type '{ initDb: () => Promise<void>; ensureDbInitialized: () => Promise<void>; ensureNdk: () => NDK; sleep: (ms: number) => Promise<void>; setPubkey: (pubkey: string) => void; ... 8 more ...; clearAllDatabases: () => void; }'.
%%TEMP/cashu_pwa/src/stores/nostrUser.ts(358,52): error TS2339: Property 'crawlProcessed' does not exist on type '{ initDb: () => Promise<void>; ensureDbInitialized: () => Promise<void>; ensureNdk: () => NDK; sleep: (ms: number) => Promise<void>; setPubkey: (pubkey: string) => void; ... 8 more ...; clearAllDatabases: () => void; }'.
%%TEMP/cashu_pwa/src/stores/nostrUser.ts(358,75): error TS2339: Property 'crawlTotal' does not exist on type '{ initDb: () => Promise<void>; ensureDbInitialized: () => Promise<void>; ensureNdk: () => NDK; sleep: (ms: number) => Promise<void>; setPubkey: (pubkey: string) => void; ... 8 more ...; clearAllDatabases: () => void; }'.
%%TEMP/cashu_pwa/src/stores/nostrUser.ts(362,14): error TS2339: Property 'wotLoading' does not exist on type '{ initDb: () => Promise<void>; ensureDbInitialized: () => Promise<void>; ensureNdk: () => NDK; sleep: (ms: number) => Promise<void>; setPubkey: (pubkey: string) => void; ... 8 more ...; clearAllDatabases: () => void; }'.
%%TEMP/cashu_pwa/src/stores/nostrUser.ts(364,19): error TS2339: Property 'wotCancelRequested' does not exist on type '{ initDb: () => Promise<void>; ensureDbInitialized: () => Promise<void>; ensureNdk: () => NDK; sleep: (ms: number) => Promise<void>; setPubkey: (pubkey: string) => void; ... 8 more ...; clearAllDatabases: () => void; }'.
%%TEMP/cashu_pwa/src/stores/nostrUser.ts(365,16): error TS2339: Property 'crawlTotal' does not exist on type '{ initDb: () => Promise<void>; ensureDbInitialized: () => Promise<void>; ensureNdk: () => NDK; sleep: (ms: number) => Promise<void>; setPubkey: (pubkey: string) => void; ... 8 more ...; clearAllDatabases: () => void; }'.
%%TEMP/cashu_pwa/src/stores/nostrUser.ts(366,16): error TS2339: Property 'crawlProcessed' does not exist on type '{ initDb: () => Promise<void>; ensureDbInitialized: () => Promise<void>; ensureNdk: () => NDK; sleep: (ms: number) => Promise<void>; setPubkey: (pubkey: string) => void; ... 8 more ...; clearAllDatabases: () => void; }'.
%%TEMP/cashu_pwa/src/stores/nostrUser.ts(368,14): error TS2339: Property 'wotCancelRequested' does not exist on type '{ initDb: () => Promise<void>; ensureDbInitialized: () => Promise<void>; ensureNdk: () => NDK; sleep: (ms: number) => Promise<void>; setPubkey: (pubkey: string) => void; ... 8 more ...; clearAllDatabases: () => void; }'.
%%TEMP/cashu_pwa/src/stores/nostrUser.ts(372,17): error TS2339: Property 'wotLoading' does not exist on type '{ initDb: () => Promise<void>; ensureDbInitialized: () => Promise<void>; ensureNdk: () => NDK; sleep: (ms: number) => Promise<void>; setPubkey: (pubkey: string) => void; ... 8 more ...; clearAllDatabases: () => void; }'.
%%TEMP/cashu_pwa/src/stores/nostrUser.ts(373,12): error TS2339: Property 'wotCancelRequested' does not exist on type '{ initDb: () => Promise<void>; ensureDbInitialized: () => Promise<void>; ensureNdk: () => NDK; sleep: (ms: number) => Promise<void>; setPubkey: (pubkey: string) => void; ... 8 more ...; clearAllDatabases: () => void; }'.
%%TEMP/cashu_pwa/src/stores/nostrUser.ts(377,16): error TS2339: Property 'wotLoading' does not exist on type '{ initDb: () => Promise<void>; ensureDbInitialized: () => Promise<void>; ensureNdk: () => NDK; sleep: (ms: number) => Promise<void>; setPubkey: (pubkey: string) => void; ... 8 more ...; clearAllDatabases: () => void; }'.
%%TEMP/cashu_pwa/src/stores/nostrUser.ts(378,12): error TS2339: Property 'wotHopsByPubkey' does not exist on type '{ initDb: () => Promise<void>; ensureDbInitialized: () => Promise<void>; ensureNdk: () => NDK; sleep: (ms: number) => Promise<void>; setPubkey: (pubkey: string) => void; ... 8 more ...; clearAllDatabases: () => void; }'.
%%TEMP/cashu_pwa/src/stores/nostrUser.ts(382,12): error TS2339: Property 'crawlCheckpointNextIndex' does not exist on type '{ initDb: () => Promise<void>; ensureDbInitialized: () => Promise<void>; ensureNdk: () => NDK; sleep: (ms: number) => Promise<void>; setPubkey: (pubkey: string) => void; ... 8 more ...; clearAllDatabases: () => void; }'.
%%TEMP/cashu_pwa/src/stores/nostrUser.ts(383,12): error TS2339: Property 'crawlCheckpointTotal' does not exist on type '{ initDb: () => Promise<void>; ensureDbInitialized: () => Promise<void>; ensureNdk: () => NDK; sleep: (ms: number) => Promise<void>; setPubkey: (pubkey: string) => void; ... 8 more ...; clearAllDatabases: () => void; }'.
%%TEMP/cashu_pwa/src/stores/nostrUser.ts(400,10): error TS2339: Property 'version' does not exist on type 'NostrUserDB'.
%%TEMP/cashu_pwa/src/stores/npcv2.ts(1,29): error TS2307: Cannot find module 'pinia' or its corresponding type declarations.
%%TEMP/cashu_pwa/src/stores/npcv2.ts(2,31): error TS2307: Cannot find module '@nostr-dev-kit/ndk' or its corresponding type declarations.
%%TEMP/cashu_pwa/src/stores/npcv2.ts(3,33): error TS2307: Cannot find module '@vueuse/core' or its corresponding type declarations.
%%TEMP/cashu_pwa/src/stores/npcv2.ts(9,22): error TS2307: Cannot find module 'quasar' or its corresponding type declarations.
%%TEMP/cashu_pwa/src/stores/npcv2.ts(86,17): error TS2339: Property 'npcV2Enabled' does not exist on type '{ generateNPCV2Connection: () => Promise<void>; getV2Info: () => Promise<{ name?: string | undefined; mintUrl: string; lockQuote: boolean; pubkey: string; }>; changeMintUrl: (mintUrl: string) => Promise<...>; ... 4 more ...; generateNip98Event: (url: string, method: string) => Promise<...>; }'.
%%TEMP/cashu_pwa/src/stores/npcv2.ts(95,12): error TS2339: Property 'npcV2Domain' does not exist on type '{ generateNPCV2Connection: () => Promise<void>; getV2Info: () => Promise<{ name?: string | undefined; mintUrl: string; lockQuote: boolean; pubkey: string; }>; changeMintUrl: (mintUrl: string) => Promise<...>; ... 4 more ...; generateNip98Event: (url: string, method: string) => Promise<...>; }'.
%%TEMP/cashu_pwa/src/stores/npcv2.ts(95,39): error TS2339: Property 'npcV2BaseURL' does not exist on type '{ generateNPCV2Connection: () => Promise<void>; getV2Info: () => Promise<{ name?: string | undefined; mintUrl: string; lockQuote: boolean; pubkey: string; }>; changeMintUrl: (mintUrl: string) => Promise<...>; ... 4 more ...; generateNip98Event: (url: string, method: string) => Promise<...>; }'.
%%TEMP/cashu_pwa/src/stores/npcv2.ts(96,12): error TS2339: Property 'npcV2Address' does not exist on type '{ generateNPCV2Connection: () => Promise<void>; getV2Info: () => Promise<{ name?: string | undefined; mintUrl: string; lockQuote: boolean; pubkey: string; }>; changeMintUrl: (mintUrl: string) => Promise<...>; ... 4 more ...; generateNip98Event: (url: string, method: string) => Promise<...>; }'.
%%TEMP/cashu_pwa/src/stores/npcv2.ts(97,59): error TS2339: Property 'npcV2Domain' does not exist on type '{ generateNPCV2Connection: () => Promise<void>; getV2Info: () => Promise<{ name?: string | undefined; mintUrl: string; lockQuote: boolean; pubkey: string; }>; changeMintUrl: (mintUrl: string) => Promise<...>; ... 4 more ...; generateNip98Event: (url: string, method: string) => Promise<...>; }'.
%%TEMP/cashu_pwa/src/stores/npcv2.ts(98,12): error TS2339: Property 'npcV2Loading' does not exist on type '{ generateNPCV2Connection: () => Promise<void>; getV2Info: () => Promise<{ name?: string | undefined; mintUrl: string; lockQuote: boolean; pubkey: string; }>; changeMintUrl: (mintUrl: string) => Promise<...>; ... 4 more ...; generateNip98Event: (url: string, method: string) => Promise<...>; }'.
%%TEMP/cashu_pwa/src/stores/npcv2.ts(100,38): error TS2339: Property 'npcV2Address' does not exist on type '{ generateNPCV2Connection: () => Promise<void>; getV2Info: () => Promise<{ name?: string | undefined; mintUrl: string; lockQuote: boolean; pubkey: string; }>; changeMintUrl: (mintUrl: string) => Promise<...>; ... 4 more ...; generateNip98Event: (url: string, method: string) => Promise<...>; }'.
%%TEMP/cashu_pwa/src/stores/npcv2.ts(103,58): error TS2339: Property 'npcV2Domain' does not exist on type '{ generateNPCV2Connection: () => Promise<void>; getV2Info: () => Promise<{ name?: string | undefined; mintUrl: string; lockQuote: boolean; pubkey: string; }>; changeMintUrl: (mintUrl: string) => Promise<...>; ... 4 more ...; generateNip98Event: (url: string, method: string) => Promise<...>; }'.
%%TEMP/cashu_pwa/src/stores/npcv2.ts(107,16): error TS2339: Property 'npcV2Address' does not exist on type '{ generateNPCV2Connection: () => Promise<void>; getV2Info: () => Promise<{ name?: string | undefined; mintUrl: string; lockQuote: boolean; pubkey: string; }>; changeMintUrl: (mintUrl: string) => Promise<...>; ... 4 more ...; generateNip98Event: (url: string, method: string) => Promise<...>; }'.
%%TEMP/cashu_pwa/src/stores/npcv2.ts(110,16): error TS2339: Property 'npcV2Mint' does not exist on type '{ generateNPCV2Connection: () => Promise<void>; getV2Info: () => Promise<{ name?: string | undefined; mintUrl: string; lockQuote: boolean; pubkey: string; }>; changeMintUrl: (mintUrl: string) => Promise<...>; ... 4 more ...; generateNip98Event: (url: string, method: string) => Promise<...>; }'.
%%TEMP/cashu_pwa/src/stores/npcv2.ts(115,16): error TS2339: Property 'npcV2Mint' does not exist on type '{ generateNPCV2Connection: () => Promise<void>; getV2Info: () => Promise<{ name?: string | undefined; mintUrl: string; lockQuote: boolean; pubkey: string; }>; changeMintUrl: (mintUrl: string) => Promise<...>; ... 4 more ...; generateNip98Event: (url: string, method: string) => Promise<...>; }'.
%%TEMP/cashu_pwa/src/stores/npcv2.ts(123,14): error TS2339: Property 'npcV2Loading' does not exist on type '{ generateNPCV2Connection: () => Promise<void>; getV2Info: () => Promise<{ name?: string | undefined; mintUrl: string; lockQuote: boolean; pubkey: string; }>; changeMintUrl: (mintUrl: string) => Promise<...>; ... 4 more ...; generateNip98Event: (url: string, method: string) => Promise<...>; }'.
%%TEMP/cashu_pwa/src/stores/npcv2.ts(134,19): error TS2339: Property 'npcV2BaseURL' does not exist on type '{ generateNPCV2Connection: () => Promise<void>; getV2Info: () => Promise<{ name?: string | undefined; mintUrl: string; lockQuote: boolean; pubkey: string; }>; changeMintUrl: (mintUrl: string) => Promise<...>; ... 4 more ...; generateNip98Event: (url: string, method: string) => Promise<...>; }'.
%%TEMP/cashu_pwa/src/stores/npcv2.ts(163,19): error TS2339: Property 'npcV2BaseURL' does not exist on type '{ generateNPCV2Connection: () => Promise<void>; getV2Info: () => Promise<{ name?: string | undefined; mintUrl: string; lockQuote: boolean; pubkey: string; }>; changeMintUrl: (mintUrl: string) => Promise<...>; ... 4 more ...; generateNip98Event: (url: string, method: string) => Promise<...>; }'.
%%TEMP/cashu_pwa/src/stores/npcv2.ts(176,14): error TS2339: Property 'npcV2Mint' does not exist on type '{ generateNPCV2Connection: () => Promise<void>; getV2Info: () => Promise<{ name?: string | undefined; mintUrl: string; lockQuote: boolean; pubkey: string; }>; changeMintUrl: (mintUrl: string) => Promise<...>; ... 4 more ...; generateNip98Event: (url: string, method: string) => Promise<...>; }'.
%%TEMP/cashu_pwa/src/stores/npcv2.ts(187,17): error TS2339: Property 'npcV2Enabled' does not exist on type '{ generateNPCV2Connection: () => Promise<void>; getV2Info: () => Promise<{ name?: string | undefined; mintUrl: string; lockQuote: boolean; pubkey: string; }>; changeMintUrl: (mintUrl: string) => Promise<...>; ... 4 more ...; generateNip98Event: (url: string, method: string) => Promise<...>; }'.
%%TEMP/cashu_pwa/src/stores/npcv2.ts(191,26): error TS2339: Property 'npcV2LastCheck' does not exist on type '{ generateNPCV2Connection: () => Promise<void>; getV2Info: () => Promise<{ name?: string | undefined; mintUrl: string; lockQuote: boolean; pubkey: string; }>; changeMintUrl: (mintUrl: string) => Promise<...>; ... 4 more ...; generateNip98Event: (url: string, method: string) => Promise<...>; }'.
%%TEMP/cashu_pwa/src/stores/npcv2.ts(191,58): error TS2339: Property 'npcV2LastCheck' does not exist on type '{ generateNPCV2Connection: () => Promise<void>; getV2Info: () => Promise<{ name?: string | undefined; mintUrl: string; lockQuote: boolean; pubkey: string; }>; changeMintUrl: (mintUrl: string) => Promise<...>; ... 4 more ...; generateNip98Event: (url: string, method: string) => Promise<...>; }'.
%%TEMP/cashu_pwa/src/stores/npcv2.ts(193,32): error TS2339: Property 'npcV2BaseURL' does not exist on type '{ generateNPCV2Connection: () => Promise<void>; getV2Info: () => Promise<{ name?: string | undefined; mintUrl: string; lockQuote: boolean; pubkey: string; }>; changeMintUrl: (mintUrl: string) => Promise<...>; ... 4 more ...; generateNip98Event: (url: string, method: string) => Promise<...>; }'.
%%TEMP/cashu_pwa/src/stores/npcv2.ts(236,20): error TS2339: Property 'npcV2ClaimAutomatically' does not exist on type '{ generateNPCV2Connection: () => Promise<void>; getV2Info: () => Promise<{ name?: string | undefined; mintUrl: string; lockQuote: boolean; pubkey: string; }>; changeMintUrl: (mintUrl: string) => Promise<...>; ... 4 more ...; generateNip98Event: (url: string, method: string) => Promise<...>; }'.
%%TEMP/cashu_pwa/src/stores/npcv2.ts(241,16): error TS2339: Property 'npcV2LastCheck' does not exist on type '{ generateNPCV2Connection: () => Promise<void>; getV2Info: () => Promise<{ name?: string | undefined; mintUrl: string; lockQuote: boolean; pubkey: string; }>; changeMintUrl: (mintUrl: string) => Promise<...>; ... 4 more ...; generateNip98Event: (url: string, method: string) => Promise<...>; }'.
%%TEMP/cashu_pwa/src/stores/npcv2.ts(252,17): error TS2339: Property 'npcV2BaseURL' does not exist on type '{ generateNPCV2Connection: () => Promise<void>; getV2Info: () => Promise<{ name?: string | undefined; mintUrl: string; lockQuote: boolean; pubkey: string; }>; changeMintUrl: (mintUrl: string) => Promise<...>; ... 4 more ...; generateNip98Event: (url: string, method: string) => Promise<...>; }'.
%%TEMP/cashu_pwa/src/stores/npcv2.ts(275,19): error TS2339: Property 'npcV2BaseURL' does not exist on type '{ generateNPCV2Connection: () => Promise<void>; getV2Info: () => Promise<{ name?: string | undefined; mintUrl: string; lockQuote: boolean; pubkey: string; }>; changeMintUrl: (mintUrl: string) => Promise<...>; ... 4 more ...; generateNip98Event: (url: string, method: string) => Promise<...>; }'.
%%TEMP/cashu_pwa/src/stores/npcv2.ts(286,14): error TS2339: Property 'npcV2Address' does not exist on type '{ generateNPCV2Connection: () => Promise<void>; getV2Info: () => Promise<{ name?: string | undefined; mintUrl: string; lockQuote: boolean; pubkey: string; }>; changeMintUrl: (mintUrl: string) => Promise<...>; ... 4 more ...; generateNip98Event: (url: string, method: string) => Promise<...>; }'.
%%TEMP/cashu_pwa/src/stores/npcv2.ts(286,60): error TS2339: Property 'npcV2Domain' does not exist on type '{ generateNPCV2Connection: () => Promise<void>; getV2Info: () => Promise<{ name?: string | undefined; mintUrl: string; lockQuote: boolean; pubkey: string; }>; changeMintUrl: (mintUrl: string) => Promise<...>; ... 4 more ...; generateNip98Event: (url: string, method: string) => Promise<...>; }'.
%%TEMP/cashu_pwa/src/stores/npubcash.ts(1,29): error TS2307: Cannot find module 'pinia' or its corresponding type declarations.
%%TEMP/cashu_pwa/src/stores/npubcash.ts(2,31): error TS2307: Cannot find module '@nostr-dev-kit/ndk' or its corresponding type declarations.
%%TEMP/cashu_pwa/src/stores/npubcash.ts(3,33): error TS2307: Cannot find module '@vueuse/core' or its corresponding type declarations.
%%TEMP/cashu_pwa/src/stores/npubcash.ts(76,59): error TS2339: Property 'npcDomain' does not exist on type '{ generateNPCConnection: () => Promise<void>; generateNip98Event: (url: string, method: string, body?: string | undefined) => Promise<string>; getInfo: () => Promise<NPCInfo>; ... 4 more ...; getClaim: () => Promise<...>; }'.
%%TEMP/cashu_pwa/src/stores/npubcash.ts(79,12): error TS2339: Property 'baseURL' does not exist on type '{ generateNPCConnection: () => Promise<void>; generateNip98Event: (url: string, method: string, body?: string | undefined) => Promise<string>; getInfo: () => Promise<NPCInfo>; ... 4 more ...; getClaim: () => Promise<...>; }'.
%%TEMP/cashu_pwa/src/stores/npubcash.ts(79,38): error TS2339: Property 'npcDomain' does not exist on type '{ generateNPCConnection: () => Promise<void>; generateNip98Event: (url: string, method: string, body?: string | undefined) => Promise<string>; getInfo: () => Promise<NPCInfo>; ... 4 more ...; getClaim: () => Promise<...>; }'.
%%TEMP/cashu_pwa/src/stores/npubcash.ts(80,36): error TS2339: Property 'npcAddress' does not exist on type '{ generateNPCConnection: () => Promise<void>; generateNip98Event: (url: string, method: string, body?: string | undefined) => Promise<string>; getInfo: () => Promise<NPCInfo>; ... 4 more ...; getClaim: () => Promise<...>; }'.
%%TEMP/cashu_pwa/src/stores/npubcash.ts(81,12): error TS2339: Property 'npcAddress' does not exist on type '{ generateNPCConnection: () => Promise<void>; generateNip98Event: (url: string, method: string, body?: string | undefined) => Promise<string>; getInfo: () => Promise<NPCInfo>; ... 4 more ...; getClaim: () => Promise<...>; }'.
%%TEMP/cashu_pwa/src/stores/npubcash.ts(82,59): error TS2339: Property 'npcDomain' does not exist on type '{ generateNPCConnection: () => Promise<void>; generateNip98Event: (url: string, method: string, body?: string | undefined) => Promise<string>; getInfo: () => Promise<NPCInfo>; ... 4 more ...; getClaim: () => Promise<...>; }'.
%%TEMP/cashu_pwa/src/stores/npubcash.ts(83,17): error TS2339: Property 'npcEnabled' does not exist on type '{ generateNPCConnection: () => Promise<void>; generateNip98Event: (url: string, method: string, body?: string | undefined) => Promise<string>; getInfo: () => Promise<NPCInfo>; ... 4 more ...; getClaim: () => Promise<...>; }'.
%%TEMP/cashu_pwa/src/stores/npubcash.ts(87,12): error TS2339: Property 'npcLoading' does not exist on type '{ generateNPCConnection: () => Promise<void>; generateNip98Event: (url: string, method: string, body?: string | undefined) => Promise<string>; getInfo: () => Promise<NPCInfo>; ... 4 more ...; getClaim: () => Promise<...>; }'.
%%TEMP/cashu_pwa/src/stores/npubcash.ts(97,62): error TS2339: Property 'npcDomain' does not exist on type '{ generateNPCConnection: () => Promise<void>; generateNip98Event: (url: string, method: string, body?: string | undefined) => Promise<string>; getInfo: () => Promise<NPCInfo>; ... 4 more ...; getClaim: () => Promise<...>; }'.
%%TEMP/cashu_pwa/src/stores/npubcash.ts(101,16): error TS2339: Property 'npcAddress' does not exist on type '{ generateNPCConnection: () => Promise<void>; generateNip98Event: (url: string, method: string, body?: string | undefined) => Promise<string>; getInfo: () => Promise<NPCInfo>; ... 4 more ...; getClaim: () => Promise<...>; }'.
%%TEMP/cashu_pwa/src/stores/npubcash.ts(106,14): error TS2339: Property 'npcLoading' does not exist on type '{ generateNPCConnection: () => Promise<void>; generateNip98Event: (url: string, method: string, body?: string | undefined) => Promise<string>; getInfo: () => Promise<NPCInfo>; ... 4 more ...; getClaim: () => Promise<...>; }'.
%%TEMP/cashu_pwa/src/stores/npubcash.ts(131,17): error TS2339: Property 'baseURL' does not exist on type '{ generateNPCConnection: () => Promise<void>; generateNip98Event: (url: string, method: string, body?: string | undefined) => Promise<string>; getInfo: () => Promise<NPCInfo>; ... 4 more ...; getClaim: () => Promise<...>; }'.
%%TEMP/cashu_pwa/src/stores/npubcash.ts(135,46): error TS2339: Property 'baseURL' does not exist on type '{ generateNPCConnection: () => Promise<void>; generateNip98Event: (url: string, method: string, body?: string | undefined) => Promise<string>; getInfo: () => Promise<NPCInfo>; ... 4 more ...; getClaim: () => Promise<...>; }'.
%%TEMP/cashu_pwa/src/stores/npubcash.ts(153,17): error TS2339: Property 'npcEnabled' does not exist on type '{ generateNPCConnection: () => Promise<void>; generateNip98Event: (url: string, method: string, body?: string | undefined) => Promise<string>; getInfo: () => Promise<NPCInfo>; ... 4 more ...; getClaim: () => Promise<...>; }'.
%%TEMP/cashu_pwa/src/stores/npubcash.ts(166,20): error TS2339: Property 'automaticClaim' does not exist on type '{ generateNPCConnection: () => Promise<void>; generateNip98Event: (url: string, method: string, body?: string | undefined) => Promise<string>; getInfo: () => Promise<NPCInfo>; ... 4 more ...; getClaim: () => Promise<...>; }'.
%%TEMP/cashu_pwa/src/stores/npubcash.ts(219,17): error TS2339: Property 'baseURL' does not exist on type '{ generateNPCConnection: () => Promise<void>; generateNip98Event: (url: string, method: string, body?: string | undefined) => Promise<string>; getInfo: () => Promise<NPCInfo>; ... 4 more ...; getClaim: () => Promise<...>; }'.
%%TEMP/cashu_pwa/src/stores/npubcash.ts(223,46): error TS2339: Property 'baseURL' does not exist on type '{ generateNPCConnection: () => Promise<void>; generateNip98Event: (url: string, method: string, body?: string | undefined) => Promise<string>; getInfo: () => Promise<NPCInfo>; ... 4 more ...; getClaim: () => Promise<...>; }'.
%%TEMP/cashu_pwa/src/stores/npubcash.ts(242,17): error TS2339: Property 'baseURL' does not exist on type '{ generateNPCConnection: () => Promise<void>; generateNip98Event: (url: string, method: string, body?: string | undefined) => Promise<string>; getInfo: () => Promise<NPCInfo>; ... 4 more ...; getClaim: () => Promise<...>; }'.
%%TEMP/cashu_pwa/src/stores/npubcash.ts(246,46): error TS2339: Property 'baseURL' does not exist on type '{ generateNPCConnection: () => Promise<void>; generateNip98Event: (url: string, method: string, body?: string | undefined) => Promise<string>; getInfo: () => Promise<NPCInfo>; ... 4 more ...; getClaim: () => Promise<...>; }'.
%%TEMP/cashu_pwa/src/stores/nwc.ts(1,29): error TS2307: Cannot find module 'pinia' or its corresponding type declarations.
%%TEMP/cashu_pwa/src/stores/nwc.ts(10,8): error TS2307: Cannot find module '@nostr-dev-kit/ndk' or its corresponding type declarations.
%%TEMP/cashu_pwa/src/stores/nwc.ts(11,33): error TS2307: Cannot find module '@vueuse/core' or its corresponding type declarations.
%%TEMP/cashu_pwa/src/stores/nwc.ts(12,28): error TS2307: Cannot find module '@noble/hashes/utils' or its corresponding type declarations.
%%TEMP/cashu_pwa/src/stores/nwc.ts(99,24): error TS2339: Property 'connections' does not exist on type '{ handleGetInfo: (nwcCommand: NWCCommand) => any; handleGetBalance: (nwcCommand: NWCCommand) => Promise<{ result_type: string; result: { balance: number; }; }>; ... 10 more ...; unsubscribeNWC: () => void; }'.
%%TEMP/cashu_pwa/src/stores/nwc.ts(103,25): error TS2339: Property 'supportedMethods' does not exist on type '{ handleGetInfo: (nwcCommand: NWCCommand) => any; handleGetBalance: (nwcCommand: NWCCommand) => Promise<{ result_type: string; result: { balance: number; }; }>; ... 10 more ...; unsubscribeNWC: () => void; }'.
%%TEMP/cashu_pwa/src/stores/nwc.ts(157,32): error TS2339: Property 'connections' does not exist on type '{ handleGetInfo: (nwcCommand: NWCCommand) => any; handleGetBalance: (nwcCommand: NWCCommand) => Promise<{ result_type: string; result: { balance: number; }; }>; ... 10 more ...; unsubscribeNWC: () => void; }'.
%%TEMP/cashu_pwa/src/stores/nwc.ts(170,14): error TS2339: Property 'connections' does not exist on type '{ handleGetInfo: (nwcCommand: NWCCommand) => any; handleGetBalance: (nwcCommand: NWCCommand) => Promise<{ result_type: string; result: { balance: number; }; }>; ... 10 more ...; unsubscribeNWC: () => void; }'.
%%TEMP/cashu_pwa/src/stores/nwc.ts(371,18): error TS2339: Property 'blocking' does not exist on type '{ handleGetInfo: (nwcCommand: NWCCommand) => any; handleGetBalance: (nwcCommand: NWCCommand) => Promise<{ result_type: string; result: { balance: number; }; }>; ... 10 more ...; unsubscribeNWC: () => void; }'.
%%TEMP/cashu_pwa/src/stores/nwc.ts(380,14): error TS2339: Property 'blocking' does not exist on type '{ handleGetInfo: (nwcCommand: NWCCommand) => any; handleGetBalance: (nwcCommand: NWCCommand) => Promise<{ result_type: string; result: { balance: number; }; }>; ... 10 more ...; unsubscribeNWC: () => void; }'.
%%TEMP/cashu_pwa/src/stores/nwc.ts(386,16): error TS2339: Property 'blocking' does not exist on type '{ handleGetInfo: (nwcCommand: NWCCommand) => any; handleGetBalance: (nwcCommand: NWCCommand) => Promise<{ result_type: string; result: { balance: number; }; }>; ... 10 more ...; unsubscribeNWC: () => void; }'.
%%TEMP/cashu_pwa/src/stores/nwc.ts(414,17): error TS2339: Property 'connections' does not exist on type '{ handleGetInfo: (nwcCommand: NWCCommand) => any; handleGetBalance: (nwcCommand: NWCCommand) => Promise<{ result_type: string; result: { balance: number; }; }>; ... 10 more ...; unsubscribeNWC: () => void; }'.
%%TEMP/cashu_pwa/src/stores/nwc.ts(429,14): error TS2339: Property 'connections' does not exist on type '{ handleGetInfo: (nwcCommand: NWCCommand) => any; handleGetBalance: (nwcCommand: NWCCommand) => Promise<{ result_type: string; result: { balance: number; }; }>; ... 10 more ...; unsubscribeNWC: () => void; }'.
%%TEMP/cashu_pwa/src/stores/nwc.ts(429,33): error TS2339: Property 'connections' does not exist on type '{ handleGetInfo: (nwcCommand: NWCCommand) => any; handleGetBalance: (nwcCommand: NWCCommand) => Promise<{ result_type: string; result: { balance: number; }; }>; ... 10 more ...; unsubscribeNWC: () => void; }'.
%%TEMP/cashu_pwa/src/stores/nwc.ts(431,21): error TS2339: Property 'connections' does not exist on type '{ handleGetInfo: (nwcCommand: NWCCommand) => any; handleGetBalance: (nwcCommand: NWCCommand) => Promise<{ result_type: string; result: { balance: number; }; }>; ... 10 more ...; unsubscribeNWC: () => void; }'.
%%TEMP/cashu_pwa/src/stores/nwc.ts(438,12): error TS2339: Property 'ndk' does not exist on type '{ handleGetInfo: (nwcCommand: NWCCommand) => any; handleGetBalance: (nwcCommand: NWCCommand) => Promise<{ result_type: string; result: { balance: number; }; }>; ... 10 more ...; unsubscribeNWC: () => void; }'.
%%TEMP/cashu_pwa/src/stores/nwc.ts(442,12): error TS2339: Property 'ndk' does not exist on type '{ handleGetInfo: (nwcCommand: NWCCommand) => any; handleGetBalance: (nwcCommand: NWCCommand) => Promise<{ result_type: string; result: { balance: number; }; }>; ... 10 more ...; unsubscribeNWC: () => void; }'.
%%TEMP/cashu_pwa/src/stores/nwc.ts(444,48): error TS2339: Property 'ndk' does not exist on type '{ handleGetInfo: (nwcCommand: NWCCommand) => any; handleGetBalance: (nwcCommand: NWCCommand) => Promise<{ result_type: string; result: { balance: number; }; }>; ... 10 more ...; unsubscribeNWC: () => void; }'.
%%TEMP/cashu_pwa/src/stores/nwc.ts(446,37): error TS2339: Property 'supportedMethods' does not exist on type '{ handleGetInfo: (nwcCommand: NWCCommand) => any; handleGetBalance: (nwcCommand: NWCCommand) => Promise<{ result_type: string; result: { balance: number; }; }>; ... 10 more ...; unsubscribeNWC: () => void; }'.
%%TEMP/cashu_pwa/src/stores/nwc.ts(454,44): error TS2339: Property 'ndk' does not exist on type '{ handleGetInfo: (nwcCommand: NWCCommand) => any; handleGetBalance: (nwcCommand: NWCCommand) => Promise<{ result_type: string; result: { balance: number; }; }>; ... 10 more ...; unsubscribeNWC: () => void; }'.
%%TEMP/cashu_pwa/src/stores/nwc.ts(472,25): error TS2339: Property 'connections' does not exist on type '{ handleGetInfo: (nwcCommand: NWCCommand) => any; handleGetBalance: (nwcCommand: NWCCommand) => Promise<{ result_type: string; result: { balance: number; }; }>; ... 10 more ...; unsubscribeNWC: () => void; }'.
%%TEMP/cashu_pwa/src/stores/nwc.ts(482,24): error TS2339: Property 'ndk' does not exist on type '{ handleGetInfo: (nwcCommand: NWCCommand) => any; handleGetBalance: (nwcCommand: NWCCommand) => Promise<{ result_type: string; result: { balance: number; }; }>; ... 10 more ...; unsubscribeNWC: () => void; }'.
%%TEMP/cashu_pwa/src/stores/nwc.ts(485,12): error TS2339: Property 'subscriptions' does not exist on type '{ handleGetInfo: (nwcCommand: NWCCommand) => any; handleGetBalance: (nwcCommand: NWCCommand) => Promise<{ result_type: string; result: { balance: number; }; }>; ... 10 more ...; unsubscribeNWC: () => void; }'.
%%TEMP/cashu_pwa/src/stores/nwc.ts(503,19): error TS2339: Property 'nwcEnabled' does not exist on type '{ handleGetInfo: (nwcCommand: NWCCommand) => any; handleGetBalance: (nwcCommand: NWCCommand) => Promise<{ result_type: string; result: { balance: number; }; }>; ... 10 more ...; unsubscribeNWC: () => void; }'.
%%TEMP/cashu_pwa/src/stores/nwc.ts(508,38): error TS2339: Property 'seenCommandsUntil' does not exist on type '{ handleGetInfo: (nwcCommand: NWCCommand) => any; handleGetBalance: (nwcCommand: NWCCommand) => Promise<{ result_type: string; result: { balance: number; }; }>; ... 10 more ...; unsubscribeNWC: () => void; }'.
%%TEMP/cashu_pwa/src/stores/nwc.ts(511,14): error TS2339: Property 'seenCommandsUntil' does not exist on type '{ handleGetInfo: (nwcCommand: NWCCommand) => any; handleGetBalance: (nwcCommand: NWCCommand) => Promise<{ result_type: string; result: { balance: number; }; }>; ... 10 more ...; unsubscribeNWC: () => void; }'.
%%TEMP/cashu_pwa/src/stores/nwc.ts(526,30): error TS2339: Property 'subscriptions' does not exist on type '{ handleGetInfo: (nwcCommand: NWCCommand) => any; handleGetBalance: (nwcCommand: NWCCommand) => Promise<{ result_type: string; result: { balance: number; }; }>; ... 10 more ...; unsubscribeNWC: () => void; }'.
%%TEMP/cashu_pwa/src/stores/nwc.ts(529,12): error TS2339: Property 'subscriptions' does not exist on type '{ handleGetInfo: (nwcCommand: NWCCommand) => any; handleGetBalance: (nwcCommand: NWCCommand) => Promise<{ result_type: string; result: { balance: number; }; }>; ... 10 more ...; unsubscribeNWC: () => void; }'.
%%TEMP/cashu_pwa/src/stores/p2pk.ts(1,29): error TS2307: Cannot find module 'pinia' or its corresponding type declarations.
%%TEMP/cashu_pwa/src/stores/p2pk.ts(2,33): error TS2307: Cannot find module '@vueuse/core' or its corresponding type declarations.
%%TEMP/cashu_pwa/src/stores/p2pk.ts(4,28): error TS2307: Cannot find module '@noble/hashes/utils' or its corresponding type declarations.
%%TEMP/cashu_pwa/src/stores/p2pk.ts(5,29): error TS2307: Cannot find module 'stores/mints' or its corresponding type declarations.
%%TEMP/cashu_pwa/src/stores/p2pk.ts(6,19): error TS2307: Cannot find module 'src/js/token' or its corresponding type declarations.
%%TEMP/cashu_pwa/src/stores/p2pk.ts(28,19): error TS2339: Property 'p2pkKeys' does not exist on type '{ haveThisKey: (key: string) => boolean; maybeConvertNpub: (key: string) => string; isValidPubkey: (key: string) => boolean | ""; setPrivateKeyUsed: (key: string) => void; showKeyDetails: (key: string) => void; ... 6 more ...; getPrivateKeyForP2PKEncodedToken: (encodedToken: string) => string; }'.
%%TEMP/cashu_pwa/src/stores/p2pk.ts(45,29): error TS2339: Property 'p2pkKeys' does not exist on type '{ haveThisKey: (key: string) => boolean; maybeConvertNpub: (key: string) => string; isValidPubkey: (key: string) => boolean | ""; setPrivateKeyUsed: (key: string) => void; showKeyDetails: (key: string) => void; ... 6 more ...; getPrivateKeyForP2PKEncodedToken: (encodedToken: string) => string; }'.
%%TEMP/cashu_pwa/src/stores/p2pk.ts(52,29): error TS2339: Property 'p2pkKeys' does not exist on type '{ haveThisKey: (key: string) => boolean; maybeConvertNpub: (key: string) => string; isValidPubkey: (key: string) => boolean | ""; setPrivateKeyUsed: (key: string) => void; showKeyDetails: (key: string) => void; ... 6 more ...; getPrivateKeyForP2PKEncodedToken: (encodedToken: string) => string; }'.
%%TEMP/cashu_pwa/src/stores/p2pk.ts(54,14): error TS2339: Property 'showP2PKData' does not exist on type '{ haveThisKey: (key: string) => boolean; maybeConvertNpub: (key: string) => string; isValidPubkey: (key: string) => boolean | ""; setPrivateKeyUsed: (key: string) => void; showKeyDetails: (key: string) => void; ... 6 more ...; getPrivateKeyForP2PKEncodedToken: (encodedToken: string) => string; }'.
%%TEMP/cashu_pwa/src/stores/p2pk.ts(55,14): error TS2339: Property 'showP2PKDialog' does not exist on type '{ haveThisKey: (key: string) => boolean; maybeConvertNpub: (key: string) => string; isValidPubkey: (key: string) => boolean | ""; setPrivateKeyUsed: (key: string) => void; showKeyDetails: (key: string) => void; ... 6 more ...; getPrivateKeyForP2PKEncodedToken: (encodedToken: string) => string; }'.
%%TEMP/cashu_pwa/src/stores/p2pk.ts(59,16): error TS2339: Property 'p2pkKeys' does not exist on type '{ haveThisKey: (key: string) => boolean; maybeConvertNpub: (key: string) => string; isValidPubkey: (key: string) => boolean | ""; setPrivateKeyUsed: (key: string) => void; showKeyDetails: (key: string) => void; ... 6 more ...; getPrivateKeyForP2PKEncodedToken: (encodedToken: string) => string; }'.
%%TEMP/cashu_pwa/src/stores/p2pk.ts(60,14): error TS2339: Property 'showP2PKData' does not exist on type '{ haveThisKey: (key: string) => boolean; maybeConvertNpub: (key: string) => string; isValidPubkey: (key: string) => boolean | ""; setPrivateKeyUsed: (key: string) => void; showKeyDetails: (key: string) => void; ... 6 more ...; getPrivateKeyForP2PKEncodedToken: (encodedToken: string) => string; }'.
%%TEMP/cashu_pwa/src/stores/p2pk.ts(61,31): error TS2339: Property 'p2pkKeys' does not exist on type '{ haveThisKey: (key: string) => boolean; maybeConvertNpub: (key: string) => string; isValidPubkey: (key: string) => boolean | ""; setPrivateKeyUsed: (key: string) => void; showKeyDetails: (key: string) => void; ... 6 more ...; getPrivateKeyForP2PKEncodedToken: (encodedToken: string) => string; }'.
%%TEMP/cashu_pwa/src/stores/p2pk.ts(61,45): error TS2339: Property 'p2pkKeys' does not exist on type '{ haveThisKey: (key: string) => boolean; maybeConvertNpub: (key: string) => string; isValidPubkey: (key: string) => boolean | ""; setPrivateKeyUsed: (key: string) => void; showKeyDetails: (key: string) => void; ... 6 more ...; getPrivateKeyForP2PKEncodedToken: (encodedToken: string) => string; }'.
%%TEMP/cashu_pwa/src/stores/p2pk.ts(63,14): error TS2339: Property 'showP2PKDialog' does not exist on type '{ haveThisKey: (key: string) => boolean; maybeConvertNpub: (key: string) => string; isValidPubkey: (key: string) => boolean | ""; setPrivateKeyUsed: (key: string) => void; showKeyDetails: (key: string) => void; ... 6 more ...; getPrivateKeyForP2PKEncodedToken: (encodedToken: string) => string; }'.
%%TEMP/cashu_pwa/src/stores/p2pk.ts(85,12): error TS2339: Property 'p2pkKeys' does not exist on type '{ haveThisKey: (key: string) => boolean; maybeConvertNpub: (key: string) => string; isValidPubkey: (key: string) => boolean | ""; setPrivateKeyUsed: (key: string) => void; showKeyDetails: (key: string) => void; ... 6 more ...; getPrivateKeyForP2PKEncodedToken: (encodedToken: string) => string; }'.
%%TEMP/cashu_pwa/src/stores/p2pk.ts(85,28): error TS2339: Property 'p2pkKeys' does not exist on type '{ haveThisKey: (key: string) => boolean; maybeConvertNpub: (key: string) => string; isValidPubkey: (key: string) => boolean | ""; setPrivateKeyUsed: (key: string) => void; showKeyDetails: (key: string) => void; ... 6 more ...; getPrivateKeyForP2PKEncodedToken: (encodedToken: string) => string; }'.
%%TEMP/cashu_pwa/src/stores/p2pk.ts(97,12): error TS2339: Property 'p2pkKeys' does not exist on type '{ haveThisKey: (key: string) => boolean; maybeConvertNpub: (key: string) => string; isValidPubkey: (key: string) => boolean | ""; setPrivateKeyUsed: (key: string) => void; showKeyDetails: (key: string) => void; ... 6 more ...; getPrivateKeyForP2PKEncodedToken: (encodedToken: string) => string; }'.
%%TEMP/cashu_pwa/src/stores/p2pk.ts(97,28): error TS2339: Property 'p2pkKeys' does not exist on type '{ haveThisKey: (key: string) => boolean; maybeConvertNpub: (key: string) => string; isValidPubkey: (key: string) => boolean | ""; setPrivateKeyUsed: (key: string) => void; showKeyDetails: (key: string) => void; ... 6 more ...; getPrivateKeyForP2PKEncodedToken: (encodedToken: string) => string; }'.
%%TEMP/cashu_pwa/src/stores/p2pk.ts(178,23): error TS2339: Property 'p2pkKeys' does not exist on type '{ haveThisKey: (key: string) => boolean; maybeConvertNpub: (key: string) => string; isValidPubkey: (key: string) => boolean | ""; setPrivateKeyUsed: (key: string) => void; showKeyDetails: (key: string) => void; ... 6 more ...; getPrivateKeyForP2PKEncodedToken: (encodedToken: string) => string; }'.
%%TEMP/cashu_pwa/src/stores/payment-request.ts(1,29): error TS2307: Cannot find module 'pinia' or its corresponding type declarations.
%%TEMP/cashu_pwa/src/stores/payment-request.ts(15,19): error TS2307: Cannot find module 'src/js/token' or its corresponding type declarations.
%%TEMP/cashu_pwa/src/stores/payment-request.ts(21,8): error TS2307: Cannot find module 'src/js/notify' or its corresponding type declarations.
%%TEMP/cashu_pwa/src/stores/payment-request.ts(22,33): error TS2307: Cannot find module '@vueuse/core' or its corresponding type declarations.
%%TEMP/cashu_pwa/src/stores/payment-request.ts(70,29): error TS2551: Property 'ourPaymentRequests' does not exist on type '{ newPaymentRequest(amount?: number | undefined, memo?: string | undefined, mintUrl?: string | undefined, forceNew?: boolean): void; createPaymentRequest: (amount?: number | undefined, memo?: string | undefined, mintUrl?: string | undefined) => string; ... 9 more ...; payPostPaymentRequest(request: PaymentRequest_2,...'. Did you mean 'newPaymentRequest'?
%%TEMP/cashu_pwa/src/stores/payment-request.ts(72,16): error TS2551: Property 'currentPaymentRequest' does not exist on type '{ newPaymentRequest(amount?: number | undefined, memo?: string | undefined, mintUrl?: string | undefined, forceNew?: boolean): void; createPaymentRequest: (amount?: number | undefined, memo?: string | undefined, mintUrl?: string | undefined) => string; ... 9 more ...; payPostPaymentRequest(request: PaymentRequest_2,...'. Did you mean 'createPaymentRequest'?
%%TEMP/cashu_pwa/src/stores/payment-request.ts(72,46): error TS2551: Property 'ourPaymentRequests' does not exist on type '{ newPaymentRequest(amount?: number | undefined, memo?: string | undefined, mintUrl?: string | undefined, forceNew?: boolean): void; createPaymentRequest: (amount?: number | undefined, memo?: string | undefined, mintUrl?: string | undefined) => string; ... 9 more ...; payPostPaymentRequest(request: PaymentRequest_2,...'. Did you mean 'newPaymentRequest'?
%%TEMP/cashu_pwa/src/stores/payment-request.ts(73,14): error TS2339: Property 'showPRKData' does not exist on type '{ newPaymentRequest(amount?: number | undefined, memo?: string | undefined, mintUrl?: string | undefined, forceNew?: boolean): void; createPaymentRequest: (amount?: number | undefined, memo?: string | undefined, mintUrl?: string | undefined) => string; ... 9 more ...; payPostPaymentRequest(request: PaymentRequest_2,...'.
%%TEMP/cashu_pwa/src/stores/payment-request.ts(76,12): error TS2339: Property 'showPRKData' does not exist on type '{ newPaymentRequest(amount?: number | undefined, memo?: string | undefined, mintUrl?: string | undefined, forceNew?: boolean): void; createPaymentRequest: (amount?: number | undefined, memo?: string | undefined, mintUrl?: string | undefined) => string; ... 9 more ...; payPostPaymentRequest(request: PaymentRequest_2,...'.
%%TEMP/cashu_pwa/src/stores/payment-request.ts(108,12): error TS2339: Property 'showPRKData' does not exist on type '{ newPaymentRequest(amount?: number | undefined, memo?: string | undefined, mintUrl?: string | undefined, forceNew?: boolean): void; createPaymentRequest: (amount?: number | undefined, memo?: string | undefined, mintUrl?: string | undefined) => string; ... 9 more ...; payPostPaymentRequest(request: PaymentRequest_2,...'.
%%TEMP/cashu_pwa/src/stores/payment-request.ts(116,29): error TS2551: Property 'ourPaymentRequests' does not exist on type '{ newPaymentRequest(amount?: number | undefined, memo?: string | undefined, mintUrl?: string | undefined, forceNew?: boolean): void; createPaymentRequest: (amount?: number | undefined, memo?: string | undefined, mintUrl?: string | undefined) => string; ... 9 more ...; payPostPaymentRequest(request: PaymentRequest_2,...'. Did you mean 'newPaymentRequest'?
%%TEMP/cashu_pwa/src/stores/payment-request.ts(120,9): error TS2322: Type 'string | undefined' is not assignable to type 'string'.
  Type 'undefined' is not assignable to type 'string'.
%%TEMP/cashu_pwa/src/stores/payment-request.ts(130,14): error TS2551: Property 'ourPaymentRequests' does not exist on type '{ newPaymentRequest(amount?: number | undefined, memo?: string | undefined, mintUrl?: string | undefined, forceNew?: boolean): void; createPaymentRequest: (amount?: number | undefined, memo?: string | undefined, mintUrl?: string | undefined) => string; ... 9 more ...; payPostPaymentRequest(request: PaymentRequest_2,...'. Did you mean 'newPaymentRequest'?
%%TEMP/cashu_pwa/src/stores/payment-request.ts(131,19): error TS2551: Property 'ourPaymentRequests' does not exist on type '{ newPaymentRequest(amount?: number | undefined, memo?: string | undefined, mintUrl?: string | undefined, forceNew?: boolean): void; createPaymentRequest: (amount?: number | undefined, memo?: string | undefined, mintUrl?: string | undefined) => string; ... 9 more ...; payPostPaymentRequest(request: PaymentRequest_2,...'. Did you mean 'newPaymentRequest'?
%%TEMP/cashu_pwa/src/stores/payment-request.ts(134,14): error TS2339: Property 'selectedPRIndex' does not exist on type '{ newPaymentRequest(amount?: number | undefined, memo?: string | undefined, mintUrl?: string | undefined, forceNew?: boolean): void; createPaymentRequest: (amount?: number | undefined, memo?: string | undefined, mintUrl?: string | undefined) => string; ... 9 more ...; payPostPaymentRequest(request: PaymentRequest_2,...'.
%%TEMP/cashu_pwa/src/stores/payment-request.ts(136,14): error TS2551: Property 'ourPaymentRequests' does not exist on type '{ newPaymentRequest(amount?: number | undefined, memo?: string | undefined, mintUrl?: string | undefined, forceNew?: boolean): void; createPaymentRequest: (amount?: number | undefined, memo?: string | undefined, mintUrl?: string | undefined) => string; ... 9 more ...; payPostPaymentRequest(request: PaymentRequest_2,...'. Did you mean 'newPaymentRequest'?
%%TEMP/cashu_pwa/src/stores/payment-request.ts(137,14): error TS2339: Property 'selectedPRIndex' does not exist on type '{ newPaymentRequest(amount?: number | undefined, memo?: string | undefined, mintUrl?: string | undefined, forceNew?: boolean): void; createPaymentRequest: (amount?: number | undefined, memo?: string | undefined, mintUrl?: string | undefined) => string; ... 9 more ...; payPostPaymentRequest(request: PaymentRequest_2,...'.
%%TEMP/cashu_pwa/src/stores/payment-request.ts(137,37): error TS2551: Property 'ourPaymentRequests' does not exist on type '{ newPaymentRequest(amount?: number | undefined, memo?: string | undefined, mintUrl?: string | undefined, forceNew?: boolean): void; createPaymentRequest: (amount?: number | undefined, memo?: string | undefined, mintUrl?: string | undefined) => string; ... 9 more ...; payPostPaymentRequest(request: PaymentRequest_2,...'. Did you mean 'newPaymentRequest'?
%%TEMP/cashu_pwa/src/stores/payment-request.ts(141,17): error TS2551: Property 'ourPaymentRequests' does not exist on type '{ newPaymentRequest(amount?: number | undefined, memo?: string | undefined, mintUrl?: string | undefined, forceNew?: boolean): void; createPaymentRequest: (amount?: number | undefined, memo?: string | undefined, mintUrl?: string | undefined) => string; ... 9 more ...; payPostPaymentRequest(request: PaymentRequest_2,...'. Did you mean 'newPaymentRequest'?
%%TEMP/cashu_pwa/src/stores/payment-request.ts(142,12): error TS2339: Property 'selectedPRIndex' does not exist on type '{ newPaymentRequest(amount?: number | undefined, memo?: string | undefined, mintUrl?: string | undefined, forceNew?: boolean): void; createPaymentRequest: (amount?: number | undefined, memo?: string | undefined, mintUrl?: string | undefined) => string; ... 9 more ...; payPostPaymentRequest(request: PaymentRequest_2,...'.
%%TEMP/cashu_pwa/src/stores/payment-request.ts(143,15): error TS2339: Property 'selectedPRIndex' does not exist on type '{ newPaymentRequest(amount?: number | undefined, memo?: string | undefined, mintUrl?: string | undefined, forceNew?: boolean): void; createPaymentRequest: (amount?: number | undefined, memo?: string | undefined, mintUrl?: string | undefined) => string; ... 9 more ...; payPostPaymentRequest(request: PaymentRequest_2,...'.
%%TEMP/cashu_pwa/src/stores/payment-request.ts(143,42): error TS2551: Property 'ourPaymentRequests' does not exist on type '{ newPaymentRequest(amount?: number | undefined, memo?: string | undefined, mintUrl?: string | undefined, forceNew?: boolean): void; createPaymentRequest: (amount?: number | undefined, memo?: string | undefined, mintUrl?: string | undefined) => string; ... 9 more ...; payPostPaymentRequest(request: PaymentRequest_2,...'. Did you mean 'newPaymentRequest'?
%%TEMP/cashu_pwa/src/stores/payment-request.ts(144,14): error TS2551: Property 'ourPaymentRequests' does not exist on type '{ newPaymentRequest(amount?: number | undefined, memo?: string | undefined, mintUrl?: string | undefined, forceNew?: boolean): void; createPaymentRequest: (amount?: number | undefined, memo?: string | undefined, mintUrl?: string | undefined) => string; ... 9 more ...; payPostPaymentRequest(request: PaymentRequest_2,...'. Did you mean 'newPaymentRequest'?
%%TEMP/cashu_pwa/src/stores/payment-request.ts(145,12): error TS2339: Property 'showPRKData' does not exist on type '{ newPaymentRequest(amount?: number | undefined, memo?: string | undefined, mintUrl?: string | undefined, forceNew?: boolean): void; createPaymentRequest: (amount?: number | undefined, memo?: string | undefined, mintUrl?: string | undefined) => string; ... 9 more ...; payPostPaymentRequest(request: PaymentRequest_2,...'.
%%TEMP/cashu_pwa/src/stores/payment-request.ts(145,31): error TS2551: Property 'ourPaymentRequests' does not exist on type '{ newPaymentRequest(amount?: number | undefined, memo?: string | undefined, mintUrl?: string | undefined, forceNew?: boolean): void; createPaymentRequest: (amount?: number | undefined, memo?: string | undefined, mintUrl?: string | undefined) => string; ... 9 more ...; payPostPaymentRequest(request: PaymentRequest_2,...'. Did you mean 'newPaymentRequest'?
%%TEMP/cashu_pwa/src/stores/payment-request.ts(145,55): error TS2339: Property 'selectedPRIndex' does not exist on type '{ newPaymentRequest(amount?: number | undefined, memo?: string | undefined, mintUrl?: string | undefined, forceNew?: boolean): void; createPaymentRequest: (amount?: number | undefined, memo?: string | undefined, mintUrl?: string | undefined) => string; ... 9 more ...; payPostPaymentRequest(request: PaymentRequest_2,...'.
%%TEMP/cashu_pwa/src/stores/payment-request.ts(148,17): error TS2551: Property 'ourPaymentRequests' does not exist on type '{ newPaymentRequest(amount?: number | undefined, memo?: string | undefined, mintUrl?: string | undefined, forceNew?: boolean): void; createPaymentRequest: (amount?: number | undefined, memo?: string | undefined, mintUrl?: string | undefined) => string; ... 9 more ...; payPostPaymentRequest(request: PaymentRequest_2,...'. Did you mean 'newPaymentRequest'?
%%TEMP/cashu_pwa/src/stores/payment-request.ts(149,12): error TS2339: Property 'selectedPRIndex' does not exist on type '{ newPaymentRequest(amount?: number | undefined, memo?: string | undefined, mintUrl?: string | undefined, forceNew?: boolean): void; createPaymentRequest: (amount?: number | undefined, memo?: string | undefined, mintUrl?: string | undefined) => string; ... 9 more ...; payPostPaymentRequest(request: PaymentRequest_2,...'.
%%TEMP/cashu_pwa/src/stores/payment-request.ts(150,15): error TS2339: Property 'selectedPRIndex' does not exist on type '{ newPaymentRequest(amount?: number | undefined, memo?: string | undefined, mintUrl?: string | undefined, forceNew?: boolean): void; createPaymentRequest: (amount?: number | undefined, memo?: string | undefined, mintUrl?: string | undefined) => string; ... 9 more ...; payPostPaymentRequest(request: PaymentRequest_2,...'.
%%TEMP/cashu_pwa/src/stores/payment-request.ts(150,43): error TS2551: Property 'ourPaymentRequests' does not exist on type '{ newPaymentRequest(amount?: number | undefined, memo?: string | undefined, mintUrl?: string | undefined, forceNew?: boolean): void; createPaymentRequest: (amount?: number | undefined, memo?: string | undefined, mintUrl?: string | undefined) => string; ... 9 more ...; payPostPaymentRequest(request: PaymentRequest_2,...'. Did you mean 'newPaymentRequest'?
%%TEMP/cashu_pwa/src/stores/payment-request.ts(151,12): error TS2339: Property 'showPRKData' does not exist on type '{ newPaymentRequest(amount?: number | undefined, memo?: string | undefined, mintUrl?: string | undefined, forceNew?: boolean): void; createPaymentRequest: (amount?: number | undefined, memo?: string | undefined, mintUrl?: string | undefined) => string; ... 9 more ...; payPostPaymentRequest(request: PaymentRequest_2,...'.
%%TEMP/cashu_pwa/src/stores/payment-request.ts(151,31): error TS2551: Property 'ourPaymentRequests' does not exist on type '{ newPaymentRequest(amount?: number | undefined, memo?: string | undefined, mintUrl?: string | undefined, forceNew?: boolean): void; createPaymentRequest: (amount?: number | undefined, memo?: string | undefined, mintUrl?: string | undefined) => string; ... 9 more ...; payPostPaymentRequest(request: PaymentRequest_2,...'. Did you mean 'newPaymentRequest'?
%%TEMP/cashu_pwa/src/stores/payment-request.ts(151,55): error TS2339: Property 'selectedPRIndex' does not exist on type '{ newPaymentRequest(amount?: number | undefined, memo?: string | undefined, mintUrl?: string | undefined, forceNew?: boolean): void; createPaymentRequest: (amount?: number | undefined, memo?: string | undefined, mintUrl?: string | undefined) => string; ... 9 more ...; payPostPaymentRequest(request: PaymentRequest_2,...'.
%%TEMP/cashu_pwa/src/stores/payment-request.ts(154,17): error TS2551: Property 'ourPaymentRequests' does not exist on type '{ newPaymentRequest(amount?: number | undefined, memo?: string | undefined, mintUrl?: string | undefined, forceNew?: boolean): void; createPaymentRequest: (amount?: number | undefined, memo?: string | undefined, mintUrl?: string | undefined) => string; ... 9 more ...; payPostPaymentRequest(request: PaymentRequest_2,...'. Did you mean 'newPaymentRequest'?
%%TEMP/cashu_pwa/src/stores/payment-request.ts(157,14): error TS2551: Property 'ourPaymentRequests' does not exist on type '{ newPaymentRequest(amount?: number | undefined, memo?: string | undefined, mintUrl?: string | undefined, forceNew?: boolean): void; createPaymentRequest: (amount?: number | undefined, memo?: string | undefined, mintUrl?: string | undefined) => string; ... 9 more ...; payPostPaymentRequest(request: PaymentRequest_2,...'. Did you mean 'newPaymentRequest'?
%%TEMP/cashu_pwa/src/stores/payment-request.ts(159,12): error TS2339: Property 'selectedPRIndex' does not exist on type '{ newPaymentRequest(amount?: number | undefined, memo?: string | undefined, mintUrl?: string | undefined, forceNew?: boolean): void; createPaymentRequest: (amount?: number | undefined, memo?: string | undefined, mintUrl?: string | undefined) => string; ... 9 more ...; payPostPaymentRequest(request: PaymentRequest_2,...'.
%%TEMP/cashu_pwa/src/stores/payment-request.ts(160,12): error TS2339: Property 'showPRKData' does not exist on type '{ newPaymentRequest(amount?: number | undefined, memo?: string | undefined, mintUrl?: string | undefined, forceNew?: boolean): void; createPaymentRequest: (amount?: number | undefined, memo?: string | undefined, mintUrl?: string | undefined) => string; ... 9 more ...; payPostPaymentRequest(request: PaymentRequest_2,...'.
%%TEMP/cashu_pwa/src/stores/payment-request.ts(160,31): error TS2551: Property 'ourPaymentRequests' does not exist on type '{ newPaymentRequest(amount?: number | undefined, memo?: string | undefined, mintUrl?: string | undefined, forceNew?: boolean): void; createPaymentRequest: (amount?: number | undefined, memo?: string | undefined, mintUrl?: string | undefined) => string; ... 9 more ...; payPostPaymentRequest(request: PaymentRequest_2,...'. Did you mean 'newPaymentRequest'?
%%TEMP/cashu_pwa/src/stores/payment-request.ts(166,23): error TS2551: Property 'ourPaymentRequests' does not exist on type '{ newPaymentRequest(amount?: number | undefined, memo?: string | undefined, mintUrl?: string | undefined, forceNew?: boolean): void; createPaymentRequest: (amount?: number | undefined, memo?: string | undefined, mintUrl?: string | undefined) => string; ... 9 more ...; payPostPaymentRequest(request: PaymentRequest_2,...'. Did you mean 'newPaymentRequest'?
%%TEMP/cashu_pwa/src/stores/payment-request.ts(174,23): error TS2551: Property 'ourPaymentRequests' does not exist on type '{ newPaymentRequest(amount?: number | undefined, memo?: string | undefined, mintUrl?: string | undefined, forceNew?: boolean): void; createPaymentRequest: (amount?: number | undefined, memo?: string | undefined, mintUrl?: string | undefined) => string; ... 9 more ...; payPostPaymentRequest(request: PaymentRequest_2,...'. Did you mean 'newPaymentRequest'?
%%TEMP/cashu_pwa/src/stores/payment-request.ts(230,14): error TS2339: Property 'showPRKData' does not exist on type '{ newPaymentRequest(amount?: number | undefined, memo?: string | undefined, mintUrl?: string | undefined, forceNew?: boolean): void; createPaymentRequest: (amount?: number | undefined, memo?: string | undefined, mintUrl?: string | undefined) => string; ... 9 more ...; payPostPaymentRequest(request: PaymentRequest_2,...'.
%%TEMP/cashu_pwa/src/stores/price.ts(1,29): error TS2307: Cannot find module 'pinia' or its corresponding type declarations.
%%TEMP/cashu_pwa/src/stores/price.ts(3,33): error TS2307: Cannot find module '@vueuse/core' or its corresponding type declarations.
%%TEMP/cashu_pwa/src/stores/price.ts(11,19): error TS2307: Cannot find module 'axios' or its corresponding type declarations.
%%TEMP/cashu_pwa/src/stores/price.ts(30,14): error TS2339: Property 'bitcoinPrice' does not exist on type '{ fetchBitcoinPrice: () => Promise<void>; updateBitcoinPriceForCurrentCurrency: () => void; }'.
%%TEMP/cashu_pwa/src/stores/price.ts(31,14): error TS2339: Property 'bitcoinPriceLastUpdated' does not exist on type '{ fetchBitcoinPrice: () => Promise<void>; updateBitcoinPriceForCurrentCurrency: () => void; }'.
%%TEMP/cashu_pwa/src/stores/price.ts(32,14): error TS2339: Property 'bitcoinPrices' does not exist on type '{ fetchBitcoinPrice: () => Promise<void>; updateBitcoinPriceForCurrentCurrency: () => void; }'.
%%TEMP/cashu_pwa/src/stores/price.ts(37,27): error TS2339: Property 'bitcoinPriceLastUpdated' does not exist on type '{ fetchBitcoinPrice: () => Promise<void>; updateBitcoinPriceForCurrentCurrency: () => void; }'.
%%TEMP/cashu_pwa/src/stores/price.ts(38,14): error TS2339: Property 'bitcoinPriceMinRefreshInterval' does not exist on type '{ fetchBitcoinPrice: () => Promise<void>; updateBitcoinPriceForCurrentCurrency: () => void; }'.
%%TEMP/cashu_pwa/src/stores/price.ts(42,31): error TS2339: Property 'bitcoinPriceLastUpdated' does not exist on type '{ fetchBitcoinPrice: () => Promise<void>; updateBitcoinPriceForCurrentCurrency: () => void; }'.
%%TEMP/cashu_pwa/src/stores/price.ts(43,27): error TS2339: Property 'bitcoinPrice' does not exist on type '{ fetchBitcoinPrice: () => Promise<void>; updateBitcoinPriceForCurrentCurrency: () => void; }'.
%%TEMP/cashu_pwa/src/stores/price.ts(51,14): error TS2339: Property 'bitcoinPrices' does not exist on type '{ fetchBitcoinPrice: () => Promise<void>; updateBitcoinPriceForCurrentCurrency: () => void; }'.
%%TEMP/cashu_pwa/src/stores/price.ts(53,14): error TS2339: Property 'bitcoinPrice' does not exist on type '{ fetchBitcoinPrice: () => Promise<void>; updateBitcoinPriceForCurrentCurrency: () => void; }'.
%%TEMP/cashu_pwa/src/stores/price.ts(56,14): error TS2339: Property 'bitcoinPriceLastUpdated' does not exist on type '{ fetchBitcoinPrice: () => Promise<void>; updateBitcoinPriceForCurrentCurrency: () => void; }'.
%%TEMP/cashu_pwa/src/stores/price.ts(65,12): error TS2339: Property 'bitcoinPrice' does not exist on type '{ fetchBitcoinPrice: () => Promise<void>; updateBitcoinPriceForCurrentCurrency: () => void; }'.
%%TEMP/cashu_pwa/src/stores/price.ts(66,14): error TS2339: Property 'bitcoinPrices' does not exist on type '{ fetchBitcoinPrice: () => Promise<void>; updateBitcoinPriceForCurrentCurrency: () => void; }'.
%%TEMP/cashu_pwa/src/stores/price.ts(67,14): error TS2339: Property 'bitcoinPrice' does not exist on type '{ fetchBitcoinPrice: () => Promise<void>; updateBitcoinPriceForCurrentCurrency: () => void; }'.
%%TEMP/cashu_pwa/src/stores/price.ts(74,14): error TS2339: Property 'bitcoinPrices' does not exist on type '{ currentCurrencyPrice(): number; }'.
%%TEMP/cashu_pwa/src/stores/price.ts(75,14): error TS2339: Property 'bitcoinPrice' does not exist on type '{ currentCurrencyPrice(): number; }'.
%%TEMP/cashu_pwa/src/stores/proofs.ts(1,21): error TS2307: Cannot find module 'vue' or its corresponding type declarations.
%%TEMP/cashu_pwa/src/stores/proofs.ts(2,29): error TS2307: Cannot find module 'pinia' or its corresponding type declarations.
%%TEMP/cashu_pwa/src/stores/proofs.ts(11,27): error TS2307: Cannot find module 'dexie' or its corresponding type declarations.
%%TEMP/cashu_pwa/src/stores/proofs.ts(75,21): error TS2339: Property 'transaction' does not exist on type 'CashuDexie'.
%%TEMP/cashu_pwa/src/stores/proofs.ts(98,21): error TS2339: Property 'transaction' does not exist on type 'CashuDexie'.
%%TEMP/cashu_pwa/src/stores/proofs.ts(106,21): error TS2339: Property 'transaction' does not exist on type 'CashuDexie'.
%%TEMP/cashu_pwa/src/stores/receiveTokensStore.ts(1,29): error TS2307: Cannot find module 'pinia' or its corresponding type declarations.
%%TEMP/cashu_pwa/src/stores/receiveTokensStore.ts(6,19): error TS2307: Cannot find module 'src/js/token' or its corresponding type declarations.
%%TEMP/cashu_pwa/src/stores/receiveTokensStore.ts(16,27): error TS2307: Cannot find module '@capacitor/clipboard' or its corresponding type declarations.
%%TEMP/cashu_pwa/src/stores/receiveTokensStore.ts(78,52): error TS2339: Property 'receiveData' does not exist on type '{ decodeToken: (encodedToken: string) => undefined; knowThisMintOfTokenJson: (tokenJson: Token) => any; receiveToken: (encodedToken: string) => Promise<void>; receiveIfDecodes: () => Promise<...>; meltTokenToMint: (encodedToken: string, mint: Mint) => Promise<...>; pasteToParseDialog: (verbose?: boolean) => Promise<...'.
%%TEMP/cashu_pwa/src/stores/receiveTokensStore.ts(80,40): error TS2339: Property 'receiveData' does not exist on type '{ decodeToken: (encodedToken: string) => undefined; knowThisMintOfTokenJson: (tokenJson: Token) => any; receiveToken: (encodedToken: string) => Promise<void>; receiveIfDecodes: () => Promise<...>; meltTokenToMint: (encodedToken: string, mint: Mint) => Promise<...>; pasteToParseDialog: (verbose?: boolean) => Promise<...'.
%%TEMP/cashu_pwa/src/stores/receiveTokensStore.ts(118,14): error TS2339: Property 'receiveData' does not exist on type '{ decodeToken: (encodedToken: string) => undefined; knowThisMintOfTokenJson: (tokenJson: Token) => any; receiveToken: (encodedToken: string) => Promise<void>; receiveIfDecodes: () => Promise<...>; meltTokenToMint: (encodedToken: string, mint: Mint) => Promise<...>; pasteToParseDialog: (verbose?: boolean) => Promise<...'.
%%TEMP/cashu_pwa/src/stores/receiveTokensStore.ts(129,16): error TS2339: Property 'scanningCard' does not exist on type '{ decodeToken: (encodedToken: string) => undefined; knowThisMintOfTokenJson: (tokenJson: Token) => any; receiveToken: (encodedToken: string) => Promise<void>; receiveIfDecodes: () => Promise<...>; meltTokenToMint: (encodedToken: string, mint: Mint) => Promise<...>; pasteToParseDialog: (verbose?: boolean) => Promise<...'.
%%TEMP/cashu_pwa/src/stores/receiveTokensStore.ts(131,16): error TS2339: Property 'ndef' does not exist on type '{ decodeToken: (encodedToken: string) => undefined; knowThisMintOfTokenJson: (tokenJson: Token) => any; receiveToken: (encodedToken: string) => Promise<void>; receiveIfDecodes: () => Promise<...>; meltTokenToMint: (encodedToken: string, mint: Mint) => Promise<...>; pasteToParseDialog: (verbose?: boolean) => Promise<...'.
%%TEMP/cashu_pwa/src/stores/receiveTokensStore.ts(131,34): error TS2339: Property 'NDEFReader' does not exist on type 'Window & typeof globalThis'.
%%TEMP/cashu_pwa/src/stores/receiveTokensStore.ts(132,16): error TS2339: Property 'controller' does not exist on type '{ decodeToken: (encodedToken: string) => undefined; knowThisMintOfTokenJson: (tokenJson: Token) => any; receiveToken: (encodedToken: string) => Promise<void>; receiveIfDecodes: () => Promise<...>; meltTokenToMint: (encodedToken: string, mint: Mint) => Promise<...>; pasteToParseDialog: (verbose?: boolean) => Promise<...'.
%%TEMP/cashu_pwa/src/stores/receiveTokensStore.ts(133,31): error TS2339: Property 'controller' does not exist on type '{ decodeToken: (encodedToken: string) => undefined; knowThisMintOfTokenJson: (tokenJson: Token) => any; receiveToken: (encodedToken: string) => Promise<void>; receiveIfDecodes: () => Promise<...>; meltTokenToMint: (encodedToken: string, mint: Mint) => Promise<...>; pasteToParseDialog: (verbose?: boolean) => Promise<...'.
%%TEMP/cashu_pwa/src/stores/receiveTokensStore.ts(134,16): error TS2339: Property 'ndef' does not exist on type '{ decodeToken: (encodedToken: string) => undefined; knowThisMintOfTokenJson: (tokenJson: Token) => any; receiveToken: (encodedToken: string) => Promise<void>; receiveIfDecodes: () => Promise<...>; meltTokenToMint: (encodedToken: string, mint: Mint) => Promise<...>; pasteToParseDialog: (verbose?: boolean) => Promise<...'.
%%TEMP/cashu_pwa/src/stores/receiveTokensStore.ts(139,20): error TS2339: Property 'ndef' does not exist on type '{ decodeToken: (encodedToken: string) => undefined; knowThisMintOfTokenJson: (tokenJson: Token) => any; receiveToken: (encodedToken: string) => Promise<void>; receiveIfDecodes: () => Promise<...>; meltTokenToMint: (encodedToken: string, mint: Mint) => Promise<...>; pasteToParseDialog: (verbose?: boolean) => Promise<...'.
%%TEMP/cashu_pwa/src/stores/receiveTokensStore.ts(142,22): error TS2339: Property 'controller' does not exist on type '{ decodeToken: (encodedToken: string) => undefined; knowThisMintOfTokenJson: (tokenJson: Token) => any; receiveToken: (encodedToken: string) => Promise<void>; receiveIfDecodes: () => Promise<...>; meltTokenToMint: (encodedToken: string, mint: Mint) => Promise<...>; pasteToParseDialog: (verbose?: boolean) => Promise<...'.
%%TEMP/cashu_pwa/src/stores/receiveTokensStore.ts(143,22): error TS2339: Property 'scanningCard' does not exist on type '{ decodeToken: (encodedToken: string) => undefined; knowThisMintOfTokenJson: (tokenJson: Token) => any; receiveToken: (encodedToken: string) => Promise<void>; receiveIfDecodes: () => Promise<...>; meltTokenToMint: (encodedToken: string, mint: Mint) => Promise<...>; pasteToParseDialog: (verbose?: boolean) => Promise<...'.
%%TEMP/cashu_pwa/src/stores/receiveTokensStore.ts(146,20): error TS2339: Property 'ndef' does not exist on type '{ decodeToken: (encodedToken: string) => undefined; knowThisMintOfTokenJson: (tokenJson: Token) => any; receiveToken: (encodedToken: string) => Promise<void>; receiveIfDecodes: () => Promise<...>; meltTokenToMint: (encodedToken: string, mint: Mint) => Promise<...>; pasteToParseDialog: (verbose?: boolean) => Promise<...'.
%%TEMP/cashu_pwa/src/stores/receiveTokensStore.ts(204,24): error TS2339: Property 'controller' does not exist on type '{ decodeToken: (encodedToken: string) => undefined; knowThisMintOfTokenJson: (tokenJson: Token) => any; receiveToken: (encodedToken: string) => Promise<void>; receiveIfDecodes: () => Promise<...>; meltTokenToMint: (encodedToken: string, mint: Mint) => Promise<...>; pasteToParseDialog: (verbose?: boolean) => Promise<...'.
%%TEMP/cashu_pwa/src/stores/receiveTokensStore.ts(205,24): error TS2339: Property 'scanningCard' does not exist on type '{ decodeToken: (encodedToken: string) => undefined; knowThisMintOfTokenJson: (tokenJson: Token) => any; receiveToken: (encodedToken: string) => Promise<void>; receiveIfDecodes: () => Promise<...>; meltTokenToMint: (encodedToken: string, mint: Mint) => Promise<...>; pasteToParseDialog: (verbose?: boolean) => Promise<...'.
%%TEMP/cashu_pwa/src/stores/receiveTokensStore.ts(208,20): error TS2339: Property 'scanningCard' does not exist on type '{ decodeToken: (encodedToken: string) => undefined; knowThisMintOfTokenJson: (tokenJson: Token) => any; receiveToken: (encodedToken: string) => Promise<void>; receiveIfDecodes: () => Promise<...>; meltTokenToMint: (encodedToken: string, mint: Mint) => Promise<...>; pasteToParseDialog: (verbose?: boolean) => Promise<...'.
%%TEMP/cashu_pwa/src/stores/receiveTokensStore.ts(219,14): error TS2339: Property 'controller' does not exist on type '{ decodeToken: (encodedToken: string) => undefined; knowThisMintOfTokenJson: (tokenJson: Token) => any; receiveToken: (encodedToken: string) => Promise<void>; receiveIfDecodes: () => Promise<...>; meltTokenToMint: (encodedToken: string, mint: Mint) => Promise<...>; pasteToParseDialog: (verbose?: boolean) => Promise<...'.
%%TEMP/cashu_pwa/src/stores/receiveTokensStore.ts(220,14): error TS2339: Property 'scanningCard' does not exist on type '{ decodeToken: (encodedToken: string) => undefined; knowThisMintOfTokenJson: (tokenJson: Token) => any; receiveToken: (encodedToken: string) => Promise<void>; receiveIfDecodes: () => Promise<...>; meltTokenToMint: (encodedToken: string, mint: Mint) => Promise<...>; pasteToParseDialog: (verbose?: boolean) => Promise<...'.
%%TEMP/cashu_pwa/src/stores/restore.ts(1,29): error TS2307: Cannot find module 'pinia' or its corresponding type declarations.
%%TEMP/cashu_pwa/src/stores/restore.ts(2,33): error TS2307: Cannot find module '@vueuse/core' or its corresponding type declarations.
%%TEMP/cashu_pwa/src/stores/restore.ts(4,28): error TS2307: Cannot find module '@noble/hashes/utils' or its corresponding type declarations.
%%TEMP/cashu_pwa/src/stores/restore.ts(6,10): error TS2305: Module '"@cashu/cashu-ts"' has no exported member 'CashuMint'.
%%TEMP/cashu_pwa/src/stores/restore.ts(6,21): error TS2305: Module '"@cashu/cashu-ts"' has no exported member 'CashuWallet'.
%%TEMP/cashu_pwa/src/stores/restore.ts(8,52): error TS2307: Cannot find module 'src/js/notify' or its corresponding type declarations.
%%TEMP/cashu_pwa/src/stores/restore.ts(35,12): error TS2339: Property 'restoringState' does not exist on type '{ restoreMint: (url: string) => Promise<void>; _restoreMint: (url: string) => Promise<void>; }'.
%%TEMP/cashu_pwa/src/stores/restore.ts(36,12): error TS2551: Property 'restoringMint' does not exist on type '{ restoreMint: (url: string) => Promise<void>; _restoreMint: (url: string) => Promise<void>; }'. Did you mean 'restoreMint'?
%%TEMP/cashu_pwa/src/stores/restore.ts(37,12): error TS2339: Property 'restoreProgress' does not exist on type '{ restoreMint: (url: string) => Promise<void>; _restoreMint: (url: string) => Promise<void>; }'.
%%TEMP/cashu_pwa/src/stores/restore.ts(38,12): error TS2339: Property 'restoreCounter' does not exist on type '{ restoreMint: (url: string) => Promise<void>; _restoreMint: (url: string) => Promise<void>; }'.
%%TEMP/cashu_pwa/src/stores/restore.ts(39,12): error TS2339: Property 'restoreStatus' does not exist on type '{ restoreMint: (url: string) => Promise<void>; _restoreMint: (url: string) => Promise<void>; }'.
%%TEMP/cashu_pwa/src/stores/restore.ts(47,14): error TS2339: Property 'restoringState' does not exist on type '{ restoreMint: (url: string) => Promise<void>; _restoreMint: (url: string) => Promise<void>; }'.
%%TEMP/cashu_pwa/src/stores/restore.ts(48,14): error TS2551: Property 'restoringMint' does not exist on type '{ restoreMint: (url: string) => Promise<void>; _restoreMint: (url: string) => Promise<void>; }'. Did you mean 'restoreMint'?
%%TEMP/cashu_pwa/src/stores/restore.ts(49,14): error TS2339: Property 'restoreProgress' does not exist on type '{ restoreMint: (url: string) => Promise<void>; _restoreMint: (url: string) => Promise<void>; }'.
%%TEMP/cashu_pwa/src/stores/restore.ts(53,16): error TS2339: Property 'mnemonicToRestore' does not exist on type '{ restoreMint: (url: string) => Promise<void>; _restoreMint: (url: string) => Promise<void>; }'.
%%TEMP/cashu_pwa/src/stores/restore.ts(57,12): error TS2339: Property 'restoreProgress' does not exist on type '{ restoreMint: (url: string) => Promise<void>; _restoreMint: (url: string) => Promise<void>; }'.
%%TEMP/cashu_pwa/src/stores/restore.ts(63,29): error TS2339: Property 'mnemonicToRestore' does not exist on type '{ restoreMint: (url: string) => Promise<void>; _restoreMint: (url: string) => Promise<void>; }'.
%%TEMP/cashu_pwa/src/stores/restore.ts(64,12): error TS2339: Property 'restoreStatus' does not exist on type '{ restoreMint: (url: string) => Promise<void>; _restoreMint: (url: string) => Promise<void>; }'.
%%TEMP/cashu_pwa/src/stores/restore.ts(107,18): error TS2339: Property 'restoreCounter' does not exist on type '{ restoreMint: (url: string) => Promise<void>; _restoreMint: (url: string) => Promise<void>; }'.
%%TEMP/cashu_pwa/src/stores/restore.ts(110,16): error TS2339: Property 'restoreStatus' does not exist on type '{ restoreMint: (url: string) => Promise<void>; _restoreMint: (url: string) => Promise<void>; }'.
%%TEMP/cashu_pwa/src/stores/restore.ts(113,36): error TS2339: Property 'restoreCounter' does not exist on type '{ restoreMint: (url: string) => Promise<void>; _restoreMint: (url: string) => Promise<void>; }'.
%%TEMP/cashu_pwa/src/stores/restore.ts(120,16): error TS2339: Property 'restoreProgress' does not exist on type '{ restoreMint: (url: string) => Promise<void>; _restoreMint: (url: string) => Promise<void>; }'.
%%TEMP/cashu_pwa/src/stores/restore.ts(125,16): error TS2339: Property 'restoreStatus' does not exist on type '{ restoreMint: (url: string) => Promise<void>; _restoreMint: (url: string) => Promise<void>; }'.
%%TEMP/cashu_pwa/src/stores/restore.ts(160,16): error TS2339: Property 'restoreProgress' does not exist on type '{ restoreMint: (url: string) => Promise<void>; _restoreMint: (url: string) => Promise<void>; }'.
%%TEMP/cashu_pwa/src/stores/sendTokensStore.ts(1,29): error TS2307: Cannot find module 'pinia' or its corresponding type declarations.
%%TEMP/cashu_pwa/src/stores/sendTokensStore.ts(31,12): error TS2339: Property 'sendData' does not exist on type '{ clearSendData(): void; }'.
%%TEMP/cashu_pwa/src/stores/sendTokensStore.ts(32,12): error TS2339: Property 'sendData' does not exist on type '{ clearSendData(): void; }'.
%%TEMP/cashu_pwa/src/stores/sendTokensStore.ts(33,12): error TS2339: Property 'sendData' does not exist on type '{ clearSendData(): void; }'.
%%TEMP/cashu_pwa/src/stores/sendTokensStore.ts(34,12): error TS2339: Property 'sendData' does not exist on type '{ clearSendData(): void; }'.
%%TEMP/cashu_pwa/src/stores/sendTokensStore.ts(35,12): error TS2339: Property 'sendData' does not exist on type '{ clearSendData(): void; }'.
%%TEMP/cashu_pwa/src/stores/sendTokensStore.ts(36,12): error TS2339: Property 'sendData' does not exist on type '{ clearSendData(): void; }'.
%%TEMP/cashu_pwa/src/stores/sendTokensStore.ts(37,12): error TS2339: Property 'sendData' does not exist on type '{ clearSendData(): void; }'.
%%TEMP/cashu_pwa/src/stores/sendTokensStore.ts(38,12): error TS2339: Property 'sendData' does not exist on type '{ clearSendData(): void; }'.
%%TEMP/cashu_pwa/src/stores/settings.ts(1,29): error TS2307: Cannot find module 'pinia' or its corresponding type declarations.
%%TEMP/cashu_pwa/src/stores/settings.ts(2,33): error TS2307: Cannot find module '@vueuse/core' or its corresponding type declarations.
%%TEMP/cashu_pwa/src/stores/storage.ts(1,29): error TS2307: Cannot find module 'pinia' or its corresponding type declarations.
%%TEMP/cashu_pwa/src/stores/storage.ts(4,33): error TS2307: Cannot find module '@vueuse/core' or its corresponding type declarations.
%%TEMP/cashu_pwa/src/stores/storage.ts(7,32): error TS2307: Cannot find module 'src/js/utils' or its corresponding type declarations.
%%TEMP/cashu_pwa/src/stores/storage.ts(63,35): error TS18048: 'event' is possibly 'undefined'.
%%TEMP/cashu_pwa/src/stores/storage.ts(63,35): error TS2345: Argument of type 'EventTarget | null' is not assignable to parameter of type 'Node'.
  Type 'null' is not assignable to type 'Node'.
%%TEMP/cashu_pwa/src/stores/storage.ts(98,32): error TS2339: Property 'lastLocalStorageCleanUp' does not exist on type '{ restoreFromBackup: (backup: any) => Promise<void>; exportWalletState: () => Promise<void>; checkLocalStorage: () => Promise<void>; checkLocalStorageQuota: () => boolean; cleanUpLocalStorageScheduler: () => void; cleanUpLocalStorage: (verbose?: boolean) => void; }'.
%%TEMP/cashu_pwa/src/stores/storage.ts(160,12): error TS2339: Property 'lastLocalStorageCleanUp' does not exist on type '{ restoreFromBackup: (backup: any) => Promise<void>; exportWalletState: () => Promise<void>; checkLocalStorage: () => Promise<void>; checkLocalStorageQuota: () => boolean; cleanUpLocalStorageScheduler: () => void; cleanUpLocalStorage: (verbose?: boolean) => void; }'.
%%TEMP/cashu_pwa/src/stores/swap.ts(1,33): error TS2307: Cannot find module '@vueuse/core' or its corresponding type declarations.
%%TEMP/cashu_pwa/src/stores/swap.ts(2,22): error TS2307: Cannot find module 'quasar' or its corresponding type declarations.
%%TEMP/cashu_pwa/src/stores/swap.ts(3,29): error TS2307: Cannot find module 'pinia' or its corresponding type declarations.
%%TEMP/cashu_pwa/src/stores/swap.ts(14,19): error TS2307: Cannot find module 'src/js/token' or its corresponding type declarations.
%%TEMP/cashu_pwa/src/stores/swap.ts(50,16): error TS2339: Property 'swapBlocking' does not exist on type '{ mintAmountSwap: (swapAmountData: SwapAmountData) => Promise<void>; meltToMintFees: (tokenJson: Token) => Promise<number>; meltProofsToMint: (tokenJson: Token, mint: Mint) => Promise<...>; }'.
%%TEMP/cashu_pwa/src/stores/swap.ts(58,12): error TS2339: Property 'swapBlocking' does not exist on type '{ mintAmountSwap: (swapAmountData: SwapAmountData) => Promise<void>; meltToMintFees: (tokenJson: Token) => Promise<number>; meltProofsToMint: (tokenJson: Token, mint: Mint) => Promise<...>; }'.
%%TEMP/cashu_pwa/src/stores/swap.ts(97,14): error TS2339: Property 'swapBlocking' does not exist on type '{ mintAmountSwap: (swapAmountData: SwapAmountData) => Promise<void>; meltToMintFees: (tokenJson: Token) => Promise<number>; meltProofsToMint: (tokenJson: Token, mint: Mint) => Promise<...>; }'.
%%TEMP/cashu_pwa/src/stores/swap.ts(118,16): error TS2339: Property 'swapBlocking' does not exist on type '{ mintAmountSwap: (swapAmountData: SwapAmountData) => Promise<void>; meltToMintFees: (tokenJson: Token) => Promise<number>; meltProofsToMint: (tokenJson: Token, mint: Mint) => Promise<...>; }'.
%%TEMP/cashu_pwa/src/stores/swap.ts(123,12): error TS2339: Property 'swapBlocking' does not exist on type '{ mintAmountSwap: (swapAmountData: SwapAmountData) => Promise<void>; meltToMintFees: (tokenJson: Token) => Promise<number>; meltProofsToMint: (tokenJson: Token, mint: Mint) => Promise<...>; }'.
%%TEMP/cashu_pwa/src/stores/swap.ts(151,14): error TS2339: Property 'swapBlocking' does not exist on type '{ mintAmountSwap: (swapAmountData: SwapAmountData) => Promise<void>; meltToMintFees: (tokenJson: Token) => Promise<number>; meltProofsToMint: (tokenJson: Token, mint: Mint) => Promise<...>; }'.
%%TEMP/cashu_pwa/src/stores/tokens.ts(1,33): error TS2307: Cannot find module '@vueuse/core' or its corresponding type declarations.
%%TEMP/cashu_pwa/src/stores/tokens.ts(2,22): error TS2307: Cannot find module 'quasar' or its corresponding type declarations.
%%TEMP/cashu_pwa/src/stores/tokens.ts(3,29): error TS2307: Cannot find module 'pinia' or its corresponding type declarations.
%%TEMP/cashu_pwa/src/stores/tokens.ts(10,19): error TS2307: Cannot find module 'src/js/token' or its corresponding type declarations.
%%TEMP/cashu_pwa/src/stores/tokens.ts(61,12): error TS2551: Property 'historyTokens' does not exist on type '{ addPaidToken({ amount, token, mint, unit, fee, paymentRequest, label, paymentRequestId, }: { amount: number; token: string; mint: string; unit: string; fee?: number | undefined; paymentRequest?: PaymentRequest_2 | undefined; label?: string | undefined; paymentRequestId?: string | undefined; }): string; ... 4 more ...'. Did you mean 'editHistoryToken'?
%%TEMP/cashu_pwa/src/stores/tokens.ts(96,12): error TS2551: Property 'historyTokens' does not exist on type '{ addPaidToken({ amount, token, mint, unit, fee, paymentRequest, label, paymentRequestId, }: { amount: number; token: string; mint: string; unit: string; fee?: number | undefined; paymentRequest?: PaymentRequest_2 | undefined; label?: string | undefined; paymentRequestId?: string | undefined; }): string; ... 4 more ...'. Did you mean 'editHistoryToken'?
%%TEMP/cashu_pwa/src/stores/tokens.ts(121,26): error TS2551: Property 'historyTokens' does not exist on type '{ addPaidToken({ amount, token, mint, unit, fee, paymentRequest, label, paymentRequestId, }: { amount: number; token: string; mint: string; unit: string; fee?: number | undefined; paymentRequest?: PaymentRequest_2 | undefined; label?: string | undefined; paymentRequestId?: string | undefined; }): string; ... 4 more ...'. Did you mean 'editHistoryToken'?
%%TEMP/cashu_pwa/src/stores/tokens.ts(127,18): error TS2551: Property 'historyTokens' does not exist on type '{ addPaidToken({ amount, token, mint, unit, fee, paymentRequest, label, paymentRequestId, }: { amount: number; token: string; mint: string; unit: string; fee?: number | undefined; paymentRequest?: PaymentRequest_2 | undefined; label?: string | undefined; paymentRequestId?: string | undefined; }): string; ... 4 more ...'. Did you mean 'editHistoryToken'?
%%TEMP/cashu_pwa/src/stores/tokens.ts(130,18): error TS2551: Property 'historyTokens' does not exist on type '{ addPaidToken({ amount, token, mint, unit, fee, paymentRequest, label, paymentRequestId, }: { amount: number; token: string; mint: string; unit: string; fee?: number | undefined; paymentRequest?: PaymentRequest_2 | undefined; label?: string | undefined; paymentRequestId?: string | undefined; }): string; ... 4 more ...'. Did you mean 'editHistoryToken'?
%%TEMP/cashu_pwa/src/stores/tokens.ts(131,50): error TS2551: Property 'historyTokens' does not exist on type '{ addPaidToken({ amount, token, mint, unit, fee, paymentRequest, label, paymentRequestId, }: { amount: number; token: string; mint: string; unit: string; fee?: number | undefined; paymentRequest?: PaymentRequest_2 | undefined; label?: string | undefined; paymentRequestId?: string | undefined; }): string; ... 4 more ...'. Did you mean 'editHistoryToken'?
%%TEMP/cashu_pwa/src/stores/tokens.ts(134,22): error TS2551: Property 'historyTokens' does not exist on type '{ addPaidToken({ amount, token, mint, unit, fee, paymentRequest, label, paymentRequestId, }: { amount: number; token: string; mint: string; unit: string; fee?: number | undefined; paymentRequest?: PaymentRequest_2 | undefined; label?: string | undefined; paymentRequestId?: string | undefined; }): string; ... 4 more ...'. Did you mean 'editHistoryToken'?
%%TEMP/cashu_pwa/src/stores/tokens.ts(135,20): error TS2551: Property 'historyTokens' does not exist on type '{ addPaidToken({ amount, token, mint, unit, fee, paymentRequest, label, paymentRequestId, }: { amount: number; token: string; mint: string; unit: string; fee?: number | undefined; paymentRequest?: PaymentRequest_2 | undefined; label?: string | undefined; paymentRequestId?: string | undefined; }): string; ... 4 more ...'. Did you mean 'editHistoryToken'?
%%TEMP/cashu_pwa/src/stores/tokens.ts(137,20): error TS2551: Property 'historyTokens' does not exist on type '{ addPaidToken({ amount, token, mint, unit, fee, paymentRequest, label, paymentRequestId, }: { amount: number; token: string; mint: string; unit: string; fee?: number | undefined; paymentRequest?: PaymentRequest_2 | undefined; label?: string | undefined; paymentRequestId?: string | undefined; }): string; ... 4 more ...'. Did you mean 'editHistoryToken'?
%%TEMP/cashu_pwa/src/stores/tokens.ts(141,18): error TS2551: Property 'historyTokens' does not exist on type '{ addPaidToken({ amount, token, mint, unit, fee, paymentRequest, label, paymentRequestId, }: { amount: number; token: string; mint: string; unit: string; fee?: number | undefined; paymentRequest?: PaymentRequest_2 | undefined; label?: string | undefined; paymentRequestId?: string | undefined; }): string; ... 4 more ...'. Did you mean 'editHistoryToken'?
%%TEMP/cashu_pwa/src/stores/tokens.ts(144,18): error TS2551: Property 'historyTokens' does not exist on type '{ addPaidToken({ amount, token, mint, unit, fee, paymentRequest, label, paymentRequestId, }: { amount: number; token: string; mint: string; unit: string; fee?: number | undefined; paymentRequest?: PaymentRequest_2 | undefined; label?: string | undefined; paymentRequestId?: string | undefined; }): string; ... 4 more ...'. Did you mean 'editHistoryToken'?
%%TEMP/cashu_pwa/src/stores/tokens.ts(148,21): error TS2551: Property 'historyTokens' does not exist on type '{ addPaidToken({ amount, token, mint, unit, fee, paymentRequest, label, paymentRequestId, }: { amount: number; token: string; mint: string; unit: string; fee?: number | undefined; paymentRequest?: PaymentRequest_2 | undefined; label?: string | undefined; paymentRequestId?: string | undefined; }): string; ... 4 more ...'. Did you mean 'editHistoryToken'?
%%TEMP/cashu_pwa/src/stores/tokens.ts(154,26): error TS2551: Property 'historyTokens' does not exist on type '{ addPaidToken({ amount, token, mint, unit, fee, paymentRequest, label, paymentRequestId, }: { amount: number; token: string; mint: string; unit: string; fee?: number | undefined; paymentRequest?: PaymentRequest_2 | undefined; label?: string | undefined; paymentRequestId?: string | undefined; }): string; ... 4 more ...'. Did you mean 'editHistoryToken'?
%%TEMP/cashu_pwa/src/stores/tokens.ts(158,14): error TS2551: Property 'historyTokens' does not exist on type '{ addPaidToken({ amount, token, mint, unit, fee, paymentRequest, label, paymentRequestId, }: { amount: number; token: string; mint: string; unit: string; fee?: number | undefined; paymentRequest?: PaymentRequest_2 | undefined; label?: string | undefined; paymentRequestId?: string | undefined; }): string; ... 4 more ...'. Did you mean 'editHistoryToken'?
%%TEMP/cashu_pwa/src/stores/tokens.ts(162,26): error TS2551: Property 'historyTokens' does not exist on type '{ addPaidToken({ amount, token, mint, unit, fee, paymentRequest, label, paymentRequestId, }: { amount: number; token: string; mint: string; unit: string; fee?: number | undefined; paymentRequest?: PaymentRequest_2 | undefined; label?: string | undefined; paymentRequestId?: string | undefined; }): string; ... 4 more ...'. Did you mean 'editHistoryToken'?
%%TEMP/cashu_pwa/src/stores/tokens.ts(164,14): error TS2551: Property 'historyTokens' does not exist on type '{ addPaidToken({ amount, token, mint, unit, fee, paymentRequest, label, paymentRequestId, }: { amount: number; token: string; mint: string; unit: string; fee?: number | undefined; paymentRequest?: PaymentRequest_2 | undefined; label?: string | undefined; paymentRequestId?: string | undefined; }): string; ... 4 more ...'. Did you mean 'editHistoryToken'?
%%TEMP/cashu_pwa/src/stores/tokens.ts(168,19): error TS2551: Property 'historyTokens' does not exist on type '{ addPaidToken({ amount, token, mint, unit, fee, paymentRequest, label, paymentRequestId, }: { amount: number; token: string; mint: string; unit: string; fee?: number | undefined; paymentRequest?: PaymentRequest_2 | undefined; label?: string | undefined; paymentRequestId?: string | undefined; }): string; ... 4 more ...'. Did you mean 'editHistoryToken'?
%%TEMP/cashu_pwa/src/stores/ui.ts(1,29): error TS2307: Cannot find module 'pinia' or its corresponding type declarations.
%%TEMP/cashu_pwa/src/stores/ui.ts(3,33): error TS2307: Cannot find module '@vueuse/core' or its corresponding type declarations.
%%TEMP/cashu_pwa/src/stores/ui.ts(11,27): error TS2307: Cannot find module '@capacitor/clipboard' or its corresponding type declarations.
%%TEMP/cashu_pwa/src/stores/ui.ts(12,38): error TS2307: Cannot find module '@capacitor/haptics' or its corresponding type declarations.
%%TEMP/cashu_pwa/src/stores/ui.ts(47,12): error TS2339: Property 'showInvoiceDetails' does not exist on type '{ closeDialogs(): void; lockMutex(): Promise<void>; unlockMutex(): void; triggerActivityOrb(): void; setTab(tab: string): void; formatSat: (value: number) => string; fromMsat: (value: number) => string; ... 5 more ...; vibrate: () => Promise<...>; }'.
%%TEMP/cashu_pwa/src/stores/ui.ts(48,12): error TS2339: Property 'showCreateInvoiceDialog' does not exist on type '{ closeDialogs(): void; lockMutex(): Promise<void>; unlockMutex(): void; triggerActivityOrb(): void; setTab(tab: string): void; formatSat: (value: number) => string; fromMsat: (value: number) => string; ... 5 more ...; vibrate: () => Promise<...>; }'.
%%TEMP/cashu_pwa/src/stores/ui.ts(49,12): error TS2339: Property 'showSendDialog' does not exist on type '{ closeDialogs(): void; lockMutex(): Promise<void>; unlockMutex(): void; triggerActivityOrb(): void; setTab(tab: string): void; formatSat: (value: number) => string; fromMsat: (value: number) => string; ... 5 more ...; vibrate: () => Promise<...>; }'.
%%TEMP/cashu_pwa/src/stores/ui.ts(50,12): error TS2339: Property 'showReceiveDialog' does not exist on type '{ closeDialogs(): void; lockMutex(): Promise<void>; unlockMutex(): void; triggerActivityOrb(): void; setTab(tab: string): void; formatSat: (value: number) => string; fromMsat: (value: number) => string; ... 5 more ...; vibrate: () => Promise<...>; }'.
%%TEMP/cashu_pwa/src/stores/ui.ts(51,12): error TS2339: Property 'showReceiveEcashDrawer' does not exist on type '{ closeDialogs(): void; lockMutex(): Promise<void>; unlockMutex(): void; triggerActivityOrb(): void; setTab(tab: string): void; formatSat: (value: number) => string; fromMsat: (value: number) => string; ... 5 more ...; vibrate: () => Promise<...>; }'.
%%TEMP/cashu_pwa/src/stores/ui.ts(58,19): error TS2339: Property 'globalMutexLock' does not exist on type '{ closeDialogs(): void; lockMutex(): Promise<void>; unlockMutex(): void; triggerActivityOrb(): void; setTab(tab: string): void; formatSat: (value: number) => string; fromMsat: (value: number) => string; ... 5 more ...; vibrate: () => Promise<...>; }'.
%%TEMP/cashu_pwa/src/stores/ui.ts(67,12): error TS2339: Property 'globalMutexLock' does not exist on type '{ closeDialogs(): void; lockMutex(): Promise<void>; unlockMutex(): void; triggerActivityOrb(): void; setTab(tab: string): void; formatSat: (value: number) => string; fromMsat: (value: number) => string; ... 5 more ...; vibrate: () => Promise<...>; }'.
%%TEMP/cashu_pwa/src/stores/ui.ts(70,12): error TS2339: Property 'globalMutexLock' does not exist on type '{ closeDialogs(): void; lockMutex(): Promise<void>; unlockMutex(): void; triggerActivityOrb(): void; setTab(tab: string): void; formatSat: (value: number) => string; fromMsat: (value: number) => string; ... 5 more ...; vibrate: () => Promise<...>; }'.
%%TEMP/cashu_pwa/src/stores/ui.ts(73,12): error TS2339: Property 'activityOrb' does not exist on type '{ closeDialogs(): void; lockMutex(): Promise<void>; unlockMutex(): void; triggerActivityOrb(): void; setTab(tab: string): void; formatSat: (value: number) => string; fromMsat: (value: number) => string; ... 5 more ...; vibrate: () => Promise<...>; }'.
%%TEMP/cashu_pwa/src/stores/ui.ts(76,12): error TS2339: Property 'tab' does not exist on type '{ closeDialogs(): void; lockMutex(): Promise<void>; unlockMutex(): void; triggerActivityOrb(): void; setTab(tab: string): void; formatSat: (value: number) => string; fromMsat: (value: number) => string; ... 5 more ...; vibrate: () => Promise<...>; }'.
%%TEMP/cashu_pwa/src/stores/ui.ts(118,12): error TS2339: Property 'showDebugConsole' does not exist on type '{ closeDialogs(): void; lockMutex(): Promise<void>; unlockMutex(): void; triggerActivityOrb(): void; setTab(tab: string): void; formatSat: (value: number) => string; fromMsat: (value: number) => string; ... 5 more ...; vibrate: () => Promise<...>; }'.
%%TEMP/cashu_pwa/src/stores/ui.ts(118,37): error TS2339: Property 'showDebugConsole' does not exist on type '{ closeDialogs(): void; lockMutex(): Promise<void>; unlockMutex(): void; triggerActivityOrb(): void; setTab(tab: string): void; formatSat: (value: number) => string; fromMsat: (value: number) => string; ... 5 more ...; vibrate: () => Promise<...>; }'.
%%TEMP/cashu_pwa/src/stores/ui.ts(119,16): error TS2339: Property 'showDebugConsole' does not exist on type '{ closeDialogs(): void; lockMutex(): Promise<void>; unlockMutex(): void; triggerActivityOrb(): void; setTab(tab: string): void; formatSat: (value: number) => string; fromMsat: (value: number) => string; ... 5 more ...; vibrate: () => Promise<...>; }'.
%%TEMP/cashu_pwa/src/stores/ui.ts(126,17): error TS2339: Property 'showDebugConsole' does not exist on type '{ closeDialogs(): void; lockMutex(): Promise<void>; unlockMutex(): void; triggerActivityOrb(): void; setTab(tab: string): void; formatSat: (value: number) => string; fromMsat: (value: number) => string; ... 5 more ...; vibrate: () => Promise<...>; }'.
%%TEMP/cashu_pwa/src/stores/wallet.ts(1,29): error TS2307: Cannot find module 'pinia' or its corresponding type declarations.
%%TEMP/cashu_pwa/src/stores/wallet.ts(2,32): error TS2307: Cannot find module 'src/js/utils' or its corresponding type declarations.
%%TEMP/cashu_pwa/src/stores/wallet.ts(4,33): error TS2307: Cannot find module '@vueuse/core' or its corresponding type declarations.
%%TEMP/cashu_pwa/src/stores/wallet.ts(8,28): error TS2307: Cannot find module 'src/stores/ui' or its corresponding type declarations.
%%TEMP/cashu_pwa/src/stores/wallet.ts(9,30): error TS2307: Cannot find module 'src/stores/p2pk' or its corresponding type declarations.
%%TEMP/cashu_pwa/src/stores/wallet.ts(10,36): error TS2307: Cannot find module 'src/stores/sendTokensStore' or its corresponding type declarations.
%%TEMP/cashu_pwa/src/stores/wallet.ts(14,33): error TS2307: Cannot find module '@noble/secp256k1' or its corresponding type declarations.
%%TEMP/cashu_pwa/src/stores/wallet.ts(15,28): error TS2307: Cannot find module '@noble/hashes/utils' or its corresponding type declarations.
%%TEMP/cashu_pwa/src/stores/wallet.ts(17,20): error TS2307: Cannot find module 'underscore' or its corresponding type declarations.
%%TEMP/cashu_pwa/src/stores/wallet.ts(18,19): error TS2307: Cannot find module 'src/js/token' or its corresponding type declarations.
%%TEMP/cashu_pwa/src/stores/wallet.ts(25,8): error TS2307: Cannot find module 'src/js/notify' or its corresponding type declarations.
%%TEMP/cashu_pwa/src/stores/wallet.ts(27,3): error TS2305: Module '"@cashu/cashu-ts"' has no exported member 'CashuMint'.
%%TEMP/cashu_pwa/src/stores/wallet.ts(28,3): error TS2305: Module '"@cashu/cashu-ts"' has no exported member 'CashuWallet'.
%%TEMP/cashu_pwa/src/stores/wallet.ts(31,3): error TS2724: '"@cashu/cashu-ts"' has no exported member named 'MeltQuotePayload'. Did you mean 'MintQuotePayload'?
%%TEMP/cashu_pwa/src/stores/wallet.ts(43,29): error TS2307: Cannot find module '@cashu/crypto/modules/common' or its corresponding type declarations.
%%TEMP/cashu_pwa/src/stores/wallet.ts(47,19): error TS2307: Cannot find module 'axios' or its corresponding type declarations.
%%TEMP/cashu_pwa/src/stores/wallet.ts(48,22): error TS2307: Cannot find module 'quasar' or its corresponding type declarations.
%%TEMP/cashu_pwa/src/stores/wallet.ts(54,26): error TS2307: Cannot find module '@scure/bip39/wordlists/english' or its corresponding type declarations.
%%TEMP/cashu_pwa/src/stores/wallet.ts(57,25): error TS2307: Cannot find module 'vue-i18n' or its corresponding type declarations.
%%TEMP/cashu_pwa/src/stores/wallet.ts(61,8): error TS2307: Cannot find module 'src/js/legacy-qr' or its corresponding type declarations.
%%TEMP/cashu_pwa/src/stores/wallet.ts(170,16): error TS2339: Property 'mnemonic' does not exist on type '{ wallet(): any; seed(): Uint8Array<ArrayBufferLike>; }'.
%%TEMP/cashu_pwa/src/stores/wallet.ts(171,14): error TS2339: Property 'mnemonic' does not exist on type '{ wallet(): any; seed(): Uint8Array<ArrayBufferLike>; }'.
%%TEMP/cashu_pwa/src/stores/wallet.ts(173,37): error TS2339: Property 'mnemonic' does not exist on type '{ wallet(): any; seed(): Uint8Array<ArrayBufferLike>; }'.
%%TEMP/cashu_pwa/src/stores/wallet.ts(185,38): error TS2339: Property 'mnemonic' does not exist on type '{ wallet(): any; seed(): Uint8Array<ArrayBufferLike>; }'.
%%TEMP/cashu_pwa/src/stores/wallet.ts(190,12): error TS2339: Property 'mnemonic' does not exist on type '{ setMnemonicFromUser: (mnemonic: string) => void; mintWallet(url: string, unit: string, updateKeysets?: boolean): Promise<CashuWallet>; mintWalletSync(url: string, unit: string): CashuWallet; ... 39 more ...; handleOutputsHaveAlreadyBeenSignedError: (keysetId: string, error: any) => boolean; }'.
%%TEMP/cashu_pwa/src/stores/wallet.ts(243,16): error TS2339: Property 'mnemonic' does not exist on type '{ setMnemonicFromUser: (mnemonic: string) => void; mintWallet(url: string, unit: string, updateKeysets?: boolean): Promise<CashuWallet>; mintWalletSync(url: string, unit: string): CashuWallet; ... 39 more ...; handleOutputsHaveAlreadyBeenSignedError: (keysetId: string, error: any) => boolean; }'.
%%TEMP/cashu_pwa/src/stores/wallet.ts(244,14): error TS2339: Property 'mnemonic' does not exist on type '{ setMnemonicFromUser: (mnemonic: string) => void; mintWallet(url: string, unit: string, updateKeysets?: boolean): Promise<CashuWallet>; mintWalletSync(url: string, unit: string): CashuWallet; ... 39 more ...; handleOutputsHaveAlreadyBeenSignedError: (keysetId: string, error: any) => boolean; }'.
%%TEMP/cashu_pwa/src/stores/wallet.ts(246,37): error TS2339: Property 'mnemonic' does not exist on type '{ setMnemonicFromUser: (mnemonic: string) => void; mintWallet(url: string, unit: string, updateKeysets?: boolean): Promise<CashuWallet>; mintWalletSync(url: string, unit: string): CashuWallet; ... 39 more ...; handleOutputsHaveAlreadyBeenSignedError: (keysetId: string, error: any) => boolean; }'.
%%TEMP/cashu_pwa/src/stores/wallet.ts(262,40): error TS2339: Property 'oldMnemonicCounters' does not exist on type '{ setMnemonicFromUser: (mnemonic: string) => void; mintWallet(url: string, unit: string, updateKeysets?: boolean): Promise<CashuWallet>; mintWalletSync(url: string, unit: string): CashuWallet; ... 39 more ...; handleOutputsHaveAlreadyBeenSignedError: (keysetId: string, error: any) => boolean; }'.
%%TEMP/cashu_pwa/src/stores/wallet.ts(263,35): error TS2551: Property 'keysetCounters' does not exist on type '{ setMnemonicFromUser: (mnemonic: string) => void; mintWallet(url: string, unit: string, updateKeysets?: boolean): Promise<CashuWallet>; mintWalletSync(url: string, unit: string): CashuWallet; ... 39 more ...; handleOutputsHaveAlreadyBeenSignedError: (keysetId: string, error: any) => boolean; }'. Did you mean 'keysetCounter'?
%%TEMP/cashu_pwa/src/stores/wallet.ts(264,49): error TS2339: Property 'mnemonic' does not exist on type '{ setMnemonicFromUser: (mnemonic: string) => void; mintWallet(url: string, unit: string, updateKeysets?: boolean): Promise<CashuWallet>; mintWalletSync(url: string, unit: string): CashuWallet; ... 39 more ...; handleOutputsHaveAlreadyBeenSignedError: (keysetId: string, error: any) => boolean; }'.
%%TEMP/cashu_pwa/src/stores/wallet.ts(265,12): error TS2551: Property 'keysetCounters' does not exist on type '{ setMnemonicFromUser: (mnemonic: string) => void; mintWallet(url: string, unit: string, updateKeysets?: boolean): Promise<CashuWallet>; mintWalletSync(url: string, unit: string): CashuWallet; ... 39 more ...; handleOutputsHaveAlreadyBeenSignedError: (keysetId: string, error: any) => boolean; }'. Did you mean 'keysetCounter'?
%%TEMP/cashu_pwa/src/stores/wallet.ts(266,12): error TS2339: Property 'mnemonic' does not exist on type '{ setMnemonicFromUser: (mnemonic: string) => void; mintWallet(url: string, unit: string, updateKeysets?: boolean): Promise<CashuWallet>; mintWalletSync(url: string, unit: string): CashuWallet; ... 39 more ...; handleOutputsHaveAlreadyBeenSignedError: (keysetId: string, error: any) => boolean; }'.
%%TEMP/cashu_pwa/src/stores/wallet.ts(269,34): error TS2551: Property 'keysetCounters' does not exist on type '{ setMnemonicFromUser: (mnemonic: string) => void; mintWallet(url: string, unit: string, updateKeysets?: boolean): Promise<CashuWallet>; mintWalletSync(url: string, unit: string): CashuWallet; ... 39 more ...; handleOutputsHaveAlreadyBeenSignedError: (keysetId: string, error: any) => boolean; }'. Did you mean 'keysetCounter'?
%%TEMP/cashu_pwa/src/stores/wallet.ts(273,14): error TS2551: Property 'keysetCounters' does not exist on type '{ setMnemonicFromUser: (mnemonic: string) => void; mintWallet(url: string, unit: string, updateKeysets?: boolean): Promise<CashuWallet>; mintWalletSync(url: string, unit: string): CashuWallet; ... 39 more ...; handleOutputsHaveAlreadyBeenSignedError: (keysetId: string, error: any) => boolean; }'. Did you mean 'keysetCounter'?
%%TEMP/cashu_pwa/src/stores/wallet.ts(278,34): error TS2551: Property 'keysetCounters' does not exist on type '{ setMnemonicFromUser: (mnemonic: string) => void; mintWallet(url: string, unit: string, updateKeysets?: boolean): Promise<CashuWallet>; mintWalletSync(url: string, unit: string): CashuWallet; ... 39 more ...; handleOutputsHaveAlreadyBeenSignedError: (keysetId: string, error: any) => boolean; }'. Did you mean 'keysetCounter'?
%%TEMP/cashu_pwa/src/stores/wallet.ts(283,14): error TS2551: Property 'keysetCounters' does not exist on type '{ setMnemonicFromUser: (mnemonic: string) => void; mintWallet(url: string, unit: string, updateKeysets?: boolean): Promise<CashuWallet>; mintWalletSync(url: string, unit: string): CashuWallet; ... 39 more ...; handleOutputsHaveAlreadyBeenSignedError: (keysetId: string, error: any) => boolean; }'. Did you mean 'keysetCounter'?
%%TEMP/cashu_pwa/src/stores/wallet.ts(302,49): error TS2345: Argument of type 'string | null' is not assignable to parameter of type 'string'.
  Type 'null' is not assignable to type 'string'.
%%TEMP/cashu_pwa/src/stores/wallet.ts(334,28): error TS2339: Property 'invoiceHistory' does not exist on type '{ setMnemonicFromUser: (mnemonic: string) => void; mintWallet(url: string, unit: string, updateKeysets?: boolean): Promise<CashuWallet>; mintWalletSync(url: string, unit: string): CashuWallet; ... 39 more ...; handleOutputsHaveAlreadyBeenSignedError: (keysetId: string, error: any) => boolean; }'.
%%TEMP/cashu_pwa/src/stores/wallet.ts(400,26): error TS2339: Property 't' does not exist on type '{ setMnemonicFromUser: (mnemonic: string) => void; mintWallet(url: string, unit: string, updateKeysets?: boolean): Promise<CashuWallet>; mintWalletSync(url: string, unit: string): CashuWallet; ... 39 more ...; handleOutputsHaveAlreadyBeenSignedError: (keysetId: string, error: any) => boolean; }'.
%%TEMP/cashu_pwa/src/stores/wallet.ts(405,19): error TS2339: Property 'wallet' does not exist on type '{ setMnemonicFromUser: (mnemonic: string) => void; mintWallet(url: string, unit: string, updateKeysets?: boolean): Promise<CashuWallet>; mintWalletSync(url: string, unit: string): CashuWallet; ... 39 more ...; handleOutputsHaveAlreadyBeenSignedError: (keysetId: string, error: any) => boolean; }'.
%%TEMP/cashu_pwa/src/stores/wallet.ts(620,28): error TS2339: Property 't' does not exist on type '{ setMnemonicFromUser: (mnemonic: string) => void; mintWallet(url: string, unit: string, updateKeysets?: boolean): Promise<CashuWallet>; mintWalletSync(url: string, unit: string): CashuWallet; ... 39 more ...; handleOutputsHaveAlreadyBeenSignedError: (keysetId: string, error: any) => boolean; }'.
%%TEMP/cashu_pwa/src/stores/wallet.ts(624,27): error TS2339: Property 't' does not exist on type '{ setMnemonicFromUser: (mnemonic: string) => void; mintWallet(url: string, unit: string, updateKeysets?: boolean): Promise<CashuWallet>; mintWalletSync(url: string, unit: string): CashuWallet; ... 39 more ...; handleOutputsHaveAlreadyBeenSignedError: (keysetId: string, error: any) => boolean; }'.
%%TEMP/cashu_pwa/src/stores/wallet.ts(669,14): error TS2339: Property 'invoiceData' does not exist on type '{ setMnemonicFromUser: (mnemonic: string) => void; mintWallet(url: string, unit: string, updateKeysets?: boolean): Promise<CashuWallet>; mintWalletSync(url: string, unit: string): CashuWallet; ... 39 more ...; handleOutputsHaveAlreadyBeenSignedError: (keysetId: string, error: any) => boolean; }'.
%%TEMP/cashu_pwa/src/stores/wallet.ts(670,14): error TS2339: Property 'invoiceData' does not exist on type '{ setMnemonicFromUser: (mnemonic: string) => void; mintWallet(url: string, unit: string, updateKeysets?: boolean): Promise<CashuWallet>; mintWalletSync(url: string, unit: string): CashuWallet; ... 39 more ...; handleOutputsHaveAlreadyBeenSignedError: (keysetId: string, error: any) => boolean; }'.
%%TEMP/cashu_pwa/src/stores/wallet.ts(671,14): error TS2339: Property 'invoiceData' does not exist on type '{ setMnemonicFromUser: (mnemonic: string) => void; mintWallet(url: string, unit: string, updateKeysets?: boolean): Promise<CashuWallet>; mintWalletSync(url: string, unit: string): CashuWallet; ... 39 more ...; handleOutputsHaveAlreadyBeenSignedError: (keysetId: string, error: any) => boolean; }'.
%%TEMP/cashu_pwa/src/stores/wallet.ts(672,14): error TS2339: Property 'invoiceData' does not exist on type '{ setMnemonicFromUser: (mnemonic: string) => void; mintWallet(url: string, unit: string, updateKeysets?: boolean): Promise<CashuWallet>; mintWalletSync(url: string, unit: string): CashuWallet; ... 39 more ...; handleOutputsHaveAlreadyBeenSignedError: (keysetId: string, error: any) => boolean; }'.
%%TEMP/cashu_pwa/src/stores/wallet.ts(673,14): error TS2339: Property 'invoiceData' does not exist on type '{ setMnemonicFromUser: (mnemonic: string) => void; mintWallet(url: string, unit: string, updateKeysets?: boolean): Promise<CashuWallet>; mintWalletSync(url: string, unit: string): CashuWallet; ... 39 more ...; handleOutputsHaveAlreadyBeenSignedError: (keysetId: string, error: any) => boolean; }'.
%%TEMP/cashu_pwa/src/stores/wallet.ts(674,14): error TS2339: Property 'invoiceData' does not exist on type '{ setMnemonicFromUser: (mnemonic: string) => void; mintWallet(url: string, unit: string, updateKeysets?: boolean): Promise<CashuWallet>; mintWalletSync(url: string, unit: string): CashuWallet; ... 39 more ...; handleOutputsHaveAlreadyBeenSignedError: (keysetId: string, error: any) => boolean; }'.
%%TEMP/cashu_pwa/src/stores/wallet.ts(675,14): error TS2339: Property 'invoiceData' does not exist on type '{ setMnemonicFromUser: (mnemonic: string) => void; mintWallet(url: string, unit: string, updateKeysets?: boolean): Promise<CashuWallet>; mintWalletSync(url: string, unit: string): CashuWallet; ... 39 more ...; handleOutputsHaveAlreadyBeenSignedError: (keysetId: string, error: any) => boolean; }'.
%%TEMP/cashu_pwa/src/stores/wallet.ts(676,14): error TS2339: Property 'invoiceData' does not exist on type '{ setMnemonicFromUser: (mnemonic: string) => void; mintWallet(url: string, unit: string, updateKeysets?: boolean): Promise<CashuWallet>; mintWalletSync(url: string, unit: string): CashuWallet; ... 39 more ...; handleOutputsHaveAlreadyBeenSignedError: (keysetId: string, error: any) => boolean; }'.
%%TEMP/cashu_pwa/src/stores/wallet.ts(677,14): error TS2339: Property 'invoiceData' does not exist on type '{ setMnemonicFromUser: (mnemonic: string) => void; mintWallet(url: string, unit: string, updateKeysets?: boolean): Promise<CashuWallet>; mintWalletSync(url: string, unit: string): CashuWallet; ... 39 more ...; handleOutputsHaveAlreadyBeenSignedError: (keysetId: string, error: any) => boolean; }'.
%%TEMP/cashu_pwa/src/stores/wallet.ts(678,14): error TS2339: Property 'invoiceHistory' does not exist on type '{ setMnemonicFromUser: (mnemonic: string) => void; mintWallet(url: string, unit: string, updateKeysets?: boolean): Promise<CashuWallet>; mintWalletSync(url: string, unit: string): CashuWallet; ... 39 more ...; handleOutputsHaveAlreadyBeenSignedError: (keysetId: string, error: any) => boolean; }'.
%%TEMP/cashu_pwa/src/stores/wallet.ts(679,19): error TS2339: Property 'invoiceData' does not exist on type '{ setMnemonicFromUser: (mnemonic: string) => void; mintWallet(url: string, unit: string, updateKeysets?: boolean): Promise<CashuWallet>; mintWalletSync(url: string, unit: string): CashuWallet; ... 39 more ...; handleOutputsHaveAlreadyBeenSignedError: (keysetId: string, error: any) => boolean; }'.
%%TEMP/cashu_pwa/src/stores/wallet.ts(686,16): error TS2339: Property 't' does not exist on type '{ setMnemonicFromUser: (mnemonic: string) => void; mintWallet(url: string, unit: string, updateKeysets?: boolean): Promise<CashuWallet>; mintWalletSync(url: string, unit: string): CashuWallet; ... 39 more ...; handleOutputsHaveAlreadyBeenSignedError: (keysetId: string, error: any) => boolean; }'.
%%TEMP/cashu_pwa/src/stores/wallet.ts(718,27): error TS2339: Property 't' does not exist on type '{ setMnemonicFromUser: (mnemonic: string) => void; mintWallet(url: string, unit: string, updateKeysets?: boolean): Promise<CashuWallet>; mintWalletSync(url: string, unit: string): CashuWallet; ... 39 more ...; handleOutputsHaveAlreadyBeenSignedError: (keysetId: string, error: any) => boolean; }'.
%%TEMP/cashu_pwa/src/stores/wallet.ts(760,31): error TS2339: Property 'wallet' does not exist on type '{ setMnemonicFromUser: (mnemonic: string) => void; mintWallet(url: string, unit: string, updateKeysets?: boolean): Promise<CashuWallet>; mintWalletSync(url: string, unit: string): CashuWallet; ... 39 more ...; handleOutputsHaveAlreadyBeenSignedError: (keysetId: string, error: any) => boolean; }'.
%%TEMP/cashu_pwa/src/stores/wallet.ts(762,16): error TS2339: Property 'payInvoiceData' does not exist on type '{ setMnemonicFromUser: (mnemonic: string) => void; mintWallet(url: string, unit: string, updateKeysets?: boolean): Promise<CashuWallet>; mintWalletSync(url: string, unit: string): CashuWallet; ... 39 more ...; handleOutputsHaveAlreadyBeenSignedError: (keysetId: string, error: any) => boolean; }'.
%%TEMP/cashu_pwa/src/stores/wallet.ts(765,12): error TS2339: Property 'payInvoiceData' does not exist on type '{ setMnemonicFromUser: (mnemonic: string) => void; mintWallet(url: string, unit: string, updateKeysets?: boolean): Promise<CashuWallet>; mintWalletSync(url: string, unit: string): CashuWallet; ... 39 more ...; handleOutputsHaveAlreadyBeenSignedError: (keysetId: string, error: any) => boolean; }'.
%%TEMP/cashu_pwa/src/stores/wallet.ts(766,12): error TS2339: Property 'payInvoiceData' does not exist on type '{ setMnemonicFromUser: (mnemonic: string) => void; mintWallet(url: string, unit: string, updateKeysets?: boolean): Promise<CashuWallet>; mintWalletSync(url: string, unit: string): CashuWallet; ... 39 more ...; handleOutputsHaveAlreadyBeenSignedError: (keysetId: string, error: any) => boolean; }'.
%%TEMP/cashu_pwa/src/stores/wallet.ts(769,18): error TS2339: Property 'payInvoiceData' does not exist on type '{ setMnemonicFromUser: (mnemonic: string) => void; mintWallet(url: string, unit: string, updateKeysets?: boolean): Promise<CashuWallet>; mintWalletSync(url: string, unit: string): CashuWallet; ... 39 more ...; handleOutputsHaveAlreadyBeenSignedError: (keysetId: string, error: any) => boolean; }'.
%%TEMP/cashu_pwa/src/stores/wallet.ts(774,25): error TS2339: Property 'payInvoiceData' does not exist on type '{ setMnemonicFromUser: (mnemonic: string) => void; mintWallet(url: string, unit: string, updateKeysets?: boolean): Promise<CashuWallet>; mintWalletSync(url: string, unit: string): CashuWallet; ... 39 more ...; handleOutputsHaveAlreadyBeenSignedError: (keysetId: string, error: any) => boolean; }'.
%%TEMP/cashu_pwa/src/stores/wallet.ts(776,14): error TS2339: Property 'payInvoiceData' does not exist on type '{ setMnemonicFromUser: (mnemonic: string) => void; mintWallet(url: string, unit: string, updateKeysets?: boolean): Promise<CashuWallet>; mintWalletSync(url: string, unit: string): CashuWallet; ... 39 more ...; handleOutputsHaveAlreadyBeenSignedError: (keysetId: string, error: any) => boolean; }'.
%%TEMP/cashu_pwa/src/stores/wallet.ts(779,14): error TS2339: Property 'payInvoiceData' does not exist on type '{ setMnemonicFromUser: (mnemonic: string) => void; mintWallet(url: string, unit: string, updateKeysets?: boolean): Promise<CashuWallet>; mintWalletSync(url: string, unit: string): CashuWallet; ... 39 more ...; handleOutputsHaveAlreadyBeenSignedError: (keysetId: string, error: any) => boolean; }'.
%%TEMP/cashu_pwa/src/stores/wallet.ts(782,14): error TS2339: Property 'payInvoiceData' does not exist on type '{ setMnemonicFromUser: (mnemonic: string) => void; mintWallet(url: string, unit: string, updateKeysets?: boolean): Promise<CashuWallet>; mintWalletSync(url: string, unit: string): CashuWallet; ... 39 more ...; handleOutputsHaveAlreadyBeenSignedError: (keysetId: string, error: any) => boolean; }'.
%%TEMP/cashu_pwa/src/stores/wallet.ts(787,14): error TS2339: Property 'payInvoiceData' does not exist on type '{ setMnemonicFromUser: (mnemonic: string) => void; mintWallet(url: string, unit: string, updateKeysets?: boolean): Promise<CashuWallet>; mintWalletSync(url: string, unit: string): CashuWallet; ... 39 more ...; handleOutputsHaveAlreadyBeenSignedError: (keysetId: string, error: any) => boolean; }'.
%%TEMP/cashu_pwa/src/stores/wallet.ts(810,16): error TS2339: Property 'payInvoiceData' does not exist on type '{ setMnemonicFromUser: (mnemonic: string) => void; mintWallet(url: string, unit: string, updateKeysets?: boolean): Promise<CashuWallet>; mintWalletSync(url: string, unit: string): CashuWallet; ... 39 more ...; handleOutputsHaveAlreadyBeenSignedError: (keysetId: string, error: any) => boolean; }'.
%%TEMP/cashu_pwa/src/stores/wallet.ts(813,26): error TS2339: Property 'payInvoiceData' does not exist on type '{ setMnemonicFromUser: (mnemonic: string) => void; mintWallet(url: string, unit: string, updateKeysets?: boolean): Promise<CashuWallet>; mintWalletSync(url: string, unit: string): CashuWallet; ... 39 more ...; handleOutputsHaveAlreadyBeenSignedError: (keysetId: string, error: any) => boolean; }'.
%%TEMP/cashu_pwa/src/stores/wallet.ts(817,28): error TS2339: Property 'payInvoiceData' does not exist on type '{ setMnemonicFromUser: (mnemonic: string) => void; mintWallet(url: string, unit: string, updateKeysets?: boolean): Promise<CashuWallet>; mintWalletSync(url: string, unit: string): CashuWallet; ... 39 more ...; handleOutputsHaveAlreadyBeenSignedError: (keysetId: string, error: any) => boolean; }'.
%%TEMP/cashu_pwa/src/stores/wallet.ts(819,14): error TS2339: Property 'invoiceHistory' does not exist on type '{ setMnemonicFromUser: (mnemonic: string) => void; mintWallet(url: string, unit: string, updateKeysets?: boolean): Promise<CashuWallet>; mintWalletSync(url: string, unit: string): CashuWallet; ... 39 more ...; handleOutputsHaveAlreadyBeenSignedError: (keysetId: string, error: any) => boolean; }'.
%%TEMP/cashu_pwa/src/stores/wallet.ts(927,18): error TS2339: Property 't' does not exist on type '{ setMnemonicFromUser: (mnemonic: string) => void; mintWallet(url: string, unit: string, updateKeysets?: boolean): Promise<CashuWallet>; mintWalletSync(url: string, unit: string): CashuWallet; ... 39 more ...; handleOutputsHaveAlreadyBeenSignedError: (keysetId: string, error: any) => boolean; }'.
%%TEMP/cashu_pwa/src/stores/wallet.ts(941,14): error TS2339: Property 'payInvoiceData' does not exist on type '{ setMnemonicFromUser: (mnemonic: string) => void; mintWallet(url: string, unit: string, updateKeysets?: boolean): Promise<CashuWallet>; mintWalletSync(url: string, unit: string): CashuWallet; ... 39 more ...; handleOutputsHaveAlreadyBeenSignedError: (keysetId: string, error: any) => boolean; }'.
%%TEMP/cashu_pwa/src/stores/wallet.ts(942,14): error TS2339: Property 'payInvoiceData' does not exist on type '{ setMnemonicFromUser: (mnemonic: string) => void; mintWallet(url: string, unit: string, updateKeysets?: boolean): Promise<CashuWallet>; mintWalletSync(url: string, unit: string): CashuWallet; ... 39 more ...; handleOutputsHaveAlreadyBeenSignedError: (keysetId: string, error: any) => boolean; }'.
%%TEMP/cashu_pwa/src/stores/wallet.ts(962,16): error TS2339: Property 'payInvoiceData' does not exist on type '{ setMnemonicFromUser: (mnemonic: string) => void; mintWallet(url: string, unit: string, updateKeysets?: boolean): Promise<CashuWallet>; mintWalletSync(url: string, unit: string): CashuWallet; ... 39 more ...; handleOutputsHaveAlreadyBeenSignedError: (keysetId: string, error: any) => boolean; }'.
%%TEMP/cashu_pwa/src/stores/wallet.ts(963,23): error TS2339: Property 't' does not exist on type '{ setMnemonicFromUser: (mnemonic: string) => void; mintWallet(url: string, unit: string, updateKeysets?: boolean): Promise<CashuWallet>; mintWalletSync(url: string, unit: string): CashuWallet; ... 39 more ...; handleOutputsHaveAlreadyBeenSignedError: (keysetId: string, error: any) => boolean; }'.
%%TEMP/cashu_pwa/src/stores/wallet.ts(1104,16): error TS2339: Property 't' does not exist on type '{ setMnemonicFromUser: (mnemonic: string) => void; mintWallet(url: string, unit: string, updateKeysets?: boolean): Promise<CashuWallet>; mintWalletSync(url: string, unit: string): CashuWallet; ... 39 more ...; handleOutputsHaveAlreadyBeenSignedError: (keysetId: string, error: any) => boolean; }'.
%%TEMP/cashu_pwa/src/stores/wallet.ts(1114,23): error TS2339: Property 't' does not exist on type '{ setMnemonicFromUser: (mnemonic: string) => void; mintWallet(url: string, unit: string, updateKeysets?: boolean): Promise<CashuWallet>; mintWalletSync(url: string, unit: string): CashuWallet; ... 39 more ...; handleOutputsHaveAlreadyBeenSignedError: (keysetId: string, error: any) => boolean; }'.
%%TEMP/cashu_pwa/src/stores/wallet.ts(1128,28): error TS2339: Property 'invoiceHistory' does not exist on type '{ setMnemonicFromUser: (mnemonic: string) => void; mintWallet(url: string, unit: string, updateKeysets?: boolean): Promise<CashuWallet>; mintWalletSync(url: string, unit: string): CashuWallet; ... 39 more ...; handleOutputsHaveAlreadyBeenSignedError: (keysetId: string, error: any) => boolean; }'.
%%TEMP/cashu_pwa/src/stores/wallet.ts(1147,25): error TS2339: Property 't' does not exist on type '{ setMnemonicFromUser: (mnemonic: string) => void; mintWallet(url: string, unit: string, updateKeysets?: boolean): Promise<CashuWallet>; mintWalletSync(url: string, unit: string): CashuWallet; ... 39 more ...; handleOutputsHaveAlreadyBeenSignedError: (keysetId: string, error: any) => boolean; }'.
%%TEMP/cashu_pwa/src/stores/wallet.ts(1157,16): error TS2339: Property 't' does not exist on type '{ setMnemonicFromUser: (mnemonic: string) => void; mintWallet(url: string, unit: string, updateKeysets?: boolean): Promise<CashuWallet>; mintWalletSync(url: string, unit: string): CashuWallet; ... 39 more ...; handleOutputsHaveAlreadyBeenSignedError: (keysetId: string, error: any) => boolean; }'.
%%TEMP/cashu_pwa/src/stores/wallet.ts(1173,28): error TS2339: Property 'invoiceHistory' does not exist on type '{ setMnemonicFromUser: (mnemonic: string) => void; mintWallet(url: string, unit: string, updateKeysets?: boolean): Promise<CashuWallet>; mintWalletSync(url: string, unit: string): CashuWallet; ... 39 more ...; handleOutputsHaveAlreadyBeenSignedError: (keysetId: string, error: any) => boolean; }'.
%%TEMP/cashu_pwa/src/stores/wallet.ts(1190,25): error TS2339: Property 't' does not exist on type '{ setMnemonicFromUser: (mnemonic: string) => void; mintWallet(url: string, unit: string, updateKeysets?: boolean): Promise<CashuWallet>; mintWalletSync(url: string, unit: string): CashuWallet; ... 39 more ...; handleOutputsHaveAlreadyBeenSignedError: (keysetId: string, error: any) => boolean; }'.
%%TEMP/cashu_pwa/src/stores/wallet.ts(1198,18): error TS2339: Property 't' does not exist on type '{ setMnemonicFromUser: (mnemonic: string) => void; mintWallet(url: string, unit: string, updateKeysets?: boolean): Promise<CashuWallet>; mintWalletSync(url: string, unit: string): CashuWallet; ... 39 more ...; handleOutputsHaveAlreadyBeenSignedError: (keysetId: string, error: any) => boolean; }'.
%%TEMP/cashu_pwa/src/stores/wallet.ts(1210,20): error TS2339: Property 't' does not exist on type '{ setMnemonicFromUser: (mnemonic: string) => void; mintWallet(url: string, unit: string, updateKeysets?: boolean): Promise<CashuWallet>; mintWalletSync(url: string, unit: string): CashuWallet; ... 39 more ...; handleOutputsHaveAlreadyBeenSignedError: (keysetId: string, error: any) => boolean; }'.
%%TEMP/cashu_pwa/src/stores/wallet.ts(1268,14): error TS2339: Property 'activeWebsocketConnections' does not exist on type '{ setMnemonicFromUser: (mnemonic: string) => void; mintWallet(url: string, unit: string, updateKeysets?: boolean): Promise<CashuWallet>; mintWalletSync(url: string, unit: string): CashuWallet; ... 39 more ...; handleOutputsHaveAlreadyBeenSignedError: (keysetId: string, error: any) => boolean; }'.
%%TEMP/cashu_pwa/src/stores/wallet.ts(1270,34): error TS2339: Property 'wallet' does not exist on type '{ setMnemonicFromUser: (mnemonic: string) => void; mintWallet(url: string, unit: string, updateKeysets?: boolean): Promise<CashuWallet>; mintWalletSync(url: string, unit: string): CashuWallet; ... 39 more ...; handleOutputsHaveAlreadyBeenSignedError: (keysetId: string, error: any) => boolean; }'.
%%TEMP/cashu_pwa/src/stores/wallet.ts(1295,14): error TS2339: Property 'activeWebsocketConnections' does not exist on type '{ setMnemonicFromUser: (mnemonic: string) => void; mintWallet(url: string, unit: string, updateKeysets?: boolean): Promise<CashuWallet>; mintWalletSync(url: string, unit: string): CashuWallet; ... 39 more ...; handleOutputsHaveAlreadyBeenSignedError: (keysetId: string, error: any) => boolean; }'.
%%TEMP/cashu_pwa/src/stores/wallet.ts(1312,28): error TS2339: Property 'invoiceHistory' does not exist on type '{ setMnemonicFromUser: (mnemonic: string) => void; mintWallet(url: string, unit: string, updateKeysets?: boolean): Promise<CashuWallet>; mintWalletSync(url: string, unit: string): CashuWallet; ... 39 more ...; handleOutputsHaveAlreadyBeenSignedError: (keysetId: string, error: any) => boolean; }'.
%%TEMP/cashu_pwa/src/stores/wallet.ts(1348,14): error TS2339: Property 'activeWebsocketConnections' does not exist on type '{ setMnemonicFromUser: (mnemonic: string) => void; mintWallet(url: string, unit: string, updateKeysets?: boolean): Promise<CashuWallet>; mintWalletSync(url: string, unit: string): CashuWallet; ... 39 more ...; handleOutputsHaveAlreadyBeenSignedError: (keysetId: string, error: any) => boolean; }'.
%%TEMP/cashu_pwa/src/stores/wallet.ts(1368,20): error TS2339: Property 't' does not exist on type '{ setMnemonicFromUser: (mnemonic: string) => void; mintWallet(url: string, unit: string, updateKeysets?: boolean): Promise<CashuWallet>; mintWalletSync(url: string, unit: string): CashuWallet; ... 39 more ...; handleOutputsHaveAlreadyBeenSignedError: (keysetId: string, error: any) => boolean; }'.
%%TEMP/cashu_pwa/src/stores/wallet.ts(1386,14): error TS2339: Property 'activeWebsocketConnections' does not exist on type '{ setMnemonicFromUser: (mnemonic: string) => void; mintWallet(url: string, unit: string, updateKeysets?: boolean): Promise<CashuWallet>; mintWalletSync(url: string, unit: string): CashuWallet; ... 39 more ...; handleOutputsHaveAlreadyBeenSignedError: (keysetId: string, error: any) => boolean; }'.
%%TEMP/cashu_pwa/src/stores/wallet.ts(1396,12): error TS2339: Property 'invoiceHistory' does not exist on type '{ setMnemonicFromUser: (mnemonic: string) => void; mintWallet(url: string, unit: string, updateKeysets?: boolean): Promise<CashuWallet>; mintWalletSync(url: string, unit: string): CashuWallet; ... 39 more ...; handleOutputsHaveAlreadyBeenSignedError: (keysetId: string, error: any) => boolean; }'.
%%TEMP/cashu_pwa/src/stores/wallet.ts(1398,22): error TS2339: Property 'payInvoiceData' does not exist on type '{ setMnemonicFromUser: (mnemonic: string) => void; mintWallet(url: string, unit: string, updateKeysets?: boolean): Promise<CashuWallet>; mintWalletSync(url: string, unit: string): CashuWallet; ... 39 more ...; handleOutputsHaveAlreadyBeenSignedError: (keysetId: string, error: any) => boolean; }'.
%%TEMP/cashu_pwa/src/stores/wallet.ts(1409,26): error TS2339: Property 'invoiceHistory' does not exist on type '{ setMnemonicFromUser: (mnemonic: string) => void; mintWallet(url: string, unit: string, updateKeysets?: boolean): Promise<CashuWallet>; mintWalletSync(url: string, unit: string): CashuWallet; ... 39 more ...; handleOutputsHaveAlreadyBeenSignedError: (keysetId: string, error: any) => boolean; }'.
%%TEMP/cashu_pwa/src/stores/wallet.ts(1411,14): error TS2339: Property 'invoiceHistory' does not exist on type '{ setMnemonicFromUser: (mnemonic: string) => void; mintWallet(url: string, unit: string, updateKeysets?: boolean): Promise<CashuWallet>; mintWalletSync(url: string, unit: string): CashuWallet; ... 39 more ...; handleOutputsHaveAlreadyBeenSignedError: (keysetId: string, error: any) => boolean; }'.
%%TEMP/cashu_pwa/src/stores/wallet.ts(1418,12): error TS2339: Property 'invoiceHistory' does not exist on type '{ setMnemonicFromUser: (mnemonic: string) => void; mintWallet(url: string, unit: string, updateKeysets?: boolean): Promise<CashuWallet>; mintWalletSync(url: string, unit: string): CashuWallet; ... 39 more ...; handleOutputsHaveAlreadyBeenSignedError: (keysetId: string, error: any) => boolean; }'.
%%TEMP/cashu_pwa/src/stores/wallet.ts(1452,12): error TS2339: Property 'payInvoiceData' does not exist on type '{ setMnemonicFromUser: (mnemonic: string) => void; mintWallet(url: string, unit: string, updateKeysets?: boolean): Promise<CashuWallet>; mintWalletSync(url: string, unit: string): CashuWallet; ... 39 more ...; handleOutputsHaveAlreadyBeenSignedError: (keysetId: string, error: any) => boolean; }'.
%%TEMP/cashu_pwa/src/stores/wallet.ts(1455,45): error TS2339: Property 'payInvoiceData' does not exist on type '{ setMnemonicFromUser: (mnemonic: string) => void; mintWallet(url: string, unit: string, updateKeysets?: boolean): Promise<CashuWallet>; mintWalletSync(url: string, unit: string): CashuWallet; ... 39 more ...; handleOutputsHaveAlreadyBeenSignedError: (keysetId: string, error: any) => boolean; }'.
%%TEMP/cashu_pwa/src/stores/wallet.ts(1458,16): error TS2339: Property 't' does not exist on type '{ setMnemonicFromUser: (mnemonic: string) => void; mintWallet(url: string, unit: string, updateKeysets?: boolean): Promise<CashuWallet>; mintWalletSync(url: string, unit: string): CashuWallet; ... 39 more ...; handleOutputsHaveAlreadyBeenSignedError: (keysetId: string, error: any) => boolean; }'.
%%TEMP/cashu_pwa/src/stores/wallet.ts(1462,14): error TS2339: Property 'payInvoiceData' does not exist on type '{ setMnemonicFromUser: (mnemonic: string) => void; mintWallet(url: string, unit: string, updateKeysets?: boolean): Promise<CashuWallet>; mintWalletSync(url: string, unit: string): CashuWallet; ... 39 more ...; handleOutputsHaveAlreadyBeenSignedError: (keysetId: string, error: any) => boolean; }'.
%%TEMP/cashu_pwa/src/stores/wallet.ts(1502,12): error TS2339: Property 'payInvoiceData' does not exist on type '{ setMnemonicFromUser: (mnemonic: string) => void; mintWallet(url: string, unit: string, updateKeysets?: boolean): Promise<CashuWallet>; mintWalletSync(url: string, unit: string): CashuWallet; ... 39 more ...; handleOutputsHaveAlreadyBeenSignedError: (keysetId: string, error: any) => boolean; }'.
%%TEMP/cashu_pwa/src/stores/wallet.ts(1507,12): error TS2339: Property 'payInvoiceData' does not exist on type '{ setMnemonicFromUser: (mnemonic: string) => void; mintWallet(url: string, unit: string, updateKeysets?: boolean): Promise<CashuWallet>; mintWalletSync(url: string, unit: string): CashuWallet; ... 39 more ...; handleOutputsHaveAlreadyBeenSignedError: (keysetId: string, error: any) => boolean; }'.
%%TEMP/cashu_pwa/src/stores/wallet.ts(1522,12): error TS2339: Property 'payInvoiceData' does not exist on type '{ setMnemonicFromUser: (mnemonic: string) => void; mintWallet(url: string, unit: string, updateKeysets?: boolean): Promise<CashuWallet>; mintWalletSync(url: string, unit: string): CashuWallet; ... 39 more ...; handleOutputsHaveAlreadyBeenSignedError: (keysetId: string, error: any) => boolean; }'.
%%TEMP/cashu_pwa/src/stores/wallet.ts(1524,14): error TS2339: Property 'payInvoiceData' does not exist on type '{ setMnemonicFromUser: (mnemonic: string) => void; mintWallet(url: string, unit: string, updateKeysets?: boolean): Promise<CashuWallet>; mintWalletSync(url: string, unit: string): CashuWallet; ... 39 more ...; handleOutputsHaveAlreadyBeenSignedError: (keysetId: string, error: any) => boolean; }'.
%%TEMP/cashu_pwa/src/stores/wallet.ts(1527,14): error TS2339: Property 'payInvoiceData' does not exist on type '{ setMnemonicFromUser: (mnemonic: string) => void; mintWallet(url: string, unit: string, updateKeysets?: boolean): Promise<CashuWallet>; mintWalletSync(url: string, unit: string): CashuWallet; ... 39 more ...; handleOutputsHaveAlreadyBeenSignedError: (keysetId: string, error: any) => boolean; }'.
%%TEMP/cashu_pwa/src/stores/wallet.ts(1532,16): error TS2339: Property 'payInvoiceData' does not exist on type '{ setMnemonicFromUser: (mnemonic: string) => void; mintWallet(url: string, unit: string, updateKeysets?: boolean): Promise<CashuWallet>; mintWalletSync(url: string, unit: string): CashuWallet; ... 39 more ...; handleOutputsHaveAlreadyBeenSignedError: (keysetId: string, error: any) => boolean; }'.
%%TEMP/cashu_pwa/src/stores/wallet.ts(1536,14): error TS2339: Property 'payInvoiceData' does not exist on type '{ setMnemonicFromUser: (mnemonic: string) => void; mintWallet(url: string, unit: string, updateKeysets?: boolean): Promise<CashuWallet>; mintWalletSync(url: string, unit: string): CashuWallet; ... 39 more ...; handleOutputsHaveAlreadyBeenSignedError: (keysetId: string, error: any) => boolean; }'.
%%TEMP/cashu_pwa/src/stores/wallet.ts(1537,39): error TS2339: Property 'payInvoiceData' does not exist on type '{ setMnemonicFromUser: (mnemonic: string) => void; mintWallet(url: string, unit: string, updateKeysets?: boolean): Promise<CashuWallet>; mintWalletSync(url: string, unit: string): CashuWallet; ... 39 more ...; handleOutputsHaveAlreadyBeenSignedError: (keysetId: string, error: any) => boolean; }'.
%%TEMP/cashu_pwa/src/stores/wallet.ts(1539,14): error TS2339: Property 'payInvoiceData' does not exist on type '{ setMnemonicFromUser: (mnemonic: string) => void; mintWallet(url: string, unit: string, updateKeysets?: boolean): Promise<CashuWallet>; mintWalletSync(url: string, unit: string): CashuWallet; ... 39 more ...; handleOutputsHaveAlreadyBeenSignedError: (keysetId: string, error: any) => boolean; }'.
%%TEMP/cashu_pwa/src/stores/wallet.ts(1542,39): error TS2339: Property 'payInvoiceData' does not exist on type '{ setMnemonicFromUser: (mnemonic: string) => void; mintWallet(url: string, unit: string, updateKeysets?: boolean): Promise<CashuWallet>; mintWalletSync(url: string, unit: string): CashuWallet; ... 39 more ...; handleOutputsHaveAlreadyBeenSignedError: (keysetId: string, error: any) => boolean; }'.
%%TEMP/cashu_pwa/src/stores/wallet.ts(1547,14): error TS2339: Property 'payInvoiceData' does not exist on type '{ setMnemonicFromUser: (mnemonic: string) => void; mintWallet(url: string, unit: string, updateKeysets?: boolean): Promise<CashuWallet>; mintWalletSync(url: string, unit: string): CashuWallet; ... 39 more ...; handleOutputsHaveAlreadyBeenSignedError: (keysetId: string, error: any) => boolean; }'.
%%TEMP/cashu_pwa/src/stores/wallet.ts(1548,39): error TS2339: Property 'payInvoiceData' does not exist on type '{ setMnemonicFromUser: (mnemonic: string) => void; mintWallet(url: string, unit: string, updateKeysets?: boolean): Promise<CashuWallet>; mintWalletSync(url: string, unit: string): CashuWallet; ... 39 more ...; handleOutputsHaveAlreadyBeenSignedError: (keysetId: string, error: any) => boolean; }'.
%%TEMP/cashu_pwa/src/stores/wallet.ts(1570,16): error TS2339: Property 'payInvoiceData' does not exist on type '{ setMnemonicFromUser: (mnemonic: string) => void; mintWallet(url: string, unit: string, updateKeysets?: boolean): Promise<CashuWallet>; mintWalletSync(url: string, unit: string): CashuWallet; ... 39 more ...; handleOutputsHaveAlreadyBeenSignedError: (keysetId: string, error: any) => boolean; }'.
%%TEMP/cashu_pwa/src/stores/wallet.ts(1575,18): error TS2339: Property 't' does not exist on type '{ setMnemonicFromUser: (mnemonic: string) => void; mintWallet(url: string, unit: string, updateKeysets?: boolean): Promise<CashuWallet>; mintWalletSync(url: string, unit: string): CashuWallet; ... 39 more ...; handleOutputsHaveAlreadyBeenSignedError: (keysetId: string, error: any) => boolean; }'.
%%TEMP/cashu_pwa/src/stores/wallet.ts(1576,18): error TS2339: Property 't' does not exist on type '{ setMnemonicFromUser: (mnemonic: string) => void; mintWallet(url: string, unit: string, updateKeysets?: boolean): Promise<CashuWallet>; mintWalletSync(url: string, unit: string): CashuWallet; ... 39 more ...; handleOutputsHaveAlreadyBeenSignedError: (keysetId: string, error: any) => boolean; }'.
%%TEMP/cashu_pwa/src/stores/wallet.ts(1602,16): error TS2339: Property 't' does not exist on type '{ setMnemonicFromUser: (mnemonic: string) => void; mintWallet(url: string, unit: string, updateKeysets?: boolean): Promise<CashuWallet>; mintWalletSync(url: string, unit: string): CashuWallet; ... 39 more ...; handleOutputsHaveAlreadyBeenSignedError: (keysetId: string, error: any) => boolean; }'.
%%TEMP/cashu_pwa/src/stores/wallet.ts(1603,16): error TS2339: Property 't' does not exist on type '{ setMnemonicFromUser: (mnemonic: string) => void; mintWallet(url: string, unit: string, updateKeysets?: boolean): Promise<CashuWallet>; mintWalletSync(url: string, unit: string): CashuWallet; ... 39 more ...; handleOutputsHaveAlreadyBeenSignedError: (keysetId: string, error: any) => boolean; }'.
%%TEMP/cashu_pwa/src/stores/wallet.ts(1608,14): error TS2339: Property 'payInvoiceData' does not exist on type '{ setMnemonicFromUser: (mnemonic: string) => void; mintWallet(url: string, unit: string, updateKeysets?: boolean): Promise<CashuWallet>; mintWalletSync(url: string, unit: string): CashuWallet; ... 39 more ...; handleOutputsHaveAlreadyBeenSignedError: (keysetId: string, error: any) => boolean; }'.
%%TEMP/cashu_pwa/src/stores/wallet.ts(1609,14): error TS2339: Property 'payInvoiceData' does not exist on type '{ setMnemonicFromUser: (mnemonic: string) => void; mintWallet(url: string, unit: string, updateKeysets?: boolean): Promise<CashuWallet>; mintWalletSync(url: string, unit: string): CashuWallet; ... 39 more ...; handleOutputsHaveAlreadyBeenSignedError: (keysetId: string, error: any) => boolean; }'.
%%TEMP/cashu_pwa/src/stores/wallet.ts(1614,16): error TS2339: Property 'payInvoiceData' does not exist on type '{ setMnemonicFromUser: (mnemonic: string) => void; mintWallet(url: string, unit: string, updateKeysets?: boolean): Promise<CashuWallet>; mintWalletSync(url: string, unit: string): CashuWallet; ... 39 more ...; handleOutputsHaveAlreadyBeenSignedError: (keysetId: string, error: any) => boolean; }'.
%%TEMP/cashu_pwa/src/stores/wallet.ts(1616,16): error TS2339: Property 'payInvoiceData' does not exist on type '{ setMnemonicFromUser: (mnemonic: string) => void; mintWallet(url: string, unit: string, updateKeysets?: boolean): Promise<CashuWallet>; mintWalletSync(url: string, unit: string): CashuWallet; ... 39 more ...; handleOutputsHaveAlreadyBeenSignedError: (keysetId: string, error: any) => boolean; }'.
%%TEMP/cashu_pwa/src/stores/wallet.ts(1619,16): error TS2339: Property 'payInvoiceData' does not exist on type '{ setMnemonicFromUser: (mnemonic: string) => void; mintWallet(url: string, unit: string, updateKeysets?: boolean): Promise<CashuWallet>; mintWalletSync(url: string, unit: string): CashuWallet; ... 39 more ...; handleOutputsHaveAlreadyBeenSignedError: (keysetId: string, error: any) => boolean; }'.
%%TEMP/cashu_pwa/src/stores/wallet.ts(1620,16): error TS2339: Property 'payInvoiceData' does not exist on type '{ setMnemonicFromUser: (mnemonic: string) => void; mintWallet(url: string, unit: string, updateKeysets?: boolean): Promise<CashuWallet>; mintWalletSync(url: string, unit: string): CashuWallet; ... 39 more ...; handleOutputsHaveAlreadyBeenSignedError: (keysetId: string, error: any) => boolean; }'.
%%TEMP/cashu_pwa/src/stores/wallet.ts(1622,16): error TS2339: Property 'payInvoiceData' does not exist on type '{ setMnemonicFromUser: (mnemonic: string) => void; mintWallet(url: string, unit: string, updateKeysets?: boolean): Promise<CashuWallet>; mintWalletSync(url: string, unit: string): CashuWallet; ... 39 more ...; handleOutputsHaveAlreadyBeenSignedError: (keysetId: string, error: any) => boolean; }'.
%%TEMP/cashu_pwa/src/stores/wallet.ts(1623,18): error TS2339: Property 'payInvoiceData' does not exist on type '{ setMnemonicFromUser: (mnemonic: string) => void; mintWallet(url: string, unit: string, updateKeysets?: boolean): Promise<CashuWallet>; mintWalletSync(url: string, unit: string): CashuWallet; ... 39 more ...; handleOutputsHaveAlreadyBeenSignedError: (keysetId: string, error: any) => boolean; }'.
%%TEMP/cashu_pwa/src/stores/wallet.ts(1625,14): error TS2339: Property 'payInvoiceData' does not exist on type '{ setMnemonicFromUser: (mnemonic: string) => void; mintWallet(url: string, unit: string, updateKeysets?: boolean): Promise<CashuWallet>; mintWalletSync(url: string, unit: string): CashuWallet; ... 39 more ...; handleOutputsHaveAlreadyBeenSignedError: (keysetId: string, error: any) => boolean; }'.
%%TEMP/cashu_pwa/src/stores/wallet.ts(1626,14): error TS2339: Property 'payInvoiceData' does not exist on type '{ setMnemonicFromUser: (mnemonic: string) => void; mintWallet(url: string, unit: string, updateKeysets?: boolean): Promise<CashuWallet>; mintWalletSync(url: string, unit: string): CashuWallet; ... 39 more ...; handleOutputsHaveAlreadyBeenSignedError: (keysetId: string, error: any) => boolean; }'.
%%TEMP/cashu_pwa/src/stores/wallet.ts(1632,14): error TS2339: Property 'payInvoiceData' does not exist on type '{ setMnemonicFromUser: (mnemonic: string) => void; mintWallet(url: string, unit: string, updateKeysets?: boolean): Promise<CashuWallet>; mintWalletSync(url: string, unit: string): CashuWallet; ... 39 more ...; handleOutputsHaveAlreadyBeenSignedError: (keysetId: string, error: any) => boolean; }'.
%%TEMP/cashu_pwa/src/stores/wallet.ts(1637,25): error TS2339: Property 'payInvoiceData' does not exist on type '{ setMnemonicFromUser: (mnemonic: string) => void; mintWallet(url: string, unit: string, updateKeysets?: boolean): Promise<CashuWallet>; mintWalletSync(url: string, unit: string): CashuWallet; ... 39 more ...; handleOutputsHaveAlreadyBeenSignedError: (keysetId: string, error: any) => boolean; }'.
%%TEMP/cashu_pwa/src/stores/wallet.ts(1640,16): error TS2339: Property 't' does not exist on type '{ setMnemonicFromUser: (mnemonic: string) => void; mintWallet(url: string, unit: string, updateKeysets?: boolean): Promise<CashuWallet>; mintWalletSync(url: string, unit: string): CashuWallet; ... 39 more ...; handleOutputsHaveAlreadyBeenSignedError: (keysetId: string, error: any) => boolean; }'.
%%TEMP/cashu_pwa/src/stores/wallet.ts(1641,16): error TS2339: Property 't' does not exist on type '{ setMnemonicFromUser: (mnemonic: string) => void; mintWallet(url: string, unit: string, updateKeysets?: boolean): Promise<CashuWallet>; mintWalletSync(url: string, unit: string): CashuWallet; ... 39 more ...; handleOutputsHaveAlreadyBeenSignedError: (keysetId: string, error: any) => boolean; }'.
%%TEMP/cashu_pwa/src/stores/wallet.ts(1645,16): error TS2339: Property 'payInvoiceData' does not exist on type '{ setMnemonicFromUser: (mnemonic: string) => void; mintWallet(url: string, unit: string, updateKeysets?: boolean): Promise<CashuWallet>; mintWalletSync(url: string, unit: string): CashuWallet; ... 39 more ...; handleOutputsHaveAlreadyBeenSignedError: (keysetId: string, error: any) => boolean; }'.
%%TEMP/cashu_pwa/src/stores/wallet.ts(1647,16): error TS2339: Property 't' does not exist on type '{ setMnemonicFromUser: (mnemonic: string) => void; mintWallet(url: string, unit: string, updateKeysets?: boolean): Promise<CashuWallet>; mintWalletSync(url: string, unit: string): CashuWallet; ... 39 more ...; handleOutputsHaveAlreadyBeenSignedError: (keysetId: string, error: any) => boolean; }'.
%%TEMP/cashu_pwa/src/stores/wallet.ts(1648,16): error TS2339: Property 't' does not exist on type '{ setMnemonicFromUser: (mnemonic: string) => void; mintWallet(url: string, unit: string, updateKeysets?: boolean): Promise<CashuWallet>; mintWalletSync(url: string, unit: string): CashuWallet; ... 39 more ...; handleOutputsHaveAlreadyBeenSignedError: (keysetId: string, error: any) => boolean; }'.
%%TEMP/cashu_pwa/src/stores/wallet.ts(1653,14): error TS2339: Property 'payInvoiceData' does not exist on type '{ setMnemonicFromUser: (mnemonic: string) => void; mintWallet(url: string, unit: string, updateKeysets?: boolean): Promise<CashuWallet>; mintWalletSync(url: string, unit: string): CashuWallet; ... 39 more ...; handleOutputsHaveAlreadyBeenSignedError: (keysetId: string, error: any) => boolean; }'.
%%TEMP/cashu_pwa/src/stores/wallet.ts(1654,14): error TS2339: Property 'payInvoiceData' does not exist on type '{ setMnemonicFromUser: (mnemonic: string) => void; mintWallet(url: string, unit: string, updateKeysets?: boolean): Promise<CashuWallet>; mintWalletSync(url: string, unit: string): CashuWallet; ... 39 more ...; handleOutputsHaveAlreadyBeenSignedError: (keysetId: string, error: any) => boolean; }'.
%%TEMP/cashu_pwa/src/stores/wallet.ts(1655,14): error TS2339: Property 'payInvoiceData' does not exist on type '{ setMnemonicFromUser: (mnemonic: string) => void; mintWallet(url: string, unit: string, updateKeysets?: boolean): Promise<CashuWallet>; mintWalletSync(url: string, unit: string): CashuWallet; ... 39 more ...; handleOutputsHaveAlreadyBeenSignedError: (keysetId: string, error: any) => boolean; }'.
%%TEMP/cashu_pwa/src/stores/wallet.ts(1661,20): error TS2339: Property 't' does not exist on type '{ setMnemonicFromUser: (mnemonic: string) => void; mintWallet(url: string, unit: string, updateKeysets?: boolean): Promise<CashuWallet>; mintWalletSync(url: string, unit: string): CashuWallet; ... 39 more ...; handleOutputsHaveAlreadyBeenSignedError: (keysetId: string, error: any) => boolean; }'.
%%TEMP/cashu_pwa/src/stores/wallet.ts(1662,20): error TS2339: Property 't' does not exist on type '{ setMnemonicFromUser: (mnemonic: string) => void; mintWallet(url: string, unit: string, updateKeysets?: boolean): Promise<CashuWallet>; mintWalletSync(url: string, unit: string): CashuWallet; ... 39 more ...; handleOutputsHaveAlreadyBeenSignedError: (keysetId: string, error: any) => boolean; }'.
%%TEMP/cashu_pwa/src/stores/wallet.ts(1670,31): error TS2339: Property 'payInvoiceData' does not exist on type '{ setMnemonicFromUser: (mnemonic: string) => void; mintWallet(url: string, unit: string, updateKeysets?: boolean): Promise<CashuWallet>; mintWalletSync(url: string, unit: string): CashuWallet; ... 39 more ...; handleOutputsHaveAlreadyBeenSignedError: (keysetId: string, error: any) => boolean; }'.
%%TEMP/cashu_pwa/src/stores/wallet.ts(1677,41): error TS2339: Property 't' does not exist on type '{ setMnemonicFromUser: (mnemonic: string) => void; mintWallet(url: string, unit: string, updateKeysets?: boolean): Promise<CashuWallet>; mintWalletSync(url: string, unit: string): CashuWallet; ... 39 more ...; handleOutputsHaveAlreadyBeenSignedError: (keysetId: string, error: any) => boolean; }'.
%%TEMP/cashu_pwa/src/stores/wallet.ts(1684,16): error TS2339: Property 'mnemonic' does not exist on type '{ setMnemonicFromUser: (mnemonic: string) => void; mintWallet(url: string, unit: string, updateKeysets?: boolean): Promise<CashuWallet>; mintWalletSync(url: string, unit: string): CashuWallet; ... 39 more ...; handleOutputsHaveAlreadyBeenSignedError: (keysetId: string, error: any) => boolean; }'.
%%TEMP/cashu_pwa/src/stores/wallet.ts(1685,14): error TS2339: Property 'mnemonic' does not exist on type '{ setMnemonicFromUser: (mnemonic: string) => void; mintWallet(url: string, unit: string, updateKeysets?: boolean): Promise<CashuWallet>; mintWalletSync(url: string, unit: string): CashuWallet; ... 39 more ...; handleOutputsHaveAlreadyBeenSignedError: (keysetId: string, error: any) => boolean; }'.
%%TEMP/cashu_pwa/src/stores/wallet.ts(1687,19): error TS2339: Property 'mnemonic' does not exist on type '{ setMnemonicFromUser: (mnemonic: string) => void; mintWallet(url: string, unit: string, updateKeysets?: boolean): Promise<CashuWallet>; mintWalletSync(url: string, unit: string): CashuWallet; ... 39 more ...; handleOutputsHaveAlreadyBeenSignedError: (keysetId: string, error: any) => boolean; }'.
%%TEMP/cashu_pwa/src/stores/wallet.ts(1695,21): error TS2339: Property 't' does not exist on type '{ setMnemonicFromUser: (mnemonic: string) => void; mintWallet(url: string, unit: string, updateKeysets?: boolean): Promise<CashuWallet>; mintWalletSync(url: string, unit: string): CashuWallet; ... 39 more ...; handleOutputsHaveAlreadyBeenSignedError: (keysetId: string, error: any) => boolean; }'.
%%TEMP/cashu_pwa/src/stores/welcome.ts(2,29): error TS2307: Cannot find module 'pinia' or its corresponding type declarations.
%%TEMP/cashu_pwa/src/stores/welcome.ts(3,33): error TS2307: Cannot find module '@vueuse/core' or its corresponding type declarations.
%%TEMP/cashu_pwa/src/stores/welcome.ts(4,26): error TS2307: Cannot find module 'vue' or its corresponding type declarations.
%%TEMP/cashu_pwa/src/stores/welcome.ts(89,17): error TS2339: Property 'showWelcome' does not exist on type '{ initializeWelcome(): void; closeWelcome(): void; setPath(path: "new" | "recover"): void; setCurrentSlide(index: number): void; acceptTerms(): void; validateSeedPhrase(): void; resetWelcome(): void; goToPrevSlide(): void; goToNextSlide(): void; }'.
%%TEMP/cashu_pwa/src/stores/welcome.ts(98,12): error TS2339: Property 'showWelcome' does not exist on type '{ initializeWelcome(): void; closeWelcome(): void; setPath(path: "new" | "recover"): void; setCurrentSlide(index: number): void; acceptTerms(): void; validateSeedPhrase(): void; resetWelcome(): void; goToPrevSlide(): void; goToNextSlide(): void; }'.
%%TEMP/cashu_pwa/src/stores/welcome.ts(100,12): error TS2551: Property 'currentSlide' does not exist on type '{ initializeWelcome(): void; closeWelcome(): void; setPath(path: "new" | "recover"): void; setCurrentSlide(index: number): void; acceptTerms(): void; validateSeedPhrase(): void; resetWelcome(): void; goToPrevSlide(): void; goToNextSlide(): void; }'. Did you mean 'setCurrentSlide'?
%%TEMP/cashu_pwa/src/stores/welcome.ts(106,12): error TS2339: Property 'onboardingPath' does not exist on type '{ initializeWelcome(): void; closeWelcome(): void; setPath(path: "new" | "recover"): void; setCurrentSlide(index: number): void; acceptTerms(): void; validateSeedPhrase(): void; resetWelcome(): void; goToPrevSlide(): void; goToNextSlide(): void; }'.
%%TEMP/cashu_pwa/src/stores/welcome.ts(114,12): error TS2551: Property 'currentSlide' does not exist on type '{ initializeWelcome(): void; closeWelcome(): void; setPath(path: "new" | "recover"): void; setCurrentSlide(index: number): void; acceptTerms(): void; validateSeedPhrase(): void; resetWelcome(): void; goToPrevSlide(): void; goToNextSlide(): void; }'. Did you mean 'setCurrentSlide'?
%%TEMP/cashu_pwa/src/stores/welcome.ts(121,12): error TS2339: Property 'termsAccepted' does not exist on type '{ initializeWelcome(): void; closeWelcome(): void; setPath(path: "new" | "recover"): void; setCurrentSlide(index: number): void; acceptTerms(): void; validateSeedPhrase(): void; resetWelcome(): void; goToPrevSlide(): void; goToNextSlide(): void; }'.
%%TEMP/cashu_pwa/src/stores/welcome.ts(128,12): error TS2339: Property 'seedPhraseValidated' does not exist on type '{ initializeWelcome(): void; closeWelcome(): void; setPath(path: "new" | "recover"): void; setCurrentSlide(index: number): void; acceptTerms(): void; validateSeedPhrase(): void; resetWelcome(): void; goToPrevSlide(): void; goToNextSlide(): void; }'.
%%TEMP/cashu_pwa/src/stores/welcome.ts(135,12): error TS2339: Property 'showWelcome' does not exist on type '{ initializeWelcome(): void; closeWelcome(): void; setPath(path: "new" | "recover"): void; setCurrentSlide(index: number): void; acceptTerms(): void; validateSeedPhrase(): void; resetWelcome(): void; goToPrevSlide(): void; goToNextSlide(): void; }'.
%%TEMP/cashu_pwa/src/stores/welcome.ts(136,12): error TS2551: Property 'currentSlide' does not exist on type '{ initializeWelcome(): void; closeWelcome(): void; setPath(path: "new" | "recover"): void; setCurrentSlide(index: number): void; acceptTerms(): void; validateSeedPhrase(): void; resetWelcome(): void; goToPrevSlide(): void; goToNextSlide(): void; }'. Did you mean 'setCurrentSlide'?
%%TEMP/cashu_pwa/src/stores/welcome.ts(137,12): error TS2339: Property 'termsAccepted' does not exist on type '{ initializeWelcome(): void; closeWelcome(): void; setPath(path: "new" | "recover"): void; setCurrentSlide(index: number): void; acceptTerms(): void; validateSeedPhrase(): void; resetWelcome(): void; goToPrevSlide(): void; goToNextSlide(): void; }'.
%%TEMP/cashu_pwa/src/stores/welcome.ts(138,12): error TS2339: Property 'seedPhraseValidated' does not exist on type '{ initializeWelcome(): void; closeWelcome(): void; setPath(path: "new" | "recover"): void; setCurrentSlide(index: number): void; acceptTerms(): void; validateSeedPhrase(): void; resetWelcome(): void; goToPrevSlide(): void; goToNextSlide(): void; }'.
%%TEMP/cashu_pwa/src/stores/welcome.ts(139,12): error TS2339: Property 'onboardingPath' does not exist on type '{ initializeWelcome(): void; closeWelcome(): void; setPath(path: "new" | "recover"): void; setCurrentSlide(index: number): void; acceptTerms(): void; validateSeedPhrase(): void; resetWelcome(): void; goToPrevSlide(): void; goToNextSlide(): void; }'.
%%TEMP/cashu_pwa/src/stores/welcome.ts(140,12): error TS2339: Property 'seedEnteredValid' does not exist on type '{ initializeWelcome(): void; closeWelcome(): void; setPath(path: "new" | "recover"): void; setCurrentSlide(index: number): void; acceptTerms(): void; validateSeedPhrase(): void; resetWelcome(): void; goToPrevSlide(): void; goToNextSlide(): void; }'.
%%TEMP/cashu_pwa/src/stores/welcome.ts(141,12): error TS2339: Property 'mintSetupCompleted' does not exist on type '{ initializeWelcome(): void; closeWelcome(): void; setPath(path: "new" | "recover"): void; setCurrentSlide(index: number): void; acceptTerms(): void; validateSeedPhrase(): void; resetWelcome(): void; goToPrevSlide(): void; goToNextSlide(): void; }'.
%%TEMP/cashu_pwa/src/stores/welcome.ts(142,12): error TS2339: Property 'ecashRestoreCompleted' does not exist on type '{ initializeWelcome(): void; closeWelcome(): void; setPath(path: "new" | "recover"): void; setCurrentSlide(index: number): void; acceptTerms(): void; validateSeedPhrase(): void; resetWelcome(): void; goToPrevSlide(): void; goToNextSlide(): void; }'.
%%TEMP/cashu_pwa/src/stores/welcome.ts(149,16): error TS2339: Property 'canGoPrev' does not exist on type '{ initializeWelcome(): void; closeWelcome(): void; setPath(path: "new" | "recover"): void; setCurrentSlide(index: number): void; acceptTerms(): void; validateSeedPhrase(): void; resetWelcome(): void; goToPrevSlide(): void; goToNextSlide(): void; }'.
%%TEMP/cashu_pwa/src/stores/welcome.ts(150,14): error TS2551: Property 'currentSlide' does not exist on type '{ initializeWelcome(): void; closeWelcome(): void; setPath(path: "new" | "recover"): void; setCurrentSlide(index: number): void; acceptTerms(): void; validateSeedPhrase(): void; resetWelcome(): void; goToPrevSlide(): void; goToNextSlide(): void; }'. Did you mean 'setCurrentSlide'?
%%TEMP/cashu_pwa/src/stores/welcome.ts(160,16): error TS2339: Property 'canProceed' does not exist on type '{ initializeWelcome(): void; closeWelcome(): void; setPath(path: "new" | "recover"): void; setCurrentSlide(index: number): void; acceptTerms(): void; validateSeedPhrase(): void; resetWelcome(): void; goToPrevSlide(): void; goToNextSlide(): void; }'.
%%TEMP/cashu_pwa/src/stores/welcome.ts(161,18): error TS2339: Property 'isLastSlide' does not exist on type '{ initializeWelcome(): void; closeWelcome(): void; setPath(path: "new" | "recover"): void; setCurrentSlide(index: number): void; acceptTerms(): void; validateSeedPhrase(): void; resetWelcome(): void; goToPrevSlide(): void; goToNextSlide(): void; }'.
%%TEMP/cashu_pwa/src/stores/welcome.ts(164,16): error TS2551: Property 'currentSlide' does not exist on type '{ initializeWelcome(): void; closeWelcome(): void; setPath(path: "new" | "recover"): void; setCurrentSlide(index: number): void; acceptTerms(): void; validateSeedPhrase(): void; resetWelcome(): void; goToPrevSlide(): void; goToNextSlide(): void; }'. Did you mean 'setCurrentSlide'?
%%TEMP/cashu_pwa/src/stores/workers.ts(1,29): error TS2307: Cannot find module 'pinia' or its corresponding type declarations.
%%TEMP/cashu_pwa/src/stores/workers.ts(2,32): error TS2307: Cannot find module 'src/stores/wallet' or its corresponding type declarations.
%%TEMP/cashu_pwa/src/stores/workers.ts(3,28): error TS2307: Cannot find module 'src/stores/ui' or its corresponding type declarations.
%%TEMP/cashu_pwa/src/stores/workers.ts(4,36): error TS2307: Cannot find module 'src/stores/sendTokensStore' or its corresponding type declarations.
%%TEMP/cashu_pwa/src/stores/workers.ts(21,16): error TS2339: Property 'invoiceCheckListener' does not exist on type '{ clearAllWorkers: () => void; invoiceCheckWorker: (quote: string) => Promise<void>; checkTokenSpendableWorker: (historyToken: HistoryToken) => Promise<void>; }'.
%%TEMP/cashu_pwa/src/stores/workers.ts(22,28): error TS2339: Property 'invoiceCheckListener' does not exist on type '{ clearAllWorkers: () => void; invoiceCheckWorker: (quote: string) => Promise<void>; checkTokenSpendableWorker: (historyToken: HistoryToken) => Promise<void>; }'.
%%TEMP/cashu_pwa/src/stores/workers.ts(23,14): error TS2339: Property 'invoiceWorkerRunning' does not exist on type '{ clearAllWorkers: () => void; invoiceCheckWorker: (quote: string) => Promise<void>; checkTokenSpendableWorker: (historyToken: HistoryToken) => Promise<void>; }'.
%%TEMP/cashu_pwa/src/stores/workers.ts(25,16): error TS2339: Property 'tokensCheckSpendableListener' does not exist on type '{ clearAllWorkers: () => void; invoiceCheckWorker: (quote: string) => Promise<void>; checkTokenSpendableWorker: (historyToken: HistoryToken) => Promise<void>; }'.
%%TEMP/cashu_pwa/src/stores/workers.ts(26,28): error TS2339: Property 'tokensCheckSpendableListener' does not exist on type '{ clearAllWorkers: () => void; invoiceCheckWorker: (quote: string) => Promise<void>; checkTokenSpendableWorker: (historyToken: HistoryToken) => Promise<void>; }'.
%%TEMP/cashu_pwa/src/stores/workers.ts(27,14): error TS2339: Property 'tokenWorkerRunning' does not exist on type '{ clearAllWorkers: () => void; invoiceCheckWorker: (quote: string) => Promise<void>; checkTokenSpendableWorker: (historyToken: HistoryToken) => Promise<void>; }'.
%%TEMP/cashu_pwa/src/stores/workers.ts(34,12): error TS2339: Property 'invoiceCheckListener' does not exist on type '{ clearAllWorkers: () => void; invoiceCheckWorker: (quote: string) => Promise<void>; checkTokenSpendableWorker: (historyToken: HistoryToken) => Promise<void>; }'.
%%TEMP/cashu_pwa/src/stores/workers.ts(36,16): error TS2339: Property 'invoiceWorkerRunning' does not exist on type '{ clearAllWorkers: () => void; invoiceCheckWorker: (quote: string) => Promise<void>; checkTokenSpendableWorker: (historyToken: HistoryToken) => Promise<void>; }'.
%%TEMP/cashu_pwa/src/stores/workers.ts(55,15): error TS2339: Property 'checkInterval' does not exist on type '{ clearAllWorkers: () => void; invoiceCheckWorker: (quote: string) => Promise<void>; checkTokenSpendableWorker: (historyToken: HistoryToken) => Promise<void>; }'.
%%TEMP/cashu_pwa/src/stores/workers.ts(66,12): error TS2339: Property 'tokenWorkerRunning' does not exist on type '{ clearAllWorkers: () => void; invoiceCheckWorker: (quote: string) => Promise<void>; checkTokenSpendableWorker: (historyToken: HistoryToken) => Promise<void>; }'.
%%TEMP/cashu_pwa/src/stores/workers.ts(71,12): error TS2339: Property 'tokensCheckSpendableListener' does not exist on type '{ clearAllWorkers: () => void; invoiceCheckWorker: (quote: string) => Promise<void>; checkTokenSpendableWorker: (historyToken: HistoryToken) => Promise<void>; }'.
%%TEMP/cashu_pwa/src/stores/workers.ts(93,15): error TS2339: Property 'checkInterval' does not exist on type '{ clearAllWorkers: () => void; invoiceCheckWorker: (quote: string) => Promise<void>; checkTokenSpendableWorker: (historyToken: HistoryToken) => Promise<void>; }'.
%%TEMP/coco/packages/adapter-tests/src/index.ts(139,37): error TS5097: An import path can only end with a '.ts' extension when 'allowImportingTsExtensions' is enabled.
%%TEMP/coco/packages/adapter-tests/src/index.ts(144,35): error TS2307: Cannot find module 'fake-bolt11' or its corresponding type declarations.
%%TEMP/coco/packages/adapter-tests/src/index.ts(145,41): error TS2307: Cannot find module 'fake-bolt11' or its corresponding type declarations.
%%TEMP/coco/packages/adapter-tests/src/integration.ts(14,35): error TS2307: Cannot find module 'fake-bolt11' or its corresponding type declarations.
%%TEMP/coco/packages/adapter-tests/tsdown.config.ts(1,30): error TS2307: Cannot find module 'tsdown' or its corresponding type declarations.
%%TEMP/coco/packages/core/api/HistoryApi.ts(1,35): error TS2307: Cannot find module '@core/models/History' or its corresponding type declarations.
%%TEMP/coco/packages/core/api/HistoryApi.ts(2,37): error TS2307: Cannot find module '@core/services' or its corresponding type declarations.
%%TEMP/coco/packages/core/api/index.ts(1,15): error TS5097: An import path can only end with a '.ts' extension when 'allowImportingTsExtensions' is enabled.
%%TEMP/coco/packages/core/api/index.ts(2,15): error TS5097: An import path can only end with a '.ts' extension when 'allowImportingTsExtensions' is enabled.
%%TEMP/coco/packages/core/api/index.ts(3,15): error TS5097: An import path can only end with a '.ts' extension when 'allowImportingTsExtensions' is enabled.
%%TEMP/coco/packages/core/api/index.ts(4,15): error TS5097: An import path can only end with a '.ts' extension when 'allowImportingTsExtensions' is enabled.
%%TEMP/coco/packages/core/api/index.ts(5,15): error TS5097: An import path can only end with a '.ts' extension when 'allowImportingTsExtensions' is enabled.
%%TEMP/coco/packages/core/api/index.ts(6,15): error TS5097: An import path can only end with a '.ts' extension when 'allowImportingTsExtensions' is enabled.
%%TEMP/coco/packages/core/api/index.ts(7,15): error TS5097: An import path can only end with a '.ts' extension when 'allowImportingTsExtensions' is enabled.
%%TEMP/coco/packages/core/api/KeyRingApi.ts(1,37): error TS2307: Cannot find module '@core/services' or its corresponding type declarations.
%%TEMP/coco/packages/core/api/KeyRingApi.ts(2,30): error TS2307: Cannot find module '@core/models' or its corresponding type declarations.
%%TEMP/coco/packages/core/api/MintApi.ts(1,34): error TS2307: Cannot find module '@core/services' or its corresponding type declarations.
%%TEMP/coco/packages/core/api/MintApi.ts(2,35): error TS2307: Cannot find module '@core/models' or its corresponding type declarations.
%%TEMP/coco/packages/core/api/MintApi.ts(3,31): error TS2307: Cannot find module '@core/types' or its corresponding type declarations.
%%TEMP/coco/packages/core/api/QuotesApi.ts(8,8): error TS2307: Cannot find module '@core/operations/melt' or its corresponding type declarations.
%%TEMP/coco/packages/core/api/QuotesApi.ts(9,57): error TS2307: Cannot find module '@core/services' or its corresponding type declarations.
%%TEMP/coco/packages/core/api/SubscriptionApi.ts(2,37): error TS5097: An import path can only end with a '.ts' extension when 'allowImportingTsExtensions' is enabled.
%%TEMP/coco/packages/core/api/WalletApi.ts(16,8): error TS2307: Cannot find module '@core/services' or its corresponding type declarations.
%%TEMP/coco/packages/core/events/types.ts(14,36): error TS2307: Cannot find module '@core/operations/melt' or its corresponding type declarations.
%%TEMP/coco/packages/core/index.ts(1,15): error TS5097: An import path can only end with a '.ts' extension when 'allowImportingTsExtensions' is enabled.
%%TEMP/coco/packages/core/index.ts(2,15): error TS5097: An import path can only end with a '.ts' extension when 'allowImportingTsExtensions' is enabled.
%%TEMP/coco/packages/core/index.ts(3,15): error TS5097: An import path can only end with a '.ts' extension when 'allowImportingTsExtensions' is enabled.
%%TEMP/coco/packages/core/index.ts(4,15): error TS5097: An import path can only end with a '.ts' extension when 'allowImportingTsExtensions' is enabled.
%%TEMP/coco/packages/core/index.ts(5,15): error TS5097: An import path can only end with a '.ts' extension when 'allowImportingTsExtensions' is enabled.
%%TEMP/coco/packages/core/index.ts(6,15): error TS5097: An import path can only end with a '.ts' extension when 'allowImportingTsExtensions' is enabled.
%%TEMP/coco/packages/core/index.ts(8,44): error TS5097: An import path can only end with a '.ts' extension when 'allowImportingTsExtensions' is enabled.
%%TEMP/coco/packages/core/index.ts(10,37): error TS5097: An import path can only end with a '.ts' extension when 'allowImportingTsExtensions' is enabled.
%%TEMP/coco/packages/core/index.ts(11,37): error TS5097: An import path can only end with a '.ts' extension when 'allowImportingTsExtensions' is enabled.
%%TEMP/coco/packages/core/index.ts(13,15): error TS5097: An import path can only end with a '.ts' extension when 'allowImportingTsExtensions' is enabled.
%%TEMP/coco/packages/core/index.ts(14,34): error TS5097: An import path can only end with a '.ts' extension when 'allowImportingTsExtensions' is enabled.
%%TEMP/coco/packages/core/infra/handlers/MeltBolt11Handler.ts(14,8): error TS2307: Cannot find module '@core/operations/melt' or its corresponding type declarations.
%%TEMP/coco/packages/core/infra/handlers/MeltBolt11Handler.ts(21,8): error TS2307: Cannot find module '@core/utils' or its corresponding type declarations.
%%TEMP/coco/packages/core/infra/handlers/MeltBolt11Handler.ts(30,8): error TS5097: An import path can only end with a '.ts' extension when 'allowImportingTsExtensions' is enabled.
%%TEMP/coco/packages/core/infra/handlers/MeltBolt11Handler.utils.ts(7,8): error TS2307: Cannot find module '@core/operations/melt' or its corresponding type declarations.
%%TEMP/coco/packages/core/infra/handlers/MeltBolt11Handler.utils.ts(8,66): error TS2307: Cannot find module '@core/utils' or its corresponding type declarations.
%%TEMP/coco/packages/core/infra/HybridTransport.ts(6,29): error TS5097: An import path can only end with a '.ts' extension when 'allowImportingTsExtensions' is enabled.
%%TEMP/coco/packages/core/infra/HybridTransport.ts(7,34): error TS5097: An import path can only end with a '.ts' extension when 'allowImportingTsExtensions' is enabled.
%%TEMP/coco/packages/core/infra/MintRequestProvider.ts(2,36): error TS5097: An import path can only end with a '.ts' extension when 'allowImportingTsExtensions' is enabled.
%%TEMP/coco/packages/core/infra/SubscriptionManager.ts(5,34): error TS5097: An import path can only end with a '.ts' extension when 'allowImportingTsExtensions' is enabled.
%%TEMP/coco/packages/core/infra/SubscriptionManager.ts(6,33): error TS5097: An import path can only end with a '.ts' extension when 'allowImportingTsExtensions' is enabled.
%%TEMP/coco/packages/core/infra/SubscriptionManager.ts(7,31): error TS5097: An import path can only end with a '.ts' extension when 'allowImportingTsExtensions' is enabled.
%%TEMP/coco/packages/core/infra/WsTransport.ts(5,8): error TS5097: An import path can only end with a '.ts' extension when 'allowImportingTsExtensions' is enabled.
%%TEMP/coco/packages/core/logging/index.ts(1,15): error TS5097: An import path can only end with a '.ts' extension when 'allowImportingTsExtensions' is enabled.
%%TEMP/coco/packages/core/logging/index.ts(2,15): error TS5097: An import path can only end with a '.ts' extension when 'allowImportingTsExtensions' is enabled.
%%TEMP/coco/packages/core/logging/index.ts(3,15): error TS5097: An import path can only end with a '.ts' extension when 'allowImportingTsExtensions' is enabled.
%%TEMP/coco/packages/core/Manager.ts(38,33): error TS5097: An import path can only end with a '.ts' extension when 'allowImportingTsExtensions' is enabled.
%%TEMP/coco/packages/core/Manager.ts(39,28): error TS5097: An import path can only end with a '.ts' extension when 'allowImportingTsExtensions' is enabled.
%%TEMP/coco/packages/core/operations/index.ts(6,38): error TS5097: An import path can only end with a '.ts' extension when 'allowImportingTsExtensions' is enabled.
%%TEMP/coco/packages/core/operations/melt/MeltMethodHandler.ts(18,34): error TS2307: Cannot find module '@core/infra' or its corresponding type declarations.
%%TEMP/coco/packages/core/operations/melt/MeltOperationService.ts(27,34): error TS2307: Cannot find module '@core/infra' or its corresponding type declarations.
%%TEMP/coco/packages/core/plugins/index.ts(1,15): error TS5097: An import path can only end with a '.ts' extension when 'allowImportingTsExtensions' is enabled.
%%TEMP/coco/packages/core/plugins/index.ts(2,15): error TS5097: An import path can only end with a '.ts' extension when 'allowImportingTsExtensions' is enabled.
%%TEMP/coco/packages/core/plugins/PluginHost.ts(2,44): error TS5097: An import path can only end with a '.ts' extension when 'allowImportingTsExtensions' is enabled.
%%TEMP/coco/packages/core/repositories/index.ts(5,32): error TS2307: Cannot find module '@core/models/MintQuote' or its corresponding type declarations.
%%TEMP/coco/packages/core/repositories/index.ts(6,32): error TS2307: Cannot find module '@core/models/MeltQuote' or its corresponding type declarations.
%%TEMP/coco/packages/core/repositories/index.ts(13,8): error TS2307: Cannot find module '@core/models/History' or its corresponding type declarations.
%%TEMP/coco/packages/core/repositories/index.ts(15,30): error TS2307: Cannot find module '@core/models/Keypair' or its corresponding type declarations.
%%TEMP/coco/packages/core/repositories/index.ts(17,56): error TS2307: Cannot find module '@core/operations/melt/MeltOperation' or its corresponding type declarations.
%%TEMP/coco/packages/core/repositories/memory/MemoryHistoryRepository.ts(9,8): error TS2307: Cannot find module '@core/models/History' or its corresponding type declarations.
%%TEMP/coco/packages/core/repositories/memory/MemoryMeltQuoteRepository.ts(1,32): error TS2307: Cannot find module '@core/models/MeltQuote' or its corresponding type declarations.
%%TEMP/coco/packages/core/repositories/memory/MemoryMintQuoteRepository.ts(1,32): error TS2307: Cannot find module '@core/models/MintQuote' or its corresponding type declarations.
%%TEMP/coco/packages/core/services/CounterService.ts(6,42): error TS5097: An import path can only end with a '.ts' extension when 'allowImportingTsExtensions' is enabled.
%%TEMP/coco/packages/core/services/HistoryService.ts(18,8): error TS2307: Cannot find module '@core/models/History' or its corresponding type declarations.
%%TEMP/coco/packages/core/services/HistoryService.ts(19,29): error TS2307: Cannot find module '@core/logging' or its corresponding type declarations.
%%TEMP/coco/packages/core/services/HistoryService.ts(20,36): error TS2307: Cannot find module '@core/operations/send/SendOperation' or its corresponding type declarations.
%%TEMP/coco/packages/core/services/KeyRingService.ts(2,29): error TS2307: Cannot find module '@core/logging' or its corresponding type declarations.
%%TEMP/coco/packages/core/services/KeyRingService.ts(3,40): error TS2307: Cannot find module '@core/repositories' or its corresponding type declarations.
%%TEMP/coco/packages/core/services/KeyRingService.ts(4,30): error TS2307: Cannot find module '@core/models/Keypair' or its corresponding type declarations.
%%TEMP/coco/packages/core/services/KeyRingService.ts(8,34): error TS2307: Cannot find module '@core/services/SeedService.ts' or its corresponding type declarations.
%%TEMP/coco/packages/core/services/MeltQuoteService.ts(9,37): error TS2307: Cannot find module '@core/utils' or its corresponding type declarations.
%%TEMP/coco/packages/core/services/MintQuoteService.ts(6,43): error TS2307: Cannot find module '@core/events' or its corresponding type declarations.
%%TEMP/coco/packages/core/services/MintQuoteService.ts(8,37): error TS2307: Cannot find module '@core/utils.ts' or its corresponding type declarations.
%%TEMP/coco/packages/core/services/PaymentRequestService.ts(1,29): error TS2307: Cannot find module '@core/logging' or its corresponding type declarations.
%%TEMP/coco/packages/core/services/ProofService.ts(20,29): error TS2307: Cannot find module '@core/models/Keyset.ts' or its corresponding type declarations.
%%TEMP/coco/packages/core/services/WalletRestoreService.ts(2,37): error TS2307: Cannot find module '@core/utils' or its corresponding type declarations.
%%TEMP/coco/packages/core/services/watchers/MintQuoteProcessor.ts(1,43): error TS2307: Cannot find module '@core/events' or its corresponding type declarations.
%%TEMP/coco/packages/core/services/watchers/MintQuoteWatcherService.ts(1,43): error TS2307: Cannot find module '@core/events' or its corresponding type declarations.
%%TEMP/coco/packages/core/services/watchers/MintQuoteWatcherService.ts(4,62): error TS2307: Cannot find module '@core/infra/SubscriptionManager.ts' or its corresponding type declarations.
%%TEMP/coco/packages/core/services/watchers/ProofStateWatcherService.ts(1,43): error TS2307: Cannot find module '@core/events' or its corresponding type declarations.
%%TEMP/coco/packages/core/services/watchers/ProofStateWatcherService.ts(3,62): error TS2307: Cannot find module '@core/infra/SubscriptionManager.ts' or its corresponding type declarations.
%%TEMP/coco/packages/core/services/watchers/ProofStateWatcherService.ts(9,41): error TS5097: An import path can only end with a '.ts' extension when 'allowImportingTsExtensions' is enabled.
%%TEMP/coco/packages/core/test/integration/integration.test.ts(2,37): error TS2307: Cannot find module 'coco-cashu-adapter-tests' or its corresponding type declarations.
%%TEMP/coco/packages/core/test/integration/integration.test.ts(39,3): error TS2578: Unused '@ts-expect-error' directive.
%%TEMP/coco/packages/core/test/unit/CounterService.test.ts(2,32): error TS5097: An import path can only end with a '.ts' extension when 'allowImportingTsExtensions' is enabled.
%%TEMP/coco/packages/core/test/unit/CounterService.test.ts(3,41): error TS5097: An import path can only end with a '.ts' extension when 'allowImportingTsExtensions' is enabled.
%%TEMP/coco/packages/core/test/unit/CounterService.test.ts(4,26): error TS5097: An import path can only end with a '.ts' extension when 'allowImportingTsExtensions' is enabled.
%%TEMP/coco/packages/core/test/unit/HybridTransport.test.ts(1,44): error TS2305: Module '"bun:test"' has no exported member 'mock'.
%%TEMP/coco/packages/core/test/unit/KeyRingService.test.ts(2,32): error TS5097: An import path can only end with a '.ts' extension when 'allowImportingTsExtensions' is enabled.
%%TEMP/coco/packages/core/test/unit/KeyRingService.test.ts(3,29): error TS5097: An import path can only end with a '.ts' extension when 'allowImportingTsExtensions' is enabled.
%%TEMP/coco/packages/core/test/unit/KeyRingService.test.ts(4,41): error TS5097: An import path can only end with a '.ts' extension when 'allowImportingTsExtensions' is enabled.
%%TEMP/coco/packages/core/test/unit/KeyRingService.test.ts(391,65): error TS2345: Argument of type 'Uint8Array<ArrayBufferLike>' is not assignable to parameter of type 'BufferSource'.
  Type 'Uint8Array<ArrayBufferLike>' is not assignable to type 'ArrayBufferView<ArrayBuffer>'.
    Types of property 'buffer' are incompatible.
      Type 'ArrayBufferLike' is not assignable to type 'ArrayBuffer'.
        Type 'SharedArrayBuffer' is missing the following properties from type 'ArrayBuffer': resizable, resize, detached, transfer, transferToFixedLength
%%TEMP/coco/packages/core/test/unit/Manager.test.ts(1,44): error TS2305: Module '"bun:test"' has no exported member 'mock'.
%%TEMP/coco/packages/core/test/unit/MeltBolt11Handler.test.ts(1,44): error TS2305: Module '"bun:test"' has no exported member 'mock'.
%%TEMP/coco/packages/core/test/unit/MeltBolt11Handler.test.ts(1,55): error TS2305: Module '"bun:test"' has no exported member 'Mock'.
%%TEMP/coco/packages/core/test/unit/MeltOperationService.test.ts(1,44): error TS2305: Module '"bun:test"' has no exported member 'mock'.
%%TEMP/coco/packages/core/test/unit/MeltOperationService.test.ts(1,55): error TS2305: Module '"bun:test"' has no exported member 'Mock'.
%%TEMP/coco/packages/core/test/unit/MeltOperationService.test.ts(2,38): error TS5097: An import path can only end with a '.ts' extension when 'allowImportingTsExtensions' is enabled.
%%TEMP/coco/packages/core/test/unit/MeltOperationService.test.ts(3,47): error TS5097: An import path can only end with a '.ts' extension when 'allowImportingTsExtensions' is enabled.
%%TEMP/coco/packages/core/test/unit/MeltOperationService.test.ts(4,39): error TS5097: An import path can only end with a '.ts' extension when 'allowImportingTsExtensions' is enabled.
%%TEMP/coco/packages/core/test/unit/MeltOperationService.test.ts(5,26): error TS5097: An import path can only end with a '.ts' extension when 'allowImportingTsExtensions' is enabled.
%%TEMP/coco/packages/core/test/unit/MeltOperationService.test.ts(29,8): error TS5097: An import path can only end with a '.ts' extension when 'allowImportingTsExtensions' is enabled.
%%TEMP/coco/packages/core/test/unit/MeltQuoteService.test.ts(1,44): error TS2305: Module '"bun:test"' has no exported member 'mock'.
%%TEMP/coco/packages/core/test/unit/MintService.test.ts(1,44): error TS2305: Module '"bun:test"' has no exported member 'mock'.
%%TEMP/coco/packages/core/test/unit/PaymentRequestService.test.ts(1,55): error TS2305: Module '"bun:test"' has no exported member 'mock'.
%%TEMP/coco/packages/core/test/unit/PluginHost.test.ts(2,28): error TS5097: An import path can only end with a '.ts' extension when 'allowImportingTsExtensions' is enabled.
%%TEMP/coco/packages/core/test/unit/PollingTransport.test.ts(1,44): error TS2305: Module '"bun:test"' has no exported member 'mock'.
%%TEMP/coco/packages/core/test/unit/ProofService.test.ts(1,55): error TS2305: Module '"bun:test"' has no exported member 'mock'.
%%TEMP/coco/packages/core/test/unit/ProofService.test.ts(2,26): error TS5097: An import path can only end with a '.ts' extension when 'allowImportingTsExtensions' is enabled.
%%TEMP/coco/packages/core/test/unit/ProofService.test.ts(4,30): error TS5097: An import path can only end with a '.ts' extension when 'allowImportingTsExtensions' is enabled.
%%TEMP/coco/packages/core/test/unit/ProofService.test.ts(5,39): error TS5097: An import path can only end with a '.ts' extension when 'allowImportingTsExtensions' is enabled.
%%TEMP/coco/packages/core/test/unit/ProofService.test.ts(6,41): error TS5097: An import path can only end with a '.ts' extension when 'allowImportingTsExtensions' is enabled.
%%TEMP/coco/packages/core/test/unit/ProofService.test.ts(7,32): error TS5097: An import path can only end with a '.ts' extension when 'allowImportingTsExtensions' is enabled.
%%TEMP/coco/packages/core/test/unit/ProofService.test.ts(8,29): error TS5097: An import path can only end with a '.ts' extension when 'allowImportingTsExtensions' is enabled.
%%TEMP/coco/packages/core/test/unit/ProofService.test.ts(9,59): error TS5097: An import path can only end with a '.ts' extension when 'allowImportingTsExtensions' is enabled.
%%TEMP/coco/packages/core/test/unit/ProofStateWatcherService.test.ts(1,44): error TS2305: Module '"bun:test"' has no exported member 'mock'.
%%TEMP/coco/packages/core/test/unit/ProofStateWatcherService.test.ts(1,55): error TS2305: Module '"bun:test"' has no exported member 'Mock'.
%%TEMP/coco/packages/core/test/unit/ProofStateWatcherService.test.ts(2,26): error TS5097: An import path can only end with a '.ts' extension when 'allowImportingTsExtensions' is enabled.
%%TEMP/coco/packages/core/test/unit/ProofStateWatcherService.test.ts(4,42): error TS5097: An import path can only end with a '.ts' extension when 'allowImportingTsExtensions' is enabled.
%%TEMP/coco/packages/core/test/unit/ProofStateWatcherService.test.ts(10,28): error TS5097: An import path can only end with a '.ts' extension when 'allowImportingTsExtensions' is enabled.
%%TEMP/coco/packages/core/test/unit/QuotesApi.test.ts(1,32): error TS2305: Module '"bun:test"' has no exported member 'mock'.
%%TEMP/coco/packages/core/test/unit/QuotesApi.test.ts(2,27): error TS5097: An import path can only end with a '.ts' extension when 'allowImportingTsExtensions' is enabled.
%%TEMP/coco/packages/core/test/unit/RequestRateLimiter.test.ts(2,36): error TS5097: An import path can only end with a '.ts' extension when 'allowImportingTsExtensions' is enabled.
%%TEMP/coco/packages/core/test/unit/RequestRateLimiter.test.ts(3,69): error TS5097: An import path can only end with a '.ts' extension when 'allowImportingTsExtensions' is enabled.
%%TEMP/coco/packages/core/test/unit/RequestRateLimiter.test.ts(4,34): error TS2307: Cannot find module 'bun' or its corresponding type declarations.
%%TEMP/coco/packages/core/test/unit/SendOperationService.recovery.test.ts(1,44): error TS2305: Module '"bun:test"' has no exported member 'mock'.
%%TEMP/coco/packages/core/test/unit/SendOperationService.recovery.test.ts(1,55): error TS2305: Module '"bun:test"' has no exported member 'Mock'.
%%TEMP/coco/packages/core/test/unit/SubscriptionManager.test.ts(1,32): error TS2305: Module '"bun:test"' has no exported member 'mock'.
%%TEMP/coco/packages/core/test/unit/WalletApi.test.ts(1,44): error TS2305: Module '"bun:test"' has no exported member 'mock'.
%%TEMP/coco/packages/core/test/unit/WalletRestoreService.test.ts(1,44): error TS2305: Module '"bun:test"' has no exported member 'mock'.
%%TEMP/coco/packages/core/test/unit/WsConnectionManager.test.ts(1,32): error TS2305: Module '"bun:test"' has no exported member 'mock'.
%%TEMP/coco/packages/core/tsdown.config.ts(1,30): error TS2307: Cannot find module 'tsdown' or its corresponding type declarations.
%%TEMP/coco/packages/core/utils.ts(4,38): error TS5097: An import path can only end with a '.ts' extension when 'allowImportingTsExtensions' is enabled.
%%TEMP/coco/packages/expo-sqlite/index.ts(1,15): error TS5097: An import path can only end with a '.ts' extension when 'allowImportingTsExtensions' is enabled.
%%TEMP/coco/packages/expo-sqlite/src/index.ts(14,56): error TS5097: An import path can only end with a '.ts' extension when 'allowImportingTsExtensions' is enabled.
%%TEMP/coco/packages/expo-sqlite/src/index.ts(15,76): error TS5097: An import path can only end with a '.ts' extension when 'allowImportingTsExtensions' is enabled.
%%TEMP/coco/packages/expo-sqlite/src/index.ts(16,36): error TS5097: An import path can only end with a '.ts' extension when 'allowImportingTsExtensions' is enabled.
%%TEMP/coco/packages/expo-sqlite/src/index.ts(17,38): error TS5097: An import path can only end with a '.ts' extension when 'allowImportingTsExtensions' is enabled.
%%TEMP/coco/packages/expo-sqlite/src/index.ts(18,39): error TS5097: An import path can only end with a '.ts' extension when 'allowImportingTsExtensions' is enabled.
%%TEMP/coco/packages/expo-sqlite/src/index.ts(19,39): error TS5097: An import path can only end with a '.ts' extension when 'allowImportingTsExtensions' is enabled.
%%TEMP/coco/packages/expo-sqlite/src/index.ts(20,37): error TS5097: An import path can only end with a '.ts' extension when 'allowImportingTsExtensions' is enabled.
%%TEMP/coco/packages/expo-sqlite/src/index.ts(21,41): error TS5097: An import path can only end with a '.ts' extension when 'allowImportingTsExtensions' is enabled.
%%TEMP/coco/packages/expo-sqlite/src/index.ts(22,41): error TS5097: An import path can only end with a '.ts' extension when 'allowImportingTsExtensions' is enabled.
%%TEMP/coco/packages/expo-sqlite/src/index.ts(23,39): error TS5097: An import path can only end with a '.ts' extension when 'allowImportingTsExtensions' is enabled.
%%TEMP/coco/packages/expo-sqlite/src/index.ts(24,45): error TS5097: An import path can only end with a '.ts' extension when 'allowImportingTsExtensions' is enabled.
%%TEMP/coco/packages/expo-sqlite/src/index.ts(25,45): error TS5097: An import path can only end with a '.ts' extension when 'allowImportingTsExtensions' is enabled.
%%TEMP/coco/packages/expo-sqlite/src/repositories/CounterRepository.ts(2,30): error TS5097: An import path can only end with a '.ts' extension when 'allowImportingTsExtensions' is enabled.
%%TEMP/coco/packages/expo-sqlite/src/repositories/HistoryRepository.ts(8,30): error TS5097: An import path can only end with a '.ts' extension when 'allowImportingTsExtensions' is enabled.
%%TEMP/coco/packages/expo-sqlite/src/repositories/KeyRingRepository.ts(2,30): error TS5097: An import path can only end with a '.ts' extension when 'allowImportingTsExtensions' is enabled.
%%TEMP/coco/packages/expo-sqlite/src/repositories/KeyRingRepository.ts(3,40): error TS5097: An import path can only end with a '.ts' extension when 'allowImportingTsExtensions' is enabled.
%%TEMP/coco/packages/expo-sqlite/src/repositories/KeysetRepository.ts(2,50): error TS5097: An import path can only end with a '.ts' extension when 'allowImportingTsExtensions' is enabled.
%%TEMP/coco/packages/expo-sqlite/src/repositories/MeltOperationRepository.ts(2,50): error TS5097: An import path can only end with a '.ts' extension when 'allowImportingTsExtensions' is enabled.
%%TEMP/coco/packages/expo-sqlite/src/repositories/MeltQuoteRepository.ts(3,30): error TS5097: An import path can only end with a '.ts' extension when 'allowImportingTsExtensions' is enabled.
%%TEMP/coco/packages/expo-sqlite/src/repositories/MintQuoteRepository.ts(3,30): error TS5097: An import path can only end with a '.ts' extension when 'allowImportingTsExtensions' is enabled.
%%TEMP/coco/packages/expo-sqlite/src/repositories/MintRepository.ts(2,30): error TS5097: An import path can only end with a '.ts' extension when 'allowImportingTsExtensions' is enabled.
%%TEMP/coco/packages/expo-sqlite/src/repositories/ProofRepository.ts(2,50): error TS5097: An import path can only end with a '.ts' extension when 'allowImportingTsExtensions' is enabled.
%%TEMP/coco/packages/expo-sqlite/src/repositories/SendOperationRepository.ts(6,50): error TS5097: An import path can only end with a '.ts' extension when 'allowImportingTsExtensions' is enabled.
%%TEMP/coco/packages/expo-sqlite/src/schema.ts(1,50): error TS5097: An import path can only end with a '.ts' extension when 'allowImportingTsExtensions' is enabled.
%%TEMP/coco/packages/expo-sqlite/src/test/contract.test.ts(8,8): error TS2307: Cannot find module 'coco-cashu-adapter-tests' or its corresponding type declarations.
%%TEMP/coco/packages/expo-sqlite/src/test/contract.test.ts(9,56): error TS5097: An import path can only end with a '.ts' extension when 'allowImportingTsExtensions' is enabled.
%%TEMP/coco/packages/expo-sqlite/src/test/integration.test.ts(3,37): error TS2307: Cannot find module 'coco-cashu-adapter-tests' or its corresponding type declarations.
%%TEMP/coco/packages/expo-sqlite/src/test/integration.test.ts(4,40): error TS5097: An import path can only end with a '.ts' extension when 'allowImportingTsExtensions' is enabled.
%%TEMP/coco/packages/expo-sqlite/tsdown.config.ts(1,30): error TS2307: Cannot find module 'tsdown' or its corresponding type declarations.
%%TEMP/coco/packages/indexeddb/index.ts(1,15): error TS5097: An import path can only end with a '.ts' extension when 'allowImportingTsExtensions' is enabled.
%%TEMP/coco/packages/indexeddb/src/index.ts(14,42): error TS5097: An import path can only end with a '.ts' extension when 'allowImportingTsExtensions' is enabled.
%%TEMP/coco/packages/indexeddb/src/index.ts(15,30): error TS5097: An import path can only end with a '.ts' extension when 'allowImportingTsExtensions' is enabled.
%%TEMP/coco/packages/indexeddb/src/index.ts(16,35): error TS5097: An import path can only end with a '.ts' extension when 'allowImportingTsExtensions' is enabled.
%%TEMP/coco/packages/indexeddb/src/index.ts(17,37): error TS5097: An import path can only end with a '.ts' extension when 'allowImportingTsExtensions' is enabled.
%%TEMP/coco/packages/indexeddb/src/index.ts(18,38): error TS5097: An import path can only end with a '.ts' extension when 'allowImportingTsExtensions' is enabled.
%%TEMP/coco/packages/indexeddb/src/index.ts(19,38): error TS5097: An import path can only end with a '.ts' extension when 'allowImportingTsExtensions' is enabled.
%%TEMP/coco/packages/indexeddb/src/index.ts(20,36): error TS5097: An import path can only end with a '.ts' extension when 'allowImportingTsExtensions' is enabled.
%%TEMP/coco/packages/indexeddb/src/index.ts(21,40): error TS5097: An import path can only end with a '.ts' extension when 'allowImportingTsExtensions' is enabled.
%%TEMP/coco/packages/indexeddb/src/index.ts(22,40): error TS5097: An import path can only end with a '.ts' extension when 'allowImportingTsExtensions' is enabled.
%%TEMP/coco/packages/indexeddb/src/index.ts(23,38): error TS5097: An import path can only end with a '.ts' extension when 'allowImportingTsExtensions' is enabled.
%%TEMP/coco/packages/indexeddb/src/index.ts(24,44): error TS5097: An import path can only end with a '.ts' extension when 'allowImportingTsExtensions' is enabled.
%%TEMP/coco/packages/indexeddb/src/index.ts(25,44): error TS5097: An import path can only end with a '.ts' extension when 'allowImportingTsExtensions' is enabled.
%%TEMP/coco/packages/indexeddb/src/index.ts(59,17): error TS2339: Property 'isOpen' does not exist on type 'IdbDb'.
%%TEMP/coco/packages/indexeddb/src/index.ts(68,28): error TS2339: Property 'tables' does not exist on type 'IdbDb'.
%%TEMP/coco/packages/indexeddb/src/lib/db.ts(1,61): error TS2307: Cannot find module 'dexie' or its corresponding type declarations.
%%TEMP/coco/packages/indexeddb/src/lib/db.ts(81,25): error TS2551: Property 'transaction' does not exist on type 'IdbDb'. Did you mean 'runTransaction'?
%%TEMP/coco/packages/indexeddb/src/lib/schema.ts(6,6): error TS2339: Property 'version' does not exist on type 'IdbDb'.
%%TEMP/coco/packages/indexeddb/src/lib/schema.ts(17,6): error TS2339: Property 'version' does not exist on type 'IdbDb'.
%%TEMP/coco/packages/indexeddb/src/lib/schema.ts(37,6): error TS2339: Property 'version' does not exist on type 'IdbDb'.
%%TEMP/coco/packages/indexeddb/src/lib/schema.ts(48,6): error TS2339: Property 'version' does not exist on type 'IdbDb'.
%%TEMP/coco/packages/indexeddb/src/lib/schema.ts(60,6): error TS2339: Property 'version' does not exist on type 'IdbDb'.
%%TEMP/coco/packages/indexeddb/src/lib/schema.ts(175,6): error TS2339: Property 'version' does not exist on type 'IdbDb'.
%%TEMP/coco/packages/indexeddb/src/lib/schema.ts(189,6): error TS2339: Property 'version' does not exist on type 'IdbDb'.
%%TEMP/coco/packages/indexeddb/src/lib/schema.ts(204,6): error TS2339: Property 'version' does not exist on type 'IdbDb'.
%%TEMP/coco/packages/indexeddb/src/lib/schema.ts(236,6): error TS2339: Property 'version' does not exist on type 'IdbDb'.
%%TEMP/coco/packages/indexeddb/src/repositories/HistoryRepository.ts(1,28): error TS2307: Cannot find module 'dexie' or its corresponding type declarations.
%%TEMP/coco/packages/indexeddb/src/repositories/HistoryRepository.ts(36,26): error TS2339: Property 'table' does not exist on type 'IdbDb'.
%%TEMP/coco/packages/indexeddb/src/repositories/KeyRingRepository.ts(3,40): error TS5097: An import path can only end with a '.ts' extension when 'allowImportingTsExtensions' is enabled.
%%TEMP/coco/packages/indexeddb/src/repositories/KeyRingRepository.ts(20,27): error TS2339: Property 'table' does not exist on type 'IdbDb'.
%%TEMP/coco/packages/indexeddb/src/repositories/KeyRingRepository.ts(36,27): error TS2339: Property 'table' does not exist on type 'IdbDb'.
%%TEMP/coco/packages/indexeddb/src/repositories/KeyRingRepository.ts(57,27): error TS2339: Property 'table' does not exist on type 'IdbDb'.
%%TEMP/coco/packages/indexeddb/src/repositories/KeyRingRepository.ts(62,27): error TS2339: Property 'table' does not exist on type 'IdbDb'.
%%TEMP/coco/packages/indexeddb/src/repositories/KeyRingRepository.ts(73,27): error TS2339: Property 'table' does not exist on type 'IdbDb'.
%%TEMP/coco/packages/indexeddb/src/repositories/KeyRingRepository.ts(86,27): error TS2339: Property 'table' does not exist on type 'IdbDb'.
%%TEMP/coco/packages/indexeddb/src/repositories/MeltOperationRepository.ts(3,36): error TS5097: An import path can only end with a '.ts' extension when 'allowImportingTsExtensions' is enabled.
%%TEMP/coco/packages/indexeddb/src/repositories/SendOperationRepository.ts(7,36): error TS5097: An import path can only end with a '.ts' extension when 'allowImportingTsExtensions' is enabled.
%%TEMP/coco/packages/indexeddb/src/test/integration.test.ts(1,61): error TS2307: Cannot find module 'vitest' or its corresponding type declarations.
%%TEMP/coco/packages/indexeddb/src/test/integration.test.ts(2,37): error TS2307: Cannot find module 'coco-cashu-adapter-tests' or its corresponding type declarations.
%%TEMP/coco/packages/indexeddb/src/test/integration.test.ts(3,39): error TS5097: An import path can only end with a '.ts' extension when 'allowImportingTsExtensions' is enabled.
%%TEMP/coco/packages/indexeddb/tsdown.config.ts(1,30): error TS2307: Cannot find module 'tsdown' or its corresponding type declarations.
%%TEMP/coco/packages/indexeddb/vitest.config.ts(1,30): error TS2307: Cannot find module 'vitest/config' or its corresponding type declarations.
%%TEMP/coco/packages/react/src/App.tsx(2,23): error TS2307: Cannot find module './assets/react.svg' or its corresponding type declarations.
%%TEMP/coco/packages/react/src/App.tsx(3,22): error TS2307: Cannot find module '/vite.svg' or its corresponding type declarations.
%%TEMP/coco/packages/react/src/lib/contexts/index.ts(1,15): error TS5097: An import path can only end with a '.ts' extension when 'allowImportingTsExtensions' is enabled.
%%TEMP/coco/packages/react/src/lib/contexts/index.ts(2,15): error TS5097: An import path can only end with a '.ts' extension when 'allowImportingTsExtensions' is enabled.
%%TEMP/coco/packages/react/src/lib/contexts/index.ts(3,15): error TS5097: An import path can only end with a '.ts' extension when 'allowImportingTsExtensions' is enabled.
%%TEMP/coco/packages/react/src/lib/providers/index.ts(1,15): error TS5097: An import path can only end with a '.tsx' extension when 'allowImportingTsExtensions' is enabled.
%%TEMP/coco/packages/react/src/lib/providers/index.ts(2,15): error TS5097: An import path can only end with a '.tsx' extension when 'allowImportingTsExtensions' is enabled.
%%TEMP/coco/packages/react/src/lib/providers/index.ts(3,15): error TS5097: An import path can only end with a '.tsx' extension when 'allowImportingTsExtensions' is enabled.
%%TEMP/coco/packages/react/src/lib/providers/index.ts(4,15): error TS5097: An import path can only end with a '.tsx' extension when 'allowImportingTsExtensions' is enabled.
%%TEMP/coco/packages/react/src/main.tsx(4,17): error TS5097: An import path can only end with a '.tsx' extension when 'allowImportingTsExtensions' is enabled.
%%TEMP/coco/packages/react/vite.config.ts(1,30): error TS2307: Cannot find module 'vite' or its corresponding type declarations.
%%TEMP/coco/packages/react/vite.config.ts(2,19): error TS2307: Cannot find module '@vitejs/plugin-react' or its corresponding type declarations.
%%TEMP/coco/packages/react/vite.config.ts(3,17): error TS2307: Cannot find module 'vite-plugin-dts' or its corresponding type declarations.
%%TEMP/coco/packages/sqlite3/index.ts(1,15): error TS5097: An import path can only end with a '.ts' extension when 'allowImportingTsExtensions' is enabled.
%%TEMP/coco/packages/sqlite3/src/index.ts(14,48): error TS5097: An import path can only end with a '.ts' extension when 'allowImportingTsExtensions' is enabled.
%%TEMP/coco/packages/sqlite3/src/index.ts(15,76): error TS5097: An import path can only end with a '.ts' extension when 'allowImportingTsExtensions' is enabled.
%%TEMP/coco/packages/sqlite3/src/index.ts(16,38): error TS5097: An import path can only end with a '.ts' extension when 'allowImportingTsExtensions' is enabled.
%%TEMP/coco/packages/sqlite3/src/index.ts(17,40): error TS5097: An import path can only end with a '.ts' extension when 'allowImportingTsExtensions' is enabled.
%%TEMP/coco/packages/sqlite3/src/index.ts(18,41): error TS5097: An import path can only end with a '.ts' extension when 'allowImportingTsExtensions' is enabled.
%%TEMP/coco/packages/sqlite3/src/index.ts(19,41): error TS5097: An import path can only end with a '.ts' extension when 'allowImportingTsExtensions' is enabled.
%%TEMP/coco/packages/sqlite3/src/index.ts(20,39): error TS5097: An import path can only end with a '.ts' extension when 'allowImportingTsExtensions' is enabled.
%%TEMP/coco/packages/sqlite3/src/index.ts(21,43): error TS5097: An import path can only end with a '.ts' extension when 'allowImportingTsExtensions' is enabled.
%%TEMP/coco/packages/sqlite3/src/index.ts(22,43): error TS5097: An import path can only end with a '.ts' extension when 'allowImportingTsExtensions' is enabled.
%%TEMP/coco/packages/sqlite3/src/index.ts(23,41): error TS5097: An import path can only end with a '.ts' extension when 'allowImportingTsExtensions' is enabled.
%%TEMP/coco/packages/sqlite3/src/index.ts(24,47): error TS5097: An import path can only end with a '.ts' extension when 'allowImportingTsExtensions' is enabled.
%%TEMP/coco/packages/sqlite3/src/index.ts(25,47): error TS5097: An import path can only end with a '.ts' extension when 'allowImportingTsExtensions' is enabled.
%%TEMP/coco/packages/sqlite3/src/repositories/CounterRepository.ts(2,26): error TS5097: An import path can only end with a '.ts' extension when 'allowImportingTsExtensions' is enabled.
%%TEMP/coco/packages/sqlite3/src/repositories/HistoryRepository.ts(10,26): error TS5097: An import path can only end with a '.ts' extension when 'allowImportingTsExtensions' is enabled.
%%TEMP/coco/packages/sqlite3/src/repositories/KeyRingRepository.ts(2,26): error TS5097: An import path can only end with a '.ts' extension when 'allowImportingTsExtensions' is enabled.
%%TEMP/coco/packages/sqlite3/src/repositories/KeyRingRepository.ts(3,40): error TS5097: An import path can only end with a '.ts' extension when 'allowImportingTsExtensions' is enabled.
%%TEMP/coco/packages/sqlite3/src/repositories/KeysetRepository.ts(2,46): error TS5097: An import path can only end with a '.ts' extension when 'allowImportingTsExtensions' is enabled.
%%TEMP/coco/packages/sqlite3/src/repositories/MeltOperationRepository.ts(2,46): error TS5097: An import path can only end with a '.ts' extension when 'allowImportingTsExtensions' is enabled.
%%TEMP/coco/packages/sqlite3/src/repositories/MeltQuoteRepository.ts(3,26): error TS5097: An import path can only end with a '.ts' extension when 'allowImportingTsExtensions' is enabled.
%%TEMP/coco/packages/sqlite3/src/repositories/MintQuoteRepository.ts(3,26): error TS5097: An import path can only end with a '.ts' extension when 'allowImportingTsExtensions' is enabled.
%%TEMP/coco/packages/sqlite3/src/repositories/MintRepository.ts(2,26): error TS5097: An import path can only end with a '.ts' extension when 'allowImportingTsExtensions' is enabled.
%%TEMP/coco/packages/sqlite3/src/repositories/ProofRepository.ts(2,46): error TS5097: An import path can only end with a '.ts' extension when 'allowImportingTsExtensions' is enabled.
%%TEMP/coco/packages/sqlite3/src/repositories/SendOperationRepository.ts(6,46): error TS5097: An import path can only end with a '.ts' extension when 'allowImportingTsExtensions' is enabled.
%%TEMP/coco/packages/sqlite3/src/schema.ts(1,46): error TS5097: An import path can only end with a '.ts' extension when 'allowImportingTsExtensions' is enabled.
%%TEMP/coco/packages/sqlite3/src/test/contract.test.ts(2,21): error TS2307: Cannot find module 'sqlite3' or its corresponding type declarations.
%%TEMP/coco/packages/sqlite3/src/test/contract.test.ts(8,8): error TS2307: Cannot find module 'coco-cashu-adapter-tests' or its corresponding type declarations.
%%TEMP/coco/packages/sqlite3/src/test/contract.test.ts(9,52): error TS5097: An import path can only end with a '.ts' extension when 'allowImportingTsExtensions' is enabled.
%%TEMP/coco/packages/sqlite3/src/test/integration.test.ts(2,21): error TS2307: Cannot find module 'sqlite3' or its corresponding type declarations.
%%TEMP/coco/packages/sqlite3/src/test/integration.test.ts(3,37): error TS2307: Cannot find module 'coco-cashu-adapter-tests' or its corresponding type declarations.
%%TEMP/coco/packages/sqlite3/src/test/integration.test.ts(4,36): error TS5097: An import path can only end with a '.ts' extension when 'allowImportingTsExtensions' is enabled.
%%TEMP/coco/packages/sqlite3/tsdown.config.ts(1,30): error TS2307: Cannot find module 'tsdown' or its corresponding type declarations.
src/app/(modals)/add-mint.tsx(24,20): error TS2339: Property 'Screen' does not exist on type 'RNTamaguiView'.
src/app/(modals)/scanner.tsx(41,68): error TS2322: Type '{ children: string; color: "white"; fontSize: "$6"; fontWeight: "700"; ta: string; }' is not assignable to type 'IntrinsicAttributes & Omit<RNTamaguiTextNonStyleProps, "unstyled" | keyof TextStylePropsBase> & ... 5 more ... & RefAttributes<...>'.
  Property 'ta' does not exist on type 'IntrinsicAttributes & Omit<RNTamaguiTextNonStyleProps, "unstyled" | keyof TextStylePropsBase> & ... 5 more ... & RefAttributes<...>'.
src/app/(modals)/scanner.tsx(44,39): error TS2322: Type '{ children: string; color: "$gray10"; ta: string; }' is not assignable to type 'IntrinsicAttributes & Omit<RNTamaguiTextNonStyleProps, "unstyled" | keyof TextStylePropsBase> & ... 5 more ... & RefAttributes<...>'.
  Property 'ta' does not exist on type 'IntrinsicAttributes & Omit<RNTamaguiTextNonStyleProps, "unstyled" | keyof TextStylePropsBase> & ... 5 more ... & RefAttributes<...>'.
src/app/(modals)/scanner.tsx(81,36): error TS2358: The left-hand side of an 'instanceof' expression must be of type 'any', an object type or a type parameter.
src/app/(modals)/scanner.tsx(168,74): error TS2322: Type '{ children: string; color: "white"; mt: "$4"; fontWeight: "600"; ta: string; style: { textShadowColor: string; textShadowRadius: number; }; }' is not assignable to type 'IntrinsicAttributes & Omit<RNTamaguiTextNonStyleProps, "unstyled" | keyof TextStylePropsBase> & ... 5 more ... & RefAttributes<...>'.
  Property 'ta' does not exist on type 'IntrinsicAttributes & Omit<RNTamaguiTextNonStyleProps, "unstyled" | keyof TextStylePropsBase> & ... 5 more ... & RefAttributes<...>'.
src/components/BiometricUnlock.tsx(68,49): error TS2322: Type '{ children: string; fontSize: "$2"; color: "$gray10"; ta: string; }' is not assignable to type 'IntrinsicAttributes & Omit<RNTamaguiTextNonStyleProps, "unstyled" | keyof TextStylePropsBase> & ... 5 more ... & RefAttributes<...>'.
  Property 'ta' does not exist on type 'IntrinsicAttributes & Omit<RNTamaguiTextNonStyleProps, "unstyled" | keyof TextStylePropsBase> & ... 5 more ... & RefAttributes<...>'.
src/components/icons/GhostIcon.tsx(1,32): error TS2307: Cannot find module '@/components/Providers/theme-provider' or its corresponding type declarations.
src/components/LockOverlay.tsx(59,13): error TS2322: Type '{ children: Element[]; position: "absolute"; top: number; left: number; right: number; bottom: number; style: RegisteredStyle<AbsoluteFillStyle>; ... 4 more ...; justify: "space-between"; }' is not assignable to type 'IntrinsicAttributes & Omit<RNTamaguiViewNonStyleProps, "elevation" | keyof StackStyleBase | "fullscreen"> & ... 5 more ... & RefAttributes<...>'.
  Property 'top' does not exist on type 'IntrinsicAttributes & Omit<RNTamaguiViewNonStyleProps, "elevation" | keyof StackStyleBase | "fullscreen"> & ... 5 more ... & RefAttributes<...>'.
src/components/UI/Spinner.tsx(53,41): error TS2322: Type 'string' is not assignable to type 'GetThemeValueForKey<"color"> | undefined'.
src/polyfills.ts(45,39): error TS2345: Argument of type 'TypedArray' is not assignable to parameter of type 'IntBasedTypedArray | UintBasedTypedArray'.
  Type 'Float32Array<ArrayBufferLike>' is not assignable to type 'IntBasedTypedArray | UintBasedTypedArray'.
    Type 'Float32Array<ArrayBufferLike>' is not assignable to type 'Uint32Array<ArrayBufferLike>'.
      The types of 'filter(...).findLast' are incompatible between these types.
        Type '{ <S extends number>(predicate: (value: number, index: number, array: Float32Array<ArrayBuffer>) => value is S, thisArg?: any): S | undefined; (predicate: (value: number, index: number, array: Float32Array<...>) => unknown, thisArg?: any): number | undefined; }' is not assignable to type '{ <S extends number>(predicate: (value: number, index: number, array: Uint32Array<ArrayBuffer>) => value is S, thisArg?: any): S | undefined; (predicate: (value: number, index: number, array: Uint32Array<...>) => unknown, thisArg?: any): number | undefined; }'.
          Types of parameters 'predicate' and 'predicate' are incompatible.
            Type '(value: number, index: number, array: Uint32Array<ArrayBuffer>) => unknown' is not assignable to type '(value: number, index: number, array: Float32Array<ArrayBuffer>) => value is any'.
              Signature '(value: number, index: number, array: Uint32Array<ArrayBuffer>): unknown' must be a type predicate.
src/screens/HomeTabScreen/components/MintDiscovery.tsx(80,41): error TS2554: Expected 0 arguments, but got 1.
src/screens/HomeTabScreen/components/MintModal.tsx(1,25): error TS2305: Module '"tamagui"' has no exported member 'Modal'.
src/screens/HomeTabScreen/components/MintModal.tsx(93,47): error TS2322: Type '"outline"' is not assignable to type '"outlined"'.
src/screens/HomeTabScreen/components/MintModal.tsx(106,33): error TS2322: Type '"outline"' is not assignable to type '"outlined"'.
src/screens/HomeTabScreen/components/WalletDebugInfo.tsx(96,72): error TS2322: Type '{ children: string; fontSize: "$2"; fontFamily: "$body"; textAlign: string; }' is not assignable to type 'IntrinsicAttributes & Omit<RNTamaguiTextNonStyleProps, "unstyled" | keyof TextStylePropsBase> & ... 5 more ... & RefAttributes<...>'.
  Property 'textAlign' does not exist on type 'IntrinsicAttributes & Omit<RNTamaguiTextNonStyleProps, "unstyled" | keyof TextStylePropsBase> & ... 5 more ... & RefAttributes<...>'.
src/screens/HomeTabScreen/components/WalletDebugInfo.tsx(114,27): error TS2322: Type '{ children: string; textAlign: string; color: "$gray11"; }' is not assignable to type 'IntrinsicAttributes & Omit<RNTamaguiTextNonStyleProps, "unstyled" | keyof TextStylePropsBase> & ... 5 more ... & RefAttributes<...>'.
  Property 'textAlign' does not exist on type 'IntrinsicAttributes & Omit<RNTamaguiTextNonStyleProps, "unstyled" | keyof TextStylePropsBase> & ... 5 more ... & RefAttributes<...>'.
src/screens/MeltScreen/InvoiceStage.tsx(58,53): error TS2322: Type '{ children: string; color: "$gray10"; fontSize: "$3"; textAlign: string; px: "$4"; }' is not assignable to type 'IntrinsicAttributes & Omit<RNTamaguiTextNonStyleProps, "unstyled" | keyof TextStylePropsBase> & ... 5 more ... & RefAttributes<...>'.
  Property 'textAlign' does not exist on type 'IntrinsicAttributes & Omit<RNTamaguiTextNonStyleProps, "unstyled" | keyof TextStylePropsBase> & ... 5 more ... & RefAttributes<...>'.
src/screens/MeltScreen/ResultStage.tsx(33,61): error TS2322: Type '{ children: string; color: "$gray10"; fontSize: "$4"; textAlign: string; }' is not assignable to type 'IntrinsicAttributes & Omit<RNTamaguiTextNonStyleProps, "unstyled" | keyof TextStylePropsBase> & ... 5 more ... & RefAttributes<...>'.
  Property 'textAlign' does not exist on type 'IntrinsicAttributes & Omit<RNTamaguiTextNonStyleProps, "unstyled" | keyof TextStylePropsBase> & ... 5 more ... & RefAttributes<...>'.
src/screens/MeltScreen/ResultStage.tsx(78,61): error TS2322: Type '{ children: string; color: "$gray10"; fontSize: "$4"; textAlign: string; px: "$4"; }' is not assignable to type 'IntrinsicAttributes & Omit<RNTamaguiTextNonStyleProps, "unstyled" | keyof TextStylePropsBase> & ... 5 more ... & RefAttributes<...>'.
  Property 'textAlign' does not exist on type 'IntrinsicAttributes & Omit<RNTamaguiTextNonStyleProps, "unstyled" | keyof TextStylePropsBase> & ... 5 more ... & RefAttributes<...>'.
src/screens/MintProfileScreen/index.tsx(36,41): error TS2554: Expected 0 arguments, but got 1.
src/screens/MintProfileScreen/index.tsx(39,41): error TS2554: Expected 0 arguments, but got 1.
src/screens/MintScreen/ConfirmStage.tsx(40,66): error TS2322: Type '{ children: string; fontWeight: "600"; numberOfLines: number; maxWidth: number; }' is not assignable to type 'IntrinsicAttributes & Omit<RNTamaguiTextNonStyleProps, "unstyled" | keyof TextStylePropsBase> & ... 5 more ... & RefAttributes<...>'.
  Property 'maxWidth' does not exist on type 'IntrinsicAttributes & Omit<RNTamaguiTextNonStyleProps, "unstyled" | keyof TextStylePropsBase> & ... 5 more ... & RefAttributes<...>'.
src/screens/OnboardingScreen/CreatingStep.tsx(74,58): error TS2322: Type '{ children: Element[]; gap: "$8"; items: "center"; width: "100%"; maxWidth: number; }' is not assignable to type 'IntrinsicAttributes & Omit<RNTamaguiViewNonStyleProps, "elevation" | keyof StackStyleBase | "fullscreen"> & ... 5 more ... & RefAttributes<...>'.
  Property 'maxWidth' does not exist on type 'IntrinsicAttributes & Omit<RNTamaguiViewNonStyleProps, "elevation" | keyof StackStyleBase | "fullscreen"> & ... 5 more ... & RefAttributes<...>'.
src/screens/OnboardingScreen/CreatingStep.tsx(125,37): error TS2322: Type '{ width: number; height: number; bg: "$gray5" | "$green9"; marginLeft: number; }' is not assignable to type 'IntrinsicAttributes & Omit<RNTamaguiViewNonStyleProps, keyof StackStyleBase> & WithThemeValues<Omit<StackStyleBase, Longhands>> & WithShorthands<...> & WithPseudoProps<...> & WithMediaProps<...> & RefAttributes<...>'.
  Property 'marginLeft' does not exist on type 'IntrinsicAttributes & Omit<RNTamaguiViewNonStyleProps, keyof StackStyleBase> & WithThemeValues<Omit<StackStyleBase, Longhands>> & WithShorthands<...> & WithPseudoProps<...> & WithMediaProps<...> & RefAttributes<...>'.
src/screens/OnboardingScreen/SeedStep.tsx(84,37): error TS2322: Type '{ children: Element[]; key: number; bg: "$background"; borderWidth: number; borderColor: "$borderColor"; rounded: "$3"; px: "$3"; py: "$2"; gap: "$2"; items: "center"; minWidth: number; }' is not assignable to type 'IntrinsicAttributes & Omit<RNTamaguiViewNonStyleProps, "elevation" | keyof StackStyleBase | "fullscreen"> & ... 5 more ... & RefAttributes<...>'.
  Property 'minWidth' does not exist on type 'IntrinsicAttributes & Omit<RNTamaguiViewNonStyleProps, "elevation" | keyof StackStyleBase | "fullscreen"> & ... 5 more ... & RefAttributes<...>'.
src/screens/ReceiveModalScreen/ConfirmStage.tsx(71,50): error TS2353: Object literal may only specify known properties, and 'paddingBottom' does not exist in type 'Partial<InferStyleProps<typeof ScrollView, { accept: { readonly contentContainerStyle: "style"; }; }>>'.
src/screens/ReceiveModalScreen/ConfirmStage.tsx(177,41): error TS2322: Type '{ children: Element[]; position: "absolute"; bottom: string; left: string; right: string; gap: "$2"; }' is not assignable to type 'IntrinsicAttributes & Omit<RNTamaguiViewNonStyleProps, "elevation" | keyof StackStyleBase | "fullscreen"> & ... 5 more ... & RefAttributes<...>'.
  Property 'bottom' does not exist on type 'IntrinsicAttributes & Omit<RNTamaguiViewNonStyleProps, "elevation" | keyof StackStyleBase | "fullscreen"> & ... 5 more ... & RefAttributes<...>'.
src/screens/ReceiveModalScreen/InputStage.tsx(42,50): error TS2353: Object literal may only specify known properties, and 'paddingBottom' does not exist in type 'Partial<InferStyleProps<typeof ScrollView, { accept: { readonly contentContainerStyle: "style"; }; }>>'.
src/screens/ReceiveModalScreen/InputStage.tsx(45,61): error TS2322: Type '{ children: Element[]; bg: "$gray2"; rounded: "$4"; p: "$4"; minHeight: number; }' is not assignable to type 'IntrinsicAttributes & Omit<RNTamaguiViewNonStyleProps, "elevation" | keyof StackStyleBase | "fullscreen"> & ... 5 more ... & RefAttributes<...>'.
  Property 'minHeight' does not exist on type 'IntrinsicAttributes & Omit<RNTamaguiViewNonStyleProps, "elevation" | keyof StackStyleBase | "fullscreen"> & ... 5 more ... & RefAttributes<...>'. Did you mean 'height'?
src/screens/ReceiveModalScreen/InputStage.tsx(125,51): error TS2322: Type '{ children: Element; position: "absolute"; px: "$4"; bottom: string; left: string; right: string; }' is not assignable to type 'IntrinsicAttributes & Omit<RNTamaguiViewNonStyleProps, keyof StackStyleBase> & WithThemeValues<Omit<StackStyleBase, Longhands>> & WithShorthands<...> & WithPseudoProps<...> & WithMediaProps<...> & RefAttributes<...>'.
  Property 'bottom' does not exist on type 'IntrinsicAttributes & Omit<RNTamaguiViewNonStyleProps, keyof StackStyleBase> & WithThemeValues<Omit<StackStyleBase, Longhands>> & WithShorthands<...> & WithPseudoProps<...> & WithMediaProps<...> & RefAttributes<...>'.
src/screens/ReceiveModalScreen/InputStage.tsx(127,25): error TS2322: Type '"active"' is not assignable to type 'ThemeName | null | undefined'.
src/screens/SettingsScreen/index.tsx(131,84): error TS2304: Cannot find name 'Separator'.
src/screens/SettingsScreen/index.tsx(151,84): error TS2304: Cannot find name 'Separator'.
src/screens/SettingsScreen/index.tsx(184,84): error TS2304: Cannot find name 'Separator'.
src/screens/SettingsScreen/index.tsx(213,84): error TS2304: Cannot find name 'Separator'.
src/screens/SettingsScreen/index.tsx(229,83): error TS2304: Cannot find name 'Separator'.
src/screens/SwapScreen/index.tsx(64,41): error TS2345: Argument of type '{ token: string; id: string; }' is not assignable to parameter of type 'string'.
src/services/core/eventService.ts(26,15): error TS2459: Module '"coco-cashu-core"' declares 'CoreEvents' locally, but it is not exported.
src/services/core/eventService.ts(44,44): error TS2345: Argument of type 'string | number | symbol' is not assignable to parameter of type 'keyof CoreEvents'.
  Type 'string' is not assignable to type 'keyof CoreEvents'.
src/services/core/eventService.ts(51,38): error TS2345: Argument of type 'string | number | symbol' is not assignable to parameter of type 'keyof CoreEvents'.
  Type 'string' is not assignable to type 'keyof CoreEvents'.
src/services/core/eventService.ts(59,46): error TS2345: Argument of type 'string | number | symbol' is not assignable to parameter of type 'keyof CoreEvents'.
  Type 'string' is not assignable to type 'keyof CoreEvents'.
src/services/core/initService.ts(151,45): error TS2345: Argument of type 'Buffer' is not assignable to parameter of type 'Uint8Array<ArrayBufferLike>'.
  The types of 'slice(...).buffer' are incompatible between these types.
    Type 'ArrayBufferLike' is not assignable to type 'ArrayBuffer'.
      Type 'SharedArrayBuffer' is missing the following properties from type 'ArrayBuffer': resizable, resize, detached, transfer, transferToFixedLength
src/services/core/plugins/HistoryWatcherPlugin.ts(1,37): error TS2459: Module '"coco-cashu-core"' declares 'Token' locally, but it is not exported.
src/services/core/types.ts(8,5): error TS2459: Module '"coco-cashu-core"' declares 'CoreEvents' locally, but it is not exported.
src/services/fixes/CustomSendService.ts(29,58): error TS2339: Property 'getProofsByMint' does not exist on type 'ProofRepository'.
src/services/fixes/CustomSendService.ts(83,17): error TS2339: Property 'returnChange' does not exist on type 'SendResponse'.
src/services/fixes/CustomSendService.ts(87,31): error TS2554: Expected 2 arguments, but got 1.
src/services/mintService.ts(15,28): error TS2339: Property 'getMints' does not exist on type '{ addMint: (mintUrl: string, options?: { trusted?: boolean | undefined; } | undefined) => Promise<void>; trustMint: (mintUrl: string) => Promise<void>; untrustMint: (mintUrl: string) => Promise<...>; ... 10 more ...; estimateFee: (mintUrl: string, numInputs: number) => Promise<...>; }'.
src/services/mintService.ts(39,37): error TS2554: Expected 2 arguments, but got 1.
src/services/seedService.ts(48,28): error TS2769: No overload matches this call.
  The last overload gave the following error.
    Argument of type 'Buffer' is not assignable to parameter of type 'WithImplicitCoercion<string> | { [Symbol.toPrimitive](hint: "string"): string; }'.
      Type 'Buffer' is not assignable to type '{ valueOf(): string; }'.
        The types returned by 'valueOf()' are incompatible between these types.
          Type 'Buffer' is not assignable to type 'string'.
src/store/test/repositories/HistoryRepository.ts(143,33): error TS2339: Property 'state' does not exist on type 'Omit<ReceiveHistoryEntry, "id">'.
